Component: ARM Compiler 5.06 update 5 (build 528) Tool: armlink [4d35e2]

==============================================================================

Section Cross References

    startup_stm32f103xe.o(STACK) refers (Special) to heapauxi.o(.text) for __use_two_region_memory
    startup_stm32f103xe.o(HEAP) refers (Special) to heapauxi.o(.text) for __use_two_region_memory
    startup_stm32f103xe.o(RESET) refers (Special) to heapauxi.o(.text) for __use_two_region_memory
    startup_stm32f103xe.o(RESET) refers to startup_stm32f103xe.o(STACK) for __initial_sp
    startup_stm32f103xe.o(RESET) refers to startup_stm32f103xe.o(.text) for Reset_Handler
    startup_stm32f103xe.o(RESET) refers to stm32f1xx_it.o(i.NMI_Handler) for NMI_Handler
    startup_stm32f103xe.o(RESET) refers to stm32f1xx_it.o(i.HardFault_Handler) for HardFault_Handler
    startup_stm32f103xe.o(RESET) refers to stm32f1xx_it.o(i.MemManage_Handler) for MemManage_Handler
    startup_stm32f103xe.o(RESET) refers to stm32f1xx_it.o(i.BusFault_Handler) for BusFault_Handler
    startup_stm32f103xe.o(RESET) refers to stm32f1xx_it.o(i.UsageFault_Handler) for UsageFault_Handler
    startup_stm32f103xe.o(RESET) refers to port.o(.emb_text) for SVC_Handler
    startup_stm32f103xe.o(RESET) refers to stm32f1xx_it.o(i.DebugMon_Handler) for DebugMon_Handler
    startup_stm32f103xe.o(RESET) refers to port.o(i.SysTick_Handler) for SysTick_Handler
    startup_stm32f103xe.o(RESET) refers to stm32f1xx_it.o(i.RTC_IRQHandler) for RTC_IRQHandler
    startup_stm32f103xe.o(RESET) refers to stm32f1xx_it.o(i.DMA1_Channel1_IRQHandler) for DMA1_Channel1_IRQHandler
    startup_stm32f103xe.o(RESET) refers to stm32f1xx_it.o(i.TIM3_IRQHandler) for TIM3_IRQHandler
    startup_stm32f103xe.o(RESET) refers to stm32f1xx_it.o(i.TIM4_IRQHandler) for TIM4_IRQHandler
    startup_stm32f103xe.o(RESET) refers to stm32f1xx_it.o(i.USART1_IRQHandler) for USART1_IRQHandler
    startup_stm32f103xe.o(RESET) refers to stm32f1xx_it.o(i.USART2_IRQHandler) for USART2_IRQHandler
    startup_stm32f103xe.o(RESET) refers to stm32f1xx_it.o(i.USART3_IRQHandler) for USART3_IRQHandler
    startup_stm32f103xe.o(RESET) refers to stm32f1xx_it.o(i.UART5_IRQHandler) for UART5_IRQHandler
    startup_stm32f103xe.o(.text) refers (Special) to heapauxi.o(.text) for __use_two_region_memory
    startup_stm32f103xe.o(.text) refers to system_stm32f1xx.o(i.SystemInit) for SystemInit
    startup_stm32f103xe.o(.text) refers to __main.o(!!!main) for __main
    startup_stm32f103xe.o(.text) refers to startup_stm32f103xe.o(HEAP) for Heap_Mem
    startup_stm32f103xe.o(.text) refers to startup_stm32f103xe.o(STACK) for Stack_Mem
    oled.o(i.OLED_Clear) refers to oled.o(i.OLED_WR_CMD) for OLED_WR_CMD
    oled.o(i.OLED_Clear) refers to oled.o(i.OLED_WR_DATA) for OLED_WR_DATA
    oled.o(i.OLED_DisplayMode) refers to oled.o(i.OLED_WR_CMD) for OLED_WR_CMD
    oled.o(i.OLED_Display_Off) refers to oled.o(i.OLED_WR_CMD) for OLED_WR_CMD
    oled.o(i.OLED_Display_On) refers to oled.o(i.OLED_WR_CMD) for OLED_WR_CMD
    oled.o(i.OLED_DrawBMP) refers to oled.o(i.OLED_Set_Pos) for OLED_Set_Pos
    oled.o(i.OLED_DrawBMP) refers to oled.o(i.OLED_WR_DATA) for OLED_WR_DATA
    oled.o(i.OLED_HorizontalShift) refers to oled.o(i.OLED_WR_CMD) for OLED_WR_CMD
    oled.o(i.OLED_Init) refers to stm32f1xx_hal.o(i.HAL_Delay) for HAL_Delay
    oled.o(i.OLED_Init) refers to oled.o(i.OLED_WR_CMD) for OLED_WR_CMD
    oled.o(i.OLED_Init) refers to oled.o(.data) for .data
    oled.o(i.OLED_IntensityControl) refers to oled.o(i.OLED_WR_CMD) for OLED_WR_CMD
    oled.o(i.OLED_On) refers to oled.o(i.OLED_WR_CMD) for OLED_WR_CMD
    oled.o(i.OLED_On) refers to oled.o(i.OLED_WR_DATA) for OLED_WR_DATA
    oled.o(i.OLED_Set_Pos) refers to oled.o(i.OLED_WR_CMD) for OLED_WR_CMD
    oled.o(i.OLED_ShowCHinese) refers to oled.o(i.OLED_Set_Pos) for OLED_Set_Pos
    oled.o(i.OLED_ShowCHinese) refers to oled.o(i.OLED_WR_DATA) for OLED_WR_DATA
    oled.o(i.OLED_ShowCHinese) refers to oledfont.o(.constdata) for Hzk
    oled.o(i.OLED_ShowChar) refers to oled.o(i.OLED_Set_Pos) for OLED_Set_Pos
    oled.o(i.OLED_ShowChar) refers to oled.o(i.OLED_WR_DATA) for OLED_WR_DATA
    oled.o(i.OLED_ShowChar) refers to oledfont.o(.constdata) for F6x8
    oled.o(i.OLED_ShowChar) refers to oledfont.o(.constdata) for F8X16
    oled.o(i.OLED_ShowNum) refers to oled.o(i.oled_pow) for oled_pow
    oled.o(i.OLED_ShowNum) refers to oled.o(i.OLED_ShowChar) for OLED_ShowChar
    oled.o(i.OLED_ShowString) refers to oled.o(i.OLED_ShowChar) for OLED_ShowChar
    oled.o(i.OLED_Showdecimal) refers to ffix.o(x$fpl$ffix) for __aeabi_f2iz
    oled.o(i.OLED_Showdecimal) refers to oled.o(i.oled_pow) for oled_pow
    oled.o(i.OLED_Showdecimal) refers to oled.o(i.OLED_ShowChar) for OLED_ShowChar
    oled.o(i.OLED_Showdecimal) refers to fflt_clz.o(x$fpl$ffltu) for __aeabi_ui2f
    oled.o(i.OLED_Showdecimal) refers to fflt_clz.o(x$fpl$fflt) for __aeabi_i2f
[...]
    TIM4_IRQHandler                          0x08005ddd   Thumb Code     6  stm32f1xx_it.o(i.TIM4_IRQHandler)
    TIM_Base_SetConfig                       0x08005de9   Thumb Code   120  stm32f1xx_hal_tim.o(i.TIM_Base_SetConfig)
    TIM_ETR_SetConfig                        0x08005e75   Thumb Code    20  stm32f1xx_hal_tim.o(i.TIM_ETR_SetConfig)
    UART5_IRQHandler                         0x08005ee1   Thumb Code     6  stm32f1xx_it.o(i.UART5_IRQHandler)
    UART_Start_Receive_IT                    0x080060c5   Thumb Code    54  stm32f1xx_hal_uart.o(i.UART_Start_Receive_IT)
    USART1_IRQHandler                        0x08006175   Thumb Code     6  stm32f1xx_it.o(i.USART1_IRQHandler)
    USART2_IRQHandler                        0x08006181   Thumb Code     6  stm32f1xx_it.o(i.USART2_IRQHandler)
    USART3_IRQHandler                        0x0800618d   Thumb Code     6  stm32f1xx_it.o(i.USART3_IRQHandler)
    UsageFault_Handler                       0x08006199   Thumb Code     2  stm32f1xx_it.o(i.UsageFault_Handler)
    __ARM_fpclassify                         0x0800619b   Thumb Code    40  fpclassify.o(i.__ARM_fpclassify)
    _is_digit                                0x080061e3   Thumb Code    14  __printf_wp.o(i._is_digit)
    cgq_sz                                   0x080061f1   Thumb Code    44  freertos.o(i.cgq_sz)
    ck_fs                                    0x08006221   Thumb Code   160  freertos.o(i.ck_fs)
    delay_us                                 0x080062cd   Thumb Code    44  tim.o(i.delay_us)
    extract_json_from_buffer                 0x080062fd   Thumb Code   128  freertos.o(i.extract_json_from_buffer)
    gy_pos                                   0x08006381   Thumb Code    18  freertos.o(i.gy_pos)
    jdq_pos                                  0x08006399   Thumb Code    56  jdq.o(i.jdq_pos)
    jdq_pos_wifi                             0x080063d5   Thumb Code   184  jdq.o(i.jdq_pos_wifi)
    main                                     0x08006495   Thumb Code    70  main.o(i.main)
    oled_pow                                 0x080064db   Thumb Code    16  oled.o(i.oled_pow)
    osDelay                                  0x080064ed   Thumb Code    46  cmsis_os2.o(i.osDelay)
    osKernelInitialize                       0x08006521   Thumb Code    50  cmsis_os2.o(i.osKernelInitialize)
    osKernelStart                            0x08006559   Thumb Code    58  cmsis_os2.o(i.osKernelStart)
    osMessageQueueGet                        0x08006599   Thumb Code   116  cmsis_os2.o(i.osMessageQueueGet)
    osMessageQueueNew                        0x08006615   Thumb Code   110  cmsis_os2.o(i.osMessageQueueNew)
    osMessageQueuePut                        0x08006689   Thumb Code   120  cmsis_os2.o(i.osMessageQueuePut)
    osMutexAcquire                           0x08006709   Thumb Code   104  cmsis_os2.o(i.osMutexAcquire)
    osMutexNew                               0x08006775   Thumb Code   124  cmsis_os2.o(i.osMutexNew)
    osMutexRelease                           0x080067f5   Thumb Code    88  cmsis_os2.o(i.osMutexRelease)
    osThreadNew                              0x08006851   Thumb Code   160  cmsis_os2.o(i.osThreadNew)
    osThreadSuspend                          0x080068f5   Thumb Code    52  cmsis_os2.o(i.osThreadSuspend)
    pvPortMalloc                             0x08007089   Thumb Code   210  heap_4.o(i.pvPortMalloc)
    pvTaskIncrementMutexHeldCount            0x08007161   Thumb Code    18  tasks.o(i.pvTaskIncrementMutexHeldCount)
    pxPortInitialiseStack                    0x08007179   Thumb Code    32  port.o(i.pxPortInitialiseStack)
    sgp30_init                               0x08007259   Thumb Code   142  sgp30.o(i.sgp30_init)
    sgp30_read                               0x080072f1   Thumb Code   118  sgp30.o(i.sgp30_read)
    sgp30_soft_reset                         0x08007367   Thumb Code    20  sgp30.o(i.sgp30_soft_reset)
    tw_cl                                    0x0800737d   Thumb Code    70  freertos.o(i.tw_cl)
    tw_cl2                                   0x080073c9   Thumb Code    78  freertos.o(i.tw_cl2)
    tw_kz                                    0x08007425   Thumb Code   324  freertos.o(i.tw_kz)
    uxListRemove                             0x0800756d   Thumb Code    38  list.o(i.uxListRemove)
    vApplicationGetIdleTaskMemory            0x08007595   Thumb Code    16  cmsis_os2.o(i.vApplicationGetIdleTaskMemory)
    vApplicationGetTimerTaskMemory           0x080075a9   Thumb Code    18  cmsis_os2.o(i.vApplicationGetTimerTaskMemory)
    vListInitialise                          0x080075c1   Thumb Code    22  list.o(i.vListInitialise)
    vListInitialiseItem                      0x080075d7   Thumb Code     6  list.o(i.vListInitialiseItem)
    vListInsert                              0x080075dd   Thumb Code    48  list.o(i.vListInsert)
    vListInsertEnd                           0x0800760d   Thumb Code    24  list.o(i.vListInsertEnd)
    vPortEnterCritical                       0x08007625   Thumb Code    54  port.o(i.vPortEnterCritical)
    vPortExitCritical                        0x08007665   Thumb Code    34  port.o(i.vPortExitCritical)
    vPortFree                                0x0800768d   Thumb Code    88  heap_4.o(i.vPortFree)
    vPortSetupTimerInterrupt                 0x080076e9   Thumb Code    32  port.o(i.vPortSetupTimerInterrupt)
    vPortValidateInterruptPriority           0x0800770d   Thumb Code    74  port.o(i.vPortValidateInterruptPriority)
    vQueueAddToRegistry                      0x08007761   Thumb Code    34  queue.o(i.vQueueAddToRegistry)
    vQueueWaitForMessageRestricted           0x08007789   Thumb Code    68  queue.o(i.vQueueWaitForMessageRestricted)
    vTaskDelay                               0x080077cd   Thumb Code    66  tasks.o(i.vTaskDelay)
    vTaskInternalSetTimeOutState             0x08007819   Thumb Code    12  tasks.o(i.vTaskInternalSetTimeOutState)
    vTaskMissedYield                         0x08007829   Thumb Code     8  tasks.o(i.vTaskMissedYield)
    vTaskPlaceOnEventList                    0x08007835   Thumb Code    44  tasks.o(i.vTaskPlaceOnEventList)
    vTaskPlaceOnEventListRestricted          0x08007865   Thumb Code    52  tasks.o(i.vTaskPlaceOnEventListRestricted)
    vTaskPriorityDisinheritAfterTimeout      0x0800789d   Thumb Code   134  tasks.o(i.vTaskPriorityDisinheritAfterTimeout)
    vTaskStartScheduler                      0x0800792d   Thumb Code   118  tasks.o(i.vTaskStartScheduler)
    vTaskSuspend                             0x080079b5   Thumb Code   144  tasks.o(i.vTaskSuspend)
    vTaskSuspendAll                          0x08007a51   Thumb Code    10  tasks.o(i.vTaskSuspendAll)
    vTaskSwitchContext                       0x08007a61   Thumb Code    90  tasks.o(i.vTaskSwitchContext)
    wifi_cl                                  0x08007ac5   Thumb Code   242  freertos.o(i.wifi_cl)
    xPortStartScheduler                      0x08007c05   Thumb Code   154  port.o(i.xPortStartScheduler)
    xQueueCreateMutex                        0x08007cad   Thumb Code    22  queue.o(i.xQueueCreateMutex)
    xQueueCreateMutexStatic                  0x08007cc3   Thumb Code    26  queue.o(i.xQueueCreateMutexStatic)
    xQueueGenericCreate                      0x08007cdd   Thumb Code    72  queue.o(i.xQueueGenericCreate)
    xQueueGenericCreateStatic                0x08007d25   Thumb Code   102  queue.o(i.xQueueGenericCreateStatic)
    xQueueGenericReset                       0x08007d8d   Thumb Code   132  queue.o(i.xQueueGenericReset)
    xQueueGenericSend                        0x08007e15   Thumb Code   346  queue.o(i.xQueueGenericSend)
    xQueueGenericSendFromISR                 0x08007f75   Thumb Code   188  queue.o(i.xQueueGenericSendFromISR)
    xQueueGiveMutexRecursive                 0x08008031   Thumb Code    62  queue.o(i.xQueueGiveMutexRecursive)
    xQueueReceive                            0x08008071   Thumb Code   308  queue.o(i.xQueueReceive)
    xQueueReceiveFromISR                     0x080081a9   Thumb Code   154  queue.o(i.xQueueReceiveFromISR)
    xQueueSemaphoreTake                      0x08008245   Thumb Code   372  queue.o(i.xQueueSemaphoreTake)
    xQueueTakeMutexRecursive                 0x080083bd   Thumb Code    64  queue.o(i.xQueueTakeMutexRecursive)
    xTaskCheckForTimeOut                     0x080083fd   Thumb Code   112  tasks.o(i.xTaskCheckForTimeOut)
    xTaskCreate                              0x08008471   Thumb Code    90  tasks.o(i.xTaskCreate)
    xTaskCreateStatic                        0x080084cb   Thumb Code    86  tasks.o(i.xTaskCreateStatic)
    xTaskGetCurrentTaskHandle                0x08008521   Thumb Code     6  tasks.o(i.xTaskGetCurrentTaskHandle)
    xTaskGetSchedulerState                   0x0800852d   Thumb Code    22  tasks.o(i.xTaskGetSchedulerState)
    xTaskGetTickCount                        0x08008549   Thumb Code     6  tasks.o(i.xTaskGetTickCount)
    xTaskIncrementTick                       0x08008555   Thumb Code   190  tasks.o(i.xTaskIncrementTick)
    xTaskPriorityDisinherit                  0x0800861d   Thumb Code   118  tasks.o(i.xTaskPriorityDisinherit)
    xTaskPriorityInherit                     0x0800869d   Thumb Code   112  tasks.o(i.xTaskPriorityInherit)
    xTaskRemoveFromEventList                 0x08008715   Thumb Code    98  tasks.o(i.xTaskRemoveFromEventList)
    xTaskResumeAll                           0x08008785   Thumb Code   182  tasks.o(i.xTaskResumeAll)
    xTimerCreateTimerTask                    0x08008849   Thumb Code    78  timers.o(i.xTimerCreateTimerTask)
    xTimerGenericCommand                     0x080088a9   Thumb Code    98  timers.o(i.xTimerGenericCommand)
    xsp_fs                                   0x08008911   Thumb Code    46  tjc_usart_hmi.o(i.xsp_fs)
    zd_pos                                   0x08008951   Thumb Code    18  freertos.o(i.zd_pos)
    zw_zt_cl                                 0x08008969   Thumb Code   964  freertos.o(i.zw_zt_cl)
    _get_lc_numeric                          0x08008d65   Thumb Code    44  lc_numeric_c.o(locale$$code)
    _get_lc_ctype                            0x08008d91   Thumb Code    44  lc_ctype_c.o(locale$$code)
    __aeabi_d2f                              0x08008dbd   Thumb Code     0  d2f.o(x$fpl$d2f)
    _d2f                                     0x08008dbd   Thumb Code    98  d2f.o(x$fpl$d2f)
    __aeabi_dadd                             0x08008e21   Thumb Code     0  daddsub_clz.o(x$fpl$dadd)
    _dadd                                    0x08008e21   Thumb Code   332  daddsub_clz.o(x$fpl$dadd)
    __aeabi_ui2d                             0x08008f71   Thumb Code     0  dflt_clz.o(x$fpl$dfltu)
    _dfltu                                   0x08008f71   Thumb Code    38  dflt_clz.o(x$fpl$dfltu)
    __fpl_dnaninf                            0x08008f97   Thumb Code   156  dnaninf.o(x$fpl$dnaninf)
    __fpl_dretinf                            0x08009033   Thumb Code    12  dretinf.o(x$fpl$dretinf)
    __aeabi_dsub                             0x08009041   Thumb Code     0  daddsub_clz.o(x$fpl$dsub)
    _dsub                                    0x08009041   Thumb Code   464  daddsub_clz.o(x$fpl$dsub)
    __aeabi_f2d                              0x08009215   Thumb Code     0  f2d.o(x$fpl$f2d)
    _f2d                                     0x08009215   Thumb Code    86  f2d.o(x$fpl$f2d)
    __aeabi_fadd                             0x0800926d   Thumb Code     0  faddsub_clz.o(x$fpl$fadd)
    _fadd                                    0x0800926d   Thumb Code   196  faddsub_clz.o(x$fpl$fadd)
    __fpl_fcheck_NaN1                        0x08009331   Thumb Code     6  fcheck1.o(x$fpl$fcheck1)
    __fpl_fcmp_Inf                           0x0800933d   Thumb Code    24  fcmpi.o(x$fpl$fcmpinf)
    __aeabi_fdiv                             0x08009355   Thumb Code     0  fdiv.o(x$fpl$fdiv)
    _fdiv                                    0x08009355   Thumb Code   384  fdiv.o(x$fpl$fdiv)
    __aeabi_f2iz                             0x080094d9   Thumb Code     0  ffix.o(x$fpl$ffix)
    _ffix                                    0x080094d9   Thumb Code    54  ffix.o(x$fpl$ffix)
    __aeabi_f2uiz                            0x08009511   Thumb Code     0  ffixu.o(x$fpl$ffixu)
    _ffixu                                   0x08009511   Thumb Code    62  ffixu.o(x$fpl$ffixu)
    __aeabi_i2f                              0x08009551   Thumb Code     0  fflt_clz.o(x$fpl$fflt)
    _fflt                                    0x08009551   Thumb Code    48  fflt_clz.o(x$fpl$fflt)
    __aeabi_ui2f                             0x08009581   Thumb Code     0  fflt_clz.o(x$fpl$ffltu)
    _ffltu                                   0x08009581   Thumb Code    38  fflt_clz.o(x$fpl$ffltu)
    __aeabi_cfcmple                          0x080095a9   Thumb Code     0  fleqf.o(x$fpl$fleqf)
    _fcmple                                  0x080095a9   Thumb Code   104  fleqf.o(x$fpl$fleqf)
    __fpl_fcmple_InfNaN                      0x080095fb   Thumb Code     0  fleqf.o(x$fpl$fleqf)
    __aeabi_fmul                             0x08009611   Thumb Code     0  fmul.o(x$fpl$fmul)
    _fmul                                    0x08009611   Thumb Code   258  fmul.o(x$fpl$fmul)
    __fpl_fnaninf                            0x08009713   Thumb Code   140  fnaninf.o(x$fpl$fnaninf)
    __fpl_fretinf                            0x0800979f   Thumb Code    10  fretinf.o(x$fpl$fretinf)
    __aeabi_cfrcmple                         0x080097a9   Thumb Code     0  frleqf.o(x$fpl$frleqf)
    _frcmple                                 0x080097a9   Thumb Code    98  frleqf.o(x$fpl$frleqf)
    __aeabi_frsub                            0x0800980b   Thumb Code     0  faddsub_clz.o(x$fpl$frsb)
    _frsb                                    0x0800980b   Thumb Code    20  faddsub_clz.o(x$fpl$frsb)
    __aeabi_fsub                             0x08009821   Thumb Code     0  faddsub_clz.o(x$fpl$fsub)
    _fsub                                    0x08009821   Thumb Code   234  faddsub_clz.o(x$fpl$fsub)
    _printf_fp_dec                           0x0800990b   Thumb Code     4  printf1.o(x$fpl$printf1)
    _printf_fp_hex                           0x0800990f   Thumb Code     4  printf2.o(x$fpl$printf2)
    __fpl_return_NaN                         0x08009913   Thumb Code   100  retnan.o(x$fpl$retnan)
    __ARM_scalbnf                            0x08009977   Thumb Code    76  scalbnf.o(x$fpl$scalbnf)
    __fpl_cmpreturn                          0x080099c3   Thumb Code    48  trapv.o(x$fpl$trapveneer)
    F6x8                                     0x080099f2   Data         552  oledfont.o(.constdata)
    __I$use$fp                               0x080099f2   Number         0  usenofp.o(x$fpl$usenofp)
    F8X16                                    0x08009c1a   Data        1504  oledfont.o(.constdata)
    cgq_01_attributes                        0x0800a1fc   Data          36  freertos.o(.constdata)
    ztcl_02_attributes                       0x0800a220   Data          36  freertos.o(.constdata)
    usart_03_attributes                      0x0800a244   Data          36  freertos.o(.constdata)
    twkz_04_attributes                       0x0800a268   Data          36  freertos.o(.constdata)
    ESP8266_05_attributes                    0x0800a28c   Data          36  freertos.o(.constdata)
    jdq_06_attributes                        0x0800a2b0   Data          36  freertos.o(.constdata)
    UI_OLED_07_attributes                    0x0800a2d4   Data          36  freertos.o(.constdata)
    Kal_wd_attributes                        0x0800a2f8   Data          24  freertos.o(.constdata)
    Kal_sd_attributes                        0x0800a310   Data          24  freertos.o(.constdata)
    Kal_trsd_attributes                      0x0800a328   Data          24  freertos.o(.constdata)
    Kal_gq_attributes                        0x0800a340   Data          24  freertos.o(.constdata)
    Kal_co2_attributes                       0x0800a358   Data          24  freertos.o(.constdata)
    zw_key_attributes                        0x0800a370   Data          24  freertos.o(.constdata)
    tw_key_attributes                        0x0800a388   Data          24  freertos.o(.constdata)
    zt_fs_attributes                         0x0800a3a0   Data          24  freertos.o(.constdata)
    zt_bg_attributes                         0x0800a3b8   Data          24  freertos.o(.constdata)
    zt_sb_attributes                         0x0800a3d0   Data          24  freertos.o(.constdata)
    tw_fs_attributes                         0x0800a3e8   Data          24  freertos.o(.constdata)
    tw_bg_attributes                         0x0800a400   Data          24  freertos.o(.constdata)
    tw_sb_attributes                         0x0800a418   Data          24  freertos.o(.constdata)
    ESP8266_fs_attributes                    0x0800a430   Data          24  freertos.o(.constdata)
    ESP8266_bg_attributes                    0x0800a448   Data          24  freertos.o(.constdata)
    ESP8266_sb_attributes                    0x0800a460   Data          24  freertos.o(.constdata)
    esp8266_x_01_attributes                  0x0800a478   Data          16  freertos.o(.constdata)
    AHBPrescTable                            0x0800a4ac   Data          16  system_stm32f1xx.o(.constdata)
    APBPrescTable                            0x0800a4bc   Data           8  system_stm32f1xx.o(.constdata)
    Region$$Table$$Base                      0x0800a9d4   Number         0  anon$$obj.o(Region$$Table)
    Region$$Table$$Limit                     0x0800a9f4   Number         0  anon$$obj.o(Region$$Table)
    __ctype                                  0x0800aa1d   Data           0  lc_ctype_c.o(locale$$data)
    CMD_Data                                 0x20000000   Data          23  oled.o(.data)
    adcValue                                 0x2000001a   Data           4  adc_2.o(.data)
    gq                                       0x20000020   Data           4  adc_2.o(.data)
    tr_sd                                    0x20000024   Data           4  adc_2.o(.data)
    sb_num_yy                                0x20000030   Data           1  freertos.o(.data)
    bg_num_yy                                0x20000031   Data           1  freertos.o(.data)
    fs_num_yy                                0x20000032   Data           1  freertos.o(.data)
    sb_num_yy2                               0x20000033   Data           1  freertos.o(.data)
    bg_num_yy2                               0x20000034   Data           1  freertos.o(.data)
    fs_num_yy2                               0x20000035   Data           1  freertos.o(.data)
    yy_num2                                  0x20000036   Data           1  freertos.o(.data)
    CO2_NO                                   0x20000037   Data           1  freertos.o(.data)
    yy_num                                   0x20000038   Data           1  freertos.o(.data)
    esp8266_key                              0x20000039   Data           1  freertos.o(.data)
    wifi_string                              0x2000004d   Data           1  freertos.o(.data)
    CO2_2                                    0x20000058   Data           2  freertos.o(.data)
    tw_num                                   0x20000084   Data           4  freertos.o(.data)
    wd_2                                     0x20000088   Data           4  freertos.o(.data)
    sd_2                                     0x2000008c   Data           4  freertos.o(.data)
    tr_sd_2                                  0x20000090   Data           4  freertos.o(.data)
    gq_2                                     0x20000094   Data           4  freertos.o(.data)
    cgq_01Handle                             0x20000098   Data           4  freertos.o(.data)
    ztcl_02Handle                            0x2000009c   Data           4  freertos.o(.data)
    usart_03Handle                           0x200000a0   Data           4  freertos.o(.data)
    twkz_04Handle                            0x200000a4   Data           4  freertos.o(.data)
    ESP8266_05Handle                         0x200000a8   Data           4  freertos.o(.data)
    jdq_06Handle                             0x200000ac   Data           4  freertos.o(.data)
    UI_OLED_07Handle                         0x200000b0   Data           4  freertos.o(.data)
    Kal_wdHandle                             0x200000b4   Data           4  freertos.o(.data)
    Kal_sdHandle                             0x200000b8   Data           4  freertos.o(.data)
    Kal_trsdHandle                           0x200000bc   Data           4  freertos.o(.data)
    Kal_gqHandle                             0x200000c0   Data           4  freertos.o(.data)
    Kal_co2Handle                            0x200000c4   Data           4  freertos.o(.data)
    zw_keyHandle                             0x200000c8   Data           4  freertos.o(.data)
    tw_keyHandle                             0x200000cc   Data           4  freertos.o(.data)
    zt_fsHandle                              0x200000d0   Data           4  freertos.o(.data)
    zt_bgHandle                              0x200000d4   Data           4  freertos.o(.data)
    zt_sbHandle                              0x200000d8   Data           4  freertos.o(.data)
    tw_fsHandle                              0x200000dc   Data           4  freertos.o(.data)
    tw_bgHandle                              0x200000e0   Data           4  freertos.o(.data)
    tw_sbHandle                              0x200000e4   Data           4  freertos.o(.data)
    ESP8266_fsHandle                         0x200000e8   Data           4  freertos.o(.data)
    ESP8266_bgHandle                         0x200000ec   Data           4  freertos.o(.data)
    ESP8266_sbHandle                         0x200000f0   Data           4  freertos.o(.data)
    esp8266_x_01Handle                       0x200000f4   Data           4  freertos.o(.data)
    uwTickFreq                               0x20000128   Data           1  stm32f1xx_hal.o(.data)
    uwTickPrio                               0x2000012c   Data           4  stm32f1xx_hal.o(.data)
    uwTick                                   0x20000130   Data           4  stm32f1xx_hal.o(.data)
    SystemCoreClock                          0x20000134   Data           4  system_stm32f1xx.o(.data)
    pxCurrentTCB                             0x20000138   Data           4  tasks.o(.data)
    dynamic_buffer                           0x200003b0   Data          32  tjc_usart_hmi.o(.bss)
    My_adcData                               0x200003d0   Data          40  adc_2.o(.bss)
    tw_fs                                    0x20000804   Data          10  freertos.o(.bss)
    wd_kal                                   0x20000810   Data          20  freertos.o(.bss)
    sd_kal                                   0x20000824   Data          20  freertos.o(.bss)
    tr_sd_kal                                0x20000838   Data          20  freertos.o(.bss)
    CO2_kal                                  0x2000084c   Data          20  freertos.o(.bss)
    gq_kal                                   0x20000860   Data          20  freertos.o(.bss)
    hadc1                                    0x20000874   Data          48  adc.o(.bss)
    hdma_adc1                                0x200008a4   Data          68  adc.o(.bss)
    hi2c1                                    0x200008e8   Data          84  i2c.o(.bss)
    hi2c2                                    0x2000093c   Data          84  i2c.o(.bss)
    hrtc                                     0x20000990   Data          20  rtc.o(.bss)
    htim2                                    0x200009a4   Data          72  tim.o(.bss)
    htim3                                    0x200009ec   Data          72  tim.o(.bss)
    huart5                                   0x20000a34   Data          72  usart.o(.bss)
    huart1                                   0x20000a7c   Data          72  usart.o(.bss)
    huart2                                   0x20000ac4   Data          72  usart.o(.bss)
    huart3                                   0x20000b0c   Data          72  usart.o(.bss)
    htim4                                    0x20000b54   Data          72  stm32f1xx_hal_timebase_tim.o(.bss)
    xQueueRegistry                           0x20000b9c   Data          64  queue.o(.bss)
    __libspace_start                         0x2000b870   Data          96  libspace.o(.bss)
    __temporary_stack_top$libspace           0x2000b8d0   Data           0  libspace.o(.bss)



==============================================================================

Memory Map of the image

  Image Entry point : 0x08000131

  Load Region LR_IROM1 (Base: 0x08000000, Size: 0x0000acd0, Max: 0x00080000, ABSOLUTE, COMPRESSED[0x0000ab64])

    Execution Region ER_IROM1 (Exec base: 0x08000000, Load base: 0x08000000, Size: 0x0000ab20, Max: 0x00080000, ABSOLUTE)

    Exec Addr    Load Addr    Size         Type   Attr      Idx    E Section Name        Object

    0x08000000   0x08000000   0x00000130   Data   RO            3    RESET               startup_stm32f103xe.o
    0x08000130   0x08000130   0x00000008   Code   RO         6479  * !!!main             c_w.l(__main.o)
    0x08000138   0x08000138   0x00000034   Code   RO         6843    !!!scatter          c_w.l(__scatter.o)
    0x0800016c   0x0800016c   0x0000003a   Code   RO         6841    !!dczerorl          c_w.l(__dczerorl.o)
    0x080001a6   0x080001a6   0x00000002   PAD
    0x080001a8   0x080001a8   0x0000001c   Code   RO         6845    !!handler_zi        c_w.l(__scatter_zi.o)
    0x080001c4   0x080001c4   0x00000000   Code   RO         6464    .ARM.Collect$$_printf_percent$$00000000  c_w.l(_printf_percent.o)
    0x080001c4   0x080001c4   0x00000006   Code   RO         6579    .ARM.Collect$$_printf_percent$$00000001  c_w.l(_printf_n.o)
    0x080001ca   0x080001ca   0x00000006   Code   RO         6581    .ARM.Collect$$_printf_percent$$00000002  c_w.l(_printf_p.o)
    0x080001d0   0x080001d0   0x00000006   Code   RO         6585    .ARM.Collect$$_printf_percent$$00000003  c_w.l(_printf_f.o)
    0x080001d6   0x080001d6   0x00000006   Code   RO         6586    .ARM.Collect$$_printf_percent$$00000004  c_w.l(_printf_e.o)
    0x080001dc   0x080001dc   0x00000006   Code   RO         6587    .ARM.Collect$$_printf_percent$$00000005  c_w.l(_printf_g.o)
    0x080001e2   0x080001e2   0x00000006   Code   RO         6588    .ARM.Collect$$_printf_percent$$00000006  c_w.l(_printf_a.o)
    0x080001e8   0x080001e8   0x0000000a   Code   RO         6593    .ARM.Collect$$_printf_percent$$00000007  c_w.l(_printf_ll.o)
    0x080001f2   0x080001f2   0x00000006   Code   RO         6583    .ARM.Collect$$_printf_percent$$00000008  c_w.l(_printf_i.o)
    0x080001f8   0x080001f8   0x00000006   Code   RO         6463    .ARM.Collect$$_printf_percent$$00000009  c_w.l(_printf_d.o)
    0x080001fe   0x080001fe   0x00000006   Code   RO         6584    .ARM.Collect$$_printf_percent$$0000000A  c_w.l(_printf_u.o)
    0x08000204   0x08000204   0x00000006   Code   RO         6582    .ARM.Collect$$_printf_percent$$0000000B  c_w.l(_printf_o.o)
    0x0800020a   0x0800020a   0x00000006   Code   RO         6580    .ARM.Collect$$_printf_percent$$0000000C  c_w.l(_printf_x.o)
    0x08000210   0x08000210   0x00000006   Code   RO         6590    .ARM.Collect$$_printf_percent$$0000000D  c_w.l(_printf_lli.o)
    0x08000216   0x08000216   0x00000006   Code   RO         6591    .ARM.Collect$$_printf_percent$$0000000E  c_w.l(_printf_lld.o)
    0x0800021c   0x0800021c   0x00000006   Code   RO         6592    .ARM.Collect$$_printf_percent$$0000000F  c_w.l(_printf_llu.o)
    0x08000222   0x08000222   0x00000006   Code   RO         6597    .ARM.Collect$$_printf_percent$$00000010  c_w.l(_printf_llo.o)
    0x08000228   0x08000228   0x00000006   Code   RO         6598    .ARM.Collect$$_printf_percent$$00000011  c_w.l(_printf_llx.o)
    0x0800022e   0x0800022e   0x0000000a   Code   RO         6594    .ARM.Collect$$_printf_percent$$00000012  c_w.l(_printf_l.o)
    0x08000238   0x08000238   0x00000006   Code   RO         6578    .ARM.Collect$$_printf_percent$$00000013  c_w.l(_printf_c.o)
    0x0800023e   0x0800023e   0x00000006   Code   RO         6462    .ARM.Collect$$_printf_percent$$00000014  c_w.l(_printf_s.o)
    0x08000244   0x08000244   0x00000006   Code   RO         6595    .ARM.Collect$$_printf_percent$$00000015  c_w.l(_printf_lc.o)
    0x0800024a   0x0800024a   0x00000006   Code   RO         6596    .ARM.Collect$$_printf_percent$$00000016  c_w.l(_printf_ls.o)
    0x08000250   0x08000250   0x00000004   Code   RO         6589    .ARM.Collect$$_printf_percent$$00000017  c_w.l(_printf_percent_end.o)
    0x08000254   0x08000254   0x00000002   Code   RO         6700    .ARM.Collect$$libinit$$00000000  c_w.l(libinit.o)
    0x08000256   0x08000256   0x00000000   Code   RO         6718    .ARM.Collect$$libinit$$00000002  c_w.l(libinit2.o)
    0x08000256   0x08000256   0x00000000   Code   RO         6720    .ARM.Collect$$libinit$$00000004  c_w.l(libinit2.o)
    0x08000256   0x08000256   0x00000000   Code   RO         6723    .ARM.Collect$$libinit$$0000000A  c_w.l(libinit2.o)
    0x08000256   0x08000256   0x00000000   Code   RO         6725    .ARM.Collect$$libinit$$0000000C  c_w.l(libinit2.o)
    0x08000256   0x08000256   0x00000000   Code   RO         6727    .ARM.Collect$$libinit$$0000000E  c_w.l(libinit2.o)
    0x08000256   0x08000256   0x00000006   Code   RO         6728    .ARM.Collect$$libinit$$0000000F  c_w.l(libinit2.o)
    0x0800025c   0x0800025c   0x00000000   Code   RO         6730    .ARM.Collect$$libinit$$00000011  c_w.l(libinit2.o)
    0x0800025c   0x0800025c   0x0000000c   Code   RO         6731    .ARM.Collect$$libinit$$00000012  c_w.l(libinit2.o)
    0x08000268   0x08000268   0x00000000   Code   RO         6732    .ARM.Collect$$libinit$$00000013  c_w.l(libinit2.o)
    0x08000268   0x08000268   0x00000000   Code   RO         6734    .ARM.Collect$$libinit$$00000015  c_w.l(libinit2.o)
    0x08000268   0x08000268   0x0000000a   Code   RO         6735    .ARM.Collect$$libinit$$00000016  c_w.l(libinit2.o)
    0x08000272   0x08000272   0x00000000   Code   RO         6736    .ARM.Collect$$libinit$$00000017  c_w.l(libinit2.o)
    0x08000272   0x08000272   0x00000000   Code   RO         6738    .ARM.Collect$$libinit$$00000019  c_w.l(libinit2.o)
    0x08000272   0x08000272   0x00000000   Code   RO         6740    .ARM.Collect$$libinit$$0000001B  c_w.l(libinit2.o)
    0x08000272   0x08000272   0x00000000   Code   RO         6742    .ARM.Collect$$libinit$$0000001D  c_w.l(libinit2.o)
    0x08000272   0x08000272   0x00000000   Code   RO         6744    .ARM.Collect$$libinit$$0000001F  c_w.l(libinit2.o)
    0x08000272   0x08000272   0x00000000   Code   RO         6746    .ARM.Collect$$libinit$$00000021  c_w.l(libinit2.o)
    0x08000272   0x08000272   0x00000000   Code   RO         6748    .ARM.Collect$$libinit$$00000023  c_w.l(libinit2.o)
    0x08000272   0x08000272   0x00000000   Code   RO         6750    .ARM.Collect$$libinit$$00000025  c_w.l(libinit2.o)
    0x08000272   0x08000272   0x00000000   Code   RO         6754    .ARM.Collect$$libinit$$0000002C  c_w.l(libinit2.o)
    0x08000272   0x08000272   0x00000000   Code   RO         6756    .ARM.Collect$$libinit$$0000002E  c_w.l(libinit2.o)
    0x08000272   0x08000272   0x00000000   Code   RO         6758    .ARM.Collect$$libinit$$00000030  c_w.l(libinit2.o)
    0x08000272   0x08000272   0x00000000   Code   RO         6760    .ARM.Collect$$libinit$$00000032  c_w.l(libinit2.o)
    0x08000272   0x08000272   0x00000002   Code   RO         6761    .ARM.Collect$$libinit$$00000033  c_w.l(libinit2.o)
    0x08000274   0x08000274   0x00000002   Code   RO         6781    .ARM.Collect$$libshutdown$$00000000  c_w.l(libshutdown.o)
    0x08000276   0x08000276   0x00000000   Code   RO         6794    .ARM.Collect$$libshutdown$$00000002  c_w.l(libshutdown2.o)
    0x08000276   0x08000276   0x00000000   Code   RO         6796    .ARM.Collect$$libshutdown$$00000004  c_w.l(libshutdown2.o)
    0x08000276   0x08000276   0x00000000   Code   RO         6799    .ARM.Collect$$libshutdown$$00000007  c_w.l(libshutdown2.o)
    0x08000276   0x08000276   0x00000000   Code   RO         6802    .ARM.Collect$$libshutdown$$0000000A  c_w.l(libshutdown2.o)
    0x08000276   0x08000276   0x00000000   Code   RO         6804    .ARM.Collect$$libshutdown$$0000000C  c_w.l(libshutdown2.o)
    0x08000276   0x08000276   0x00000000   Code   RO         6807    .ARM.Collect$$libshutdown$$0000000F  c_w.l(libshutdown2.o)
    0x08000276   0x08000276   0x00000002   Code   RO         6808    .ARM.Collect$$libshutdown$$00000010  c_w.l(libshutdown2.o)
    0x08000278   0x08000278   0x00000000   Code   RO         6529    .ARM.Collect$$rtentry$$00000000  c_w.l(__rtentry.o)
    0x08000278   0x08000278   0x00000000   Code   RO         6625    .ARM.Collect$$rtentry$$00000002  c_w.l(__rtentry2.o)
    0x08000278   0x08000278   0x00000006   Code   RO         6637    .ARM.Collect$$rtentry$$00000004  c_w.l(__rtentry4.o)
    0x0800027e   0x0800027e   0x00000000   Code   RO         6627    .ARM.Collect$$rtentry$$00000009  c_w.l(__rtentry2.o)
    0x0800027e   0x0800027e   0x00000004   Code   RO         6628    .ARM.Collect$$rtentry$$0000000A  c_w.l(__rtentry2.o)
    0x08000282   0x08000282   0x00000000   Code   RO         6630    .ARM.Collect$$rtentry$$0000000C  c_w.l(__rtentry2.o)
    0x08000282   0x08000282   0x00000008   Code   RO         6631    .ARM.Collect$$rtentry$$0000000D  c_w.l(__rtentry2.o)
    0x0800028a   0x0800028a   0x00000002   Code   RO         6710    .ARM.Collect$$rtexit$$00000000  c_w.l(rtexit.o)
    0x0800028c   0x0800028c   0x00000000   Code   RO         6763    .ARM.Collect$$rtexit$$00000002  c_w.l(rtexit2.o)
    0x0800028c   0x0800028c   0x00000004   Code   RO         6764    .ARM.Collect$$rtexit$$00000003  c_w.l(rtexit2.o)
    0x08000290   0x08000290   0x00000006   Code   RO         6765    .ARM.Collect$$rtexit$$00000004  c_w.l(rtexit2.o)
    0x08000296   0x08000296   0x00000002   PAD
    0x08000298   0x08000298   0x00000096   Code   RO         6349    .emb_text           port.o
    0x0800032e   0x0800032e   0x00000002   PAD
    0x08000330   0x08000330   0x00000040   Code   RO            4    .text               startup_stm32f103xe.o
    0x08000370   0x08000370   0x00000034   Code   RO         6430    .text               c_w.l(vsnprintf.o)
    0x080003a4   0x080003a4   0x00000038   Code   RO         6432    .text               c_w.l(__2snprintf.o)
    0x080003dc   0x080003dc   0x00000052   Code   RO         6438    .text               c_w.l(_printf_str.o)
    0x0800042e   0x0800042e   0x00000002   PAD
    0x08000430   0x08000430   0x00000078   Code   RO         6440    .text               c_w.l(_printf_dec.o)
    0x080004a8   0x080004a8   0x00000188   Code   RO         6459    .text               c_w.l(__printf_flags_ss_wp.o)
    0x08000630   0x08000630   0x00000024   Code   RO         6465    .text               c_w.l(strstr.o)
    0x08000654   0x08000654   0x0000008a   Code   RO         6469    .text               c_w.l(rt_memcpy_v6.o)
    0x080006de   0x080006de   0x00000010   Code   RO         6473    .text               c_w.l(aeabi_memset.o)
    0x080006ee   0x080006ee   0x0000004e   Code   RO         6475    .text               c_w.l(rt_memclr_w.o)
    0x0800073c   0x0800073c   0x00000006   Code   RO         6477    .text               c_w.l(heapauxi.o)
    0x08000742   0x08000742   0x0000004e   Code   RO         6530    .text               c_w.l(_printf_pad.o)
    0x08000790   0x08000790   0x00000024   Code   RO         6532    .text               c_w.l(_printf_truncate.o)
    0x080007b4   0x080007b4   0x000000b2   Code   RO         6534    .text               c_w.l(_printf_intcommon.o)
    0x08000866   0x08000866   0x00000028   Code   RO         6536    .text               c_w.l(_printf_charcount.o)
    0x0800088e   0x0800088e   0x00000002   PAD
    0x08000890   0x08000890   0x00000030   Code   RO         6538    .text               c_w.l(_printf_char_common.o)
    0x080008c0   0x080008c0   0x0000000a   Code   RO         6540    .text               c_w.l(_sputc.o)
    0x080008ca   0x080008ca   0x00000010   Code   RO         6542    .text               c_w.l(_snputc.o)
    0x080008da   0x080008da   0x0000002c   Code   RO         6544    .text               c_w.l(_printf_char.o)
    0x08000906   0x08000906   0x00000002   PAD
    0x08000908   0x08000908   0x000000bc   Code   RO         6546    .text               c_w.l(_printf_wctomb.o)
    0x080009c4   0x080009c4   0x0000007c   Code   RO         6549    .text               c_w.l(_printf_longlong_dec.o)
    0x08000a40   0x08000a40   0x00000070   Code   RO         6555    .text               c_w.l(_printf_oct_int_ll.o)
    0x08000ab0   0x08000ab0   0x00000094   Code   RO         6575    .text               c_w.l(_printf_hex_int_ll_ptr.o)
    0x08000b44   0x08000b44   0x00000064   Code   RO         6599    .text               c_w.l(rt_memcpy_w.o)
    0x08000ba8   0x08000ba8   0x00000044   Code   RO         6601    .text               c_w.l(rt_memclr.o)
    0x08000bec   0x08000bec   0x0000008a   Code   RO         6639    .text               c_w.l(lludiv10.o)
    0x08000c76   0x08000c76   0x0000041e   Code   RO         6641    .text               c_w.l(_printf_fp_dec.o)
    0x08001094   0x08001094   0x000002fc   Code   RO         6643    .text               c_w.l(_printf_fp_hex.o)
    0x08001390   0x08001390   0x0000002c   Code   RO         6648    .text               c_w.l(_printf_wchar.o)
    0x080013bc   0x080013bc   0x00000040   Code   RO         6650    .text               c_w.l(_wcrtomb.o)
    0x080013fc   0x080013fc   0x0000004a   Code   RO         6654    .text               c_w.l(sys_stackheap_outer.o)
    0x08001446   0x08001446   0x00000002   PAD
    0x08001448   0x08001448   0x00000010   Code   RO         6656    .text               c_w.l(rt_ctype_table.o)
    0x08001458   0x08001458   0x00000008   Code   RO         6661    .text               c_w.l(rt_locale_intlibspace.o)
    0x08001460   0x08001460   0x00000080   Code   RO         6663    .text               c_w.l(_printf_fp_infnan.o)
    0x080014e0   0x080014e0   0x000000e4   Code   RO         6665    .text               c_w.l(bigflt0.o)
    0x080015c4   0x080015c4   0x00000012   Code   RO         6693    .text               c_w.l(exit.o)
    0x080015d6   0x080015d6   0x00000002   PAD
    0x080015d8   0x080015d8   0x00000008   Code   RO         6707    .text               c_w.l(libspace.o)
    0x080015e0   0x080015e0   0x00000080   Code   RO         6715    .text               c_w.l(strcmpv7m.o)
    0x08001660   0x08001660   0x0000000c   Code   RO         6773    .text               c_w.l(sys_exit.o)
    0x0800166c   0x0800166c   0x00000002   Code   RO         6784    .text               c_w.l(use_no_semi.o)
    0x0800166e   0x0800166e   0x00000000   Code   RO         6786    .text               c_w.l(indicate_semi.o)
    0x0800166e   0x0800166e   0x0000003e   Code   RO         6668    CL$$btod_d2e        c_w.l(btod.o)
    0x080016ac   0x080016ac   0x00000046   Code   RO         6670    CL$$btod_d2e_denorm_low  c_w.l(btod.o)
    0x080016f2   0x080016f2   0x00000060   Code   RO         6669    CL$$btod_d2e_norm_op1  c_w.l(btod.o)
    0x08001752   0x08001752   0x00000338   Code   RO         6678    CL$$btod_div_common  c_w.l(btod.o)
    0x08001a8a   0x08001a8a   0x000000dc   Code   RO         6675    CL$$btod_e2e        c_w.l(btod.o)
    0x08001b66   0x08001b66   0x0000002a   Code   RO         6672    CL$$btod_ediv       c_w.l(btod.o)
    0x08001b90   0x08001b90   0x0000002a   Code   RO         6671    CL$$btod_emul       c_w.l(btod.o)
    0x08001bba   0x08001bba   0x00000244   Code   RO         6677    CL$$btod_mult_common  c_w.l(btod.o)
    0x08001dfe   0x08001dfe   0x00000002   PAD
    0x08001e00   0x08001e00   0x00000056   Code   RO         1474    i.ADC_ConversionStop_Disable  stm32f1xx_hal_adc.o
    0x08001e56   0x08001e56   0x0000004e   Code   RO         1475    i.ADC_DMAConvCplt   stm32f1xx_hal_adc.o
    0x08001ea4   0x08001ea4   0x0000001a   Code   RO         1476    i.ADC_DMAError      stm32f1xx_hal_adc.o
    0x08001ebe   0x08001ebe   0x0000000a   Code   RO         1477    i.ADC_DMAHalfConvCplt  stm32f1xx_hal_adc.o
    0x08001ec8   0x08001ec8   0x0000007c   Code   RO         1478    i.ADC_Enable        stm32f1xx_hal_adc.o
    0x08001f44   0x08001f44   0x000000a8   Code   RO          479    i.ADC_dispose       adc_2.o
    0x08001fec   0x08001fec   0x00000002   Code   RO         1269    i.BusFault_Handler  stm32f1xx_it.o
    0x08001fee   0x08001fee   0x00000002   PAD
    0x08001ff0   0x08001ff0   0x00000058   Code   RO          409    i.DHT11_Check       dht11.o
    0x08002048   0x08002048   0x00000018   Code   RO          410    i.DHT11_IO_IN       dht11.o
    0x08002060   0x08002060   0x0000001c   Code   RO          411    i.DHT11_IO_OUT      dht11.o
    0x0800207c   0x0800207c   0x0000000e   Code   RO          412    i.DHT11_Init        dht11.o
    0x0800208a   0x0800208a   0x00000002   PAD
    0x0800208c   0x0800208c   0x00000058   Code   RO          413    i.DHT11_Read_Bit    dht11.o
    0x080020e4   0x080020e4   0x0000001a   Code   RO          414    i.DHT11_Read_Byte   dht11.o
    0x080020fe   0x080020fe   0x00000058   Code   RO          415    i.DHT11_Read_Data   dht11.o
    0x08002156   0x08002156   0x00000002   PAD
    0x08002158   0x08002158   0x00000030   Code   RO          416    i.DHT11_Rst         dht11.o
    0x08002188   0x08002188   0x0000000c   Code   RO         1270    i.DMA1_Channel1_IRQHandler  stm32f1xx_it.o
    0x08002194   0x08002194   0x0000002a   Code   RO         2130    i.DMA_SetConfig     stm32f1xx_hal_dma.o
    0x080021be   0x080021be   0x00000002   Code   RO         1271    i.DebugMon_Handler  stm32f1xx_it.o
    0x080021c0   0x080021c0   0x00000114   Code   RO          274    i.ESP8266_Init      wifi.o
    0x080022d4   0x080022d4   0x0000003c   Code   RO          275    i.ESP8266_fs_Data   wifi.o
    0x08002310   0x08002310   0x00000010   Code   RO          276    i.ESP8266_fs_Data2  wifi.o
    0x08002320   0x08002320   0x00000004   Code   RO          702    i.Error_Handler     main.o
    0x08002324   0x08002324   0x000000d8   Code   RO         1654    i.HAL_ADCEx_Calibration_Start  stm32f1xx_hal_adc_ex.o
    0x080023fc   0x080023fc   0x000000fc   Code   RO         1480    i.HAL_ADC_ConfigChannel  stm32f1xx_hal_adc.o
    0x080024f8   0x080024f8   0x00000002   Code   RO         1481    i.HAL_ADC_ConvCpltCallback  stm32f1xx_hal_adc.o
    0x080024fa   0x080024fa   0x00000002   Code   RO         1482    i.HAL_ADC_ConvHalfCpltCallback  stm32f1xx_hal_adc.o
    0x080024fc   0x080024fc   0x00000002   Code   RO         1484    i.HAL_ADC_ErrorCallback  stm32f1xx_hal_adc.o
    0x080024fe   0x080024fe   0x00000002   PAD
    0x08002500   0x08002500   0x00000120   Code   RO         1489    i.HAL_ADC_Init      stm32f1xx_hal_adc.o
    0x08002620   0x08002620   0x0000008c   Code   RO          994    i.HAL_ADC_MspInit   adc.o
    0x080026ac   0x080026ac   0x0000010c   Code   RO         1496    i.HAL_ADC_Start_DMA  stm32f1xx_hal_adc.o
    0x080027b8   0x080027b8   0x00000046   Code   RO         2131    i.HAL_DMA_Abort     stm32f1xx_hal_dma.o
    0x080027fe   0x080027fe   0x00000002   PAD
    0x08002800   0x08002800   0x00000130   Code   RO         2132    i.HAL_DMA_Abort_IT  stm32f1xx_hal_dma.o
    0x08002930   0x08002930   0x00000248   Code   RO         2136    i.HAL_DMA_IRQHandler  stm32f1xx_hal_dma.o
    0x08002b78   0x08002b78   0x0000007c   Code   RO         2137    i.HAL_DMA_Init      stm32f1xx_hal_dma.o
    0x08002bf4   0x08002bf4   0x00000070   Code   RO         2141    i.HAL_DMA_Start_IT  stm32f1xx_hal_dma.o
    0x08002c64   0x08002c64   0x00000024   Code   RO         1757    i.HAL_Delay         stm32f1xx_hal.o
    0x08002c88   0x08002c88   0x000001f8   Code   RO         2067    i.HAL_GPIO_Init     stm32f1xx_hal_gpio.o
    0x08002e80   0x08002e80   0x0000000a   Code   RO         2069    i.HAL_GPIO_ReadPin  stm32f1xx_hal_gpio.o
    0x08002e8a   0x08002e8a   0x0000000a   Code   RO         2071    i.HAL_GPIO_WritePin  stm32f1xx_hal_gpio.o
    0x08002e94   0x08002e94   0x0000000c   Code   RO         1761    i.HAL_GetTick       stm32f1xx_hal.o
    0x08002ea0   0x08002ea0   0x00000188   Code   RO         2738    i.HAL_I2C_Init      stm32f1xx_hal_i2c.o
    0x08003028   0x08003028   0x00000130   Code   RO         2759    i.HAL_I2C_Mem_Write  stm32f1xx_hal_i2c.o
    0x08003158   0x08003158   0x00000098   Code   RO         1060    i.HAL_I2C_MspInit   i2c.o
    0x080031f0   0x080031f0   0x00000010   Code   RO         1767    i.HAL_IncTick       stm32f1xx_hal.o
    0x08003200   0x08003200   0x00000024   Code   RO         1768    i.HAL_Init          stm32f1xx_hal.o
    0x08003224   0x08003224   0x00000098   Code   RO         1399    i.HAL_InitTick      stm32f1xx_hal_timebase_tim.o
    0x080032bc   0x080032bc   0x00000048   Code   RO         1375    i.HAL_MspInit       stm32f1xx_hal_msp.o
    0x08003304   0x08003304   0x0000001a   Code   RO         2227    i.HAL_NVIC_EnableIRQ  stm32f1xx_hal_cortex.o
    0x0800331e   0x0800331e   0x00000002   PAD
    0x08003320   0x08003320   0x00000040   Code   RO         2233    i.HAL_NVIC_SetPriority  stm32f1xx_hal_cortex.o
    0x08003360   0x08003360   0x00000024   Code   RO         2234    i.HAL_NVIC_SetPriorityGrouping  stm32f1xx_hal_cortex.o
    0x08003384   0x08003384   0x0000000c   Code   RO         2349    i.HAL_PWR_EnableBkUpAccess  stm32f1xx_hal_pwr.o
    0x08003390   0x08003390   0x000000b8   Code   RO         2028    i.HAL_RCCEx_GetPeriphCLKFreq  stm32f1xx_hal_rcc_ex.o
    0x08003448   0x08003448   0x000000ec   Code   RO         2029    i.HAL_RCCEx_PeriphCLKConfig  stm32f1xx_hal_rcc_ex.o
    0x08003534   0x08003534   0x0000012c   Code   RO         1925    i.HAL_RCC_ClockConfig  stm32f1xx_hal_rcc.o
    0x08003660   0x08003660   0x00000040   Code   RO         1929    i.HAL_RCC_GetClockConfig  stm32f1xx_hal_rcc.o
    0x080036a0   0x080036a0   0x0000000c   Code   RO         1930    i.HAL_RCC_GetHCLKFreq  stm32f1xx_hal_rcc.o
    0x080036ac   0x080036ac   0x00000020   Code   RO         1932    i.HAL_RCC_GetPCLK1Freq  stm32f1xx_hal_rcc.o
    0x080036cc   0x080036cc   0x00000020   Code   RO         1933    i.HAL_RCC_GetPCLK2Freq  stm32f1xx_hal_rcc.o
    0x080036ec   0x080036ec   0x0000004c   Code   RO         1934    i.HAL_RCC_GetSysClockFreq  stm32f1xx_hal_rcc.o
    0x08003738   0x08003738   0x00000320   Code   RO         1937    i.HAL_RCC_OscConfig  stm32f1xx_hal_rcc.o
    0x08003a58   0x08003a58   0x00000002   Code   RO         3339    i.HAL_RTCEx_RTCEventCallback  stm32f1xx_hal_rtc_ex.o
    0x08003a5a   0x08003a5a   0x00000002   Code   RO         3340    i.HAL_RTCEx_RTCEventErrorCallback  stm32f1xx_hal_rtc_ex.o
    0x08003a5c   0x08003a5c   0x0000003e   Code   RO         3341    i.HAL_RTCEx_RTCIRQHandler  stm32f1xx_hal_rtc_ex.o
    0x08003a9a   0x08003a9a   0x00000002   PAD
    0x08003a9c   0x08003a9c   0x00000094   Code   RO         3172    i.HAL_RTC_Init      stm32f1xx_hal_rtc.o
    0x08003b30   0x08003b30   0x00000048   Code   RO         1108    i.HAL_RTC_MspInit   rtc.o
    0x08003b78   0x08003b78   0x000000c4   Code   RO         3178    i.HAL_RTC_SetDate   stm32f1xx_hal_rtc.o
    0x08003c3c   0x08003c3c   0x000000ac   Code   RO         3179    i.HAL_RTC_SetTime   stm32f1xx_hal_rtc.o
    0x08003ce8   0x08003ce8   0x0000003a   Code   RO         3180    i.HAL_RTC_WaitForSynchro  stm32f1xx_hal_rtc.o
    0x08003d22   0x08003d22   0x00000002   Code   RO         4142    i.HAL_TIMEx_BreakCallback  stm32f1xx_hal_tim_ex.o
    0x08003d24   0x08003d24   0x00000002   Code   RO         4143    i.HAL_TIMEx_CommutCallback  stm32f1xx_hal_tim_ex.o
    0x08003d26   0x08003d26   0x00000002   PAD
    0x08003d28   0x08003d28   0x0000007c   Code   RO         4161    i.HAL_TIMEx_MasterConfigSynchronization  stm32f1xx_hal_tim_ex.o
    0x08003da4   0x08003da4   0x0000005a   Code   RO         3438    i.HAL_TIM_Base_Init  stm32f1xx_hal_tim.o
    0x08003dfe   0x08003dfe   0x00000002   PAD
    0x08003e00   0x08003e00   0x00000050   Code   RO         1151    i.HAL_TIM_Base_MspInit  tim.o
    0x08003e50   0x08003e50   0x00000064   Code   RO         3441    i.HAL_TIM_Base_Start  stm32f1xx_hal_tim.o
    0x08003eb4   0x08003eb4   0x0000006c   Code   RO         3443    i.HAL_TIM_Base_Start_IT  stm32f1xx_hal_tim.o
    0x08003f20   0x08003f20   0x00000026   Code   RO         3444    i.HAL_TIM_Base_Stop  stm32f1xx_hal_tim.o
    0x08003f46   0x08003f46   0x000000dc   Code   RO         3447    i.HAL_TIM_ConfigClockSource  stm32f1xx_hal_tim.o
    0x08004022   0x08004022   0x00000002   Code   RO         3472    i.HAL_TIM_IC_CaptureCallback  stm32f1xx_hal_tim.o
    0x08004024   0x08004024   0x00000166   Code   RO         3486    i.HAL_TIM_IRQHandler  stm32f1xx_hal_tim.o
    0x0800418a   0x0800418a   0x00000002   Code   RO         3489    i.HAL_TIM_OC_DelayElapsedCallback  stm32f1xx_hal_tim.o
    0x0800418c   0x0800418c   0x00000002   Code   RO         3516    i.HAL_TIM_PWM_PulseFinishedCallback  stm32f1xx_hal_tim.o
    0x0800418e   0x0800418e   0x00000002   PAD
    0x08004190   0x08004190   0x00000014   Code   RO          703    i.HAL_TIM_PeriodElapsedCallback  main.o
    0x080041a4   0x080041a4   0x00000002   Code   RO         3529    i.HAL_TIM_TriggerCallback  stm32f1xx_hal_tim.o
    0x080041a6   0x080041a6   0x00000002   Code   RO         4421    i.HAL_UARTEx_RxEventCallback  stm32f1xx_hal_uart.o
    0x080041a8   0x080041a8   0x00000002   Code   RO         4435    i.HAL_UART_ErrorCallback  stm32f1xx_hal_uart.o
    0x080041aa   0x080041aa   0x00000002   PAD
    0x080041ac   0x080041ac   0x0000026c   Code   RO         4438    i.HAL_UART_IRQHandler  stm32f1xx_hal_uart.o
    0x08004418   0x08004418   0x00000064   Code   RO         4439    i.HAL_UART_Init     stm32f1xx_hal_uart.o
    0x0800447c   0x0800447c   0x000001c8   Code   RO         1210    i.HAL_UART_MspInit  usart.o
    0x08004644   0x08004644   0x0000001c   Code   RO         4444    i.HAL_UART_Receive_IT  stm32f1xx_hal_uart.o
    0x08004660   0x08004660   0x0000008c   Code   RO          804    i.HAL_UART_RxCpltCallback  freertos.o
    0x080046ec   0x080046ec   0x0000009a   Code   RO         4447    i.HAL_UART_Transmit  stm32f1xx_hal_uart.o
    0x08004786   0x08004786   0x00000032   Code   RO         4449    i.HAL_UART_Transmit_IT  stm32f1xx_hal_uart.o
    0x080047b8   0x080047b8   0x00000034   Code   RO          277    i.HAL_UART_Transmit_IT_printf  wifi.o
    0x080047ec   0x080047ec   0x00000002   Code   RO          805    i.HAL_UART_TxCpltCallback  freertos.o
    0x080047ee   0x080047ee   0x00000002   Code   RO         1272    i.HardFault_Handler  stm32f1xx_it.o
    0x080047f0   0x080047f0   0x0000002e   Code   RO         2781    i.I2C_IsAcknowledgeFailed  stm32f1xx_hal_i2c.o
    0x0800481e   0x0800481e   0x00000002   PAD
    0x08004820   0x08004820   0x000000a8   Code   RO         2792    i.I2C_RequestMemoryWrite  stm32f1xx_hal_i2c.o
    0x080048c8   0x080048c8   0x00000056   Code   RO         2796    i.I2C_WaitOnBTFFlagUntilTimeout  stm32f1xx_hal_i2c.o
    0x0800491e   0x0800491e   0x00000002   PAD
    0x08004920   0x08004920   0x00000090   Code   RO         2797    i.I2C_WaitOnFlagUntilTimeout  stm32f1xx_hal_i2c.o
    0x080049b0   0x080049b0   0x000000bc   Code   RO         2798    i.I2C_WaitOnMasterAddressFlagUntilTimeout  stm32f1xx_hal_i2c.o
    0x08004a6c   0x08004a6c   0x00000056   Code   RO         2800    i.I2C_WaitOnTXEFlagUntilTimeout  stm32f1xx_hal_i2c.o
    0x08004ac2   0x08004ac2   0x00000002   PAD
    0x08004ac4   0x08004ac4   0x000000ac   Code   RO          514    i.IIC_Read_Byte     sgp30.o
    0x08004b70   0x08004b70   0x0000006c   Code   RO          515    i.IIC_Send_Byte     sgp30.o
    0x08004bdc   0x08004bdc   0x00000048   Code   RO          516    i.IIC_Start         sgp30.o
    0x08004c24   0x08004c24   0x0000004c   Code   RO          517    i.IIC_Stop          sgp30.o
    0x08004c70   0x08004c70   0x00000064   Code   RO          518    i.IIC_Wait_Ack      sgp30.o
    0x08004cd4   0x08004cd4   0x000000dc   Code   RO          806    i.Kal_Init          freertos.o
    0x08004db0   0x08004db0   0x00000154   Code   RO          807    i.Kal_pos           freertos.o
    0x08004f04   0x08004f04   0x0000000e   Code   RO          666    i.KalmanFilter_Init  kal_lb.o
    0x08004f12   0x08004f12   0x00000056   Code   RO          667    i.KalmanFilter_Update  kal_lb.o
    0x08004f68   0x08004f68   0x00000068   Code   RO          995    i.MX_ADC1_Init      adc.o
    0x08004fd0   0x08004fd0   0x0000002c   Code   RO         1035    i.MX_DMA_Init       dma.o
    0x08004ffc   0x08004ffc   0x0000017c   Code   RO          808    i.MX_FREERTOS_Init  freertos.o
    0x08005178   0x08005178   0x000000dc   Code   RO          780    i.MX_GPIO_Init      gpio.o
    0x08005254   0x08005254   0x00000040   Code   RO         1061    i.MX_I2C1_Init      i2c.o
    0x08005294   0x08005294   0x00000040   Code   RO         1062    i.MX_I2C2_Init      i2c.o
    0x080052d4   0x080052d4   0x00000070   Code   RO         1109    i.MX_RTC_Init       rtc.o
    0x08005344   0x08005344   0x00000064   Code   RO         1152    i.MX_TIM2_Init      tim.o
    0x080053a8   0x080053a8   0x0000006c   Code   RO         1153    i.MX_TIM3_Init      tim.o
    0x08005414   0x08005414   0x00000038   Code   RO         1211    i.MX_UART5_Init     usart.o
    0x0800544c   0x0800544c   0x00000038   Code   RO         1212    i.MX_USART1_UART_Init  usart.o
    0x08005484   0x08005484   0x00000038   Code   RO         1213    i.MX_USART2_UART_Init  usart.o
    0x080054bc   0x080054bc   0x00000038   Code   RO         1214    i.MX_USART3_UART_Init  usart.o
    0x080054f4   0x080054f4   0x00000002   Code   RO         1273    i.MemManage_Handler  stm32f1xx_it.o
    0x080054f6   0x080054f6   0x00000002   Code   RO         1274    i.NMI_Handler       stm32f1xx_it.o
    0x080054f8   0x080054f8   0x00000034   Code   RO           13    i.OLED_Clear        oled.o
    0x0800552c   0x0800552c   0x00000020   Code   RO           19    i.OLED_Init         oled.o
    0x0800554c   0x0800554c   0x00000022   Code   RO           22    i.OLED_Set_Pos      oled.o
    0x0800556e   0x0800556e   0x00000002   PAD
    0x08005570   0x08005570   0x0000009c   Code   RO           24    i.OLED_ShowChar     oled.o
    0x0800560c   0x0800560c   0x00000074   Code   RO           25    i.OLED_ShowNum      oled.o
    0x08005680   0x08005680   0x00000124   Code   RO           27    i.OLED_Showdecimal  oled.o
    0x080057a4   0x080057a4   0x000000e0   Code   RO          809    i.OLED_UI           freertos.o
    0x08005884   0x08005884   0x00000024   Code   RO           30    i.OLED_WR_CMD       oled.o
    0x080058a8   0x080058a8   0x00000024   Code   RO           31    i.OLED_WR_DATA      oled.o
    0x080058cc   0x080058cc   0x00000012   Code   RO         3181    i.RTC_Bcd2ToByte    stm32f1xx_hal_rtc.o
    0x080058de   0x080058de   0x00000034   Code   RO         3184    i.RTC_EnterInitMode  stm32f1xx_hal_rtc.o
    0x08005912   0x08005912   0x00000002   PAD
    0x08005914   0x08005914   0x00000036   Code   RO         3185    i.RTC_ExitInitMode  stm32f1xx_hal_rtc.o
    0x0800594a   0x0800594a   0x00000002   PAD
    0x0800594c   0x0800594c   0x0000000c   Code   RO         1275    i.RTC_IRQHandler    stm32f1xx_it.o
    0x08005958   0x08005958   0x0000000e   Code   RO         3186    i.RTC_ReadAlarmCounter  stm32f1xx_hal_rtc.o
    0x08005966   0x08005966   0x00000020   Code   RO         3187    i.RTC_ReadTimeCounter  stm32f1xx_hal_rtc.o
    0x08005986   0x08005986   0x00000056   Code   RO         3188    i.RTC_WeekDayNum    stm32f1xx_hal_rtc.o
    0x080059dc   0x080059dc   0x00000028   Code   RO         3189    i.RTC_WriteAlarmCounter  stm32f1xx_hal_rtc.o
    0x08005a04   0x08005a04   0x00000028   Code   RO         3190    i.RTC_WriteTimeCounter  stm32f1xx_hal_rtc.o
    0x08005a2c   0x08005a2c   0x00000020   Code   RO          519    i.SDA_SET_IN        sgp30.o
    0x08005a4c   0x08005a4c   0x00000020   Code   RO          520    i.SDA_SET_OUT       sgp30.o
    0x08005a6c   0x08005a6c   0x0000003c   Code   RO          810    i.StartDefaultTask  freertos.o
    0x08005aa8   0x08005aa8   0x00000080   Code   RO          811    i.StartTask02       freertos.o
    0x08005b28   0x08005b28   0x00000028   Code   RO          812    i.StartTask03       freertos.o
    0x08005b50   0x08005b50   0x0000003c   Code   RO          813    i.StartTask04       freertos.o
    0x08005b8c   0x08005b8c   0x0000009c   Code   RO          814    i.StartTask05       freertos.o
    0x08005c28   0x08005c28   0x000000e0   Code   RO          815    i.StartTask06       freertos.o
    0x08005d08   0x08005d08   0x00000014   Code   RO          816    i.StartTask07       freertos.o
    0x08005d1c   0x08005d1c   0x0000002c   Code   RO         6350    i.SysTick_Handler   port.o
    0x08005d48   0x08005d48   0x00000086   Code   RO          704    i.SystemClock_Config  main.o
    0x08005dce   0x08005dce   0x00000002   Code   RO         4773    i.SystemInit        system_stm32f1xx.o
    0x08005dd0   0x08005dd0   0x0000000c   Code   RO         1276    i.TIM3_IRQHandler   stm32f1xx_it.o
    0x08005ddc   0x08005ddc   0x0000000c   Code   RO         1277    i.TIM4_IRQHandler   stm32f1xx_it.o
    0x08005de8   0x08005de8   0x0000008c   Code   RO         3531    i.TIM_Base_SetConfig  stm32f1xx_hal_tim.o
    0x08005e74   0x08005e74   0x00000014   Code   RO         3542    i.TIM_ETR_SetConfig  stm32f1xx_hal_tim.o
    0x08005e88   0x08005e88   0x00000010   Code   RO         3543    i.TIM_ITRx_SetConfig  stm32f1xx_hal_tim.o
    0x08005e98   0x08005e98   0x00000022   Code   RO         3549    i.TIM_TI1_ConfigInputStage  stm32f1xx_hal_tim.o
    0x08005eba   0x08005eba   0x00000024   Code   RO         3551    i.TIM_TI2_ConfigInputStage  stm32f1xx_hal_tim.o
    0x08005ede   0x08005ede   0x00000002   PAD
    0x08005ee0   0x08005ee0   0x0000000c   Code   RO         1278    i.UART5_IRQHandler  stm32f1xx_it.o
    0x08005eec   0x08005eec   0x00000010   Code   RO         4452    i.UART_DMAAbortOnError  stm32f1xx_hal_uart.o
    0x08005efc   0x08005efc   0x0000004e   Code   RO         4462    i.UART_EndRxTransfer  stm32f1xx_hal_uart.o
    0x08005f4a   0x08005f4a   0x000000c2   Code   RO         4464    i.UART_Receive_IT   stm32f1xx_hal_uart.o
    0x0800600c   0x0800600c   0x000000b8   Code   RO         4465    i.UART_SetConfig    stm32f1xx_hal_uart.o
    0x080060c4   0x080060c4   0x00000036   Code   RO         4467    i.UART_Start_Receive_IT  stm32f1xx_hal_uart.o
    0x080060fa   0x080060fa   0x00000078   Code   RO         4468    i.UART_WaitOnFlagUntilTimeout  stm32f1xx_hal_uart.o
    0x08006172   0x08006172   0x00000002   PAD
    0x08006174   0x08006174   0x0000000c   Code   RO         1279    i.USART1_IRQHandler  stm32f1xx_it.o
    0x08006180   0x08006180   0x0000000c   Code   RO         1280    i.USART2_IRQHandler  stm32f1xx_it.o
    0x0800618c   0x0800618c   0x0000000c   Code   RO         1281    i.USART3_IRQHandler  stm32f1xx_it.o
    0x08006198   0x08006198   0x00000002   Code   RO         1282    i.UsageFault_Handler  stm32f1xx_it.o
    0x0800619a   0x0800619a   0x00000028   Code   RO         6705    i.__ARM_fpclassify  m_ws.l(fpclassify.o)
    0x080061c2   0x080061c2   0x00000020   Code   RO         2240    i.__NVIC_SetPriority  stm32f1xx_hal_cortex.o
    0x080061e2   0x080061e2   0x0000000e   Code   RO         6452    i._is_digit         c_w.l(__printf_wp.o)
    0x080061f0   0x080061f0   0x00000030   Code   RO          817    i.cgq_sz            freertos.o
    0x08006220   0x08006220   0x000000ac   Code   RO          818    i.ck_fs             freertos.o
    0x080062cc   0x080062cc   0x00000030   Code   RO         1154    i.delay_us          tim.o
    0x080062fc   0x080062fc   0x00000084   Code   RO          819    i.extract_json_from_buffer  freertos.o
    0x08006380   0x08006380   0x00000018   Code   RO          821    i.gy_pos            freertos.o
    0x08006398   0x08006398   0x0000003c   Code   RO          618    i.jdq_pos           jdq.o
    0x080063d4   0x080063d4   0x000000c0   Code   RO          619    i.jdq_pos_wifi      jdq.o
    0x08006494   0x08006494   0x00000046   Code   RO          705    i.main              main.o
    0x080064da   0x080064da   0x00000010   Code   RO           32    i.oled_pow          oled.o
    0x080064ea   0x080064ea   0x00000002   PAD
    0x080064ec   0x080064ec   0x00000034   Code   RO         5879    i.osDelay           cmsis_os2.o
    0x08006520   0x08006520   0x00000038   Code   RO         5893    i.osKernelInitialize  cmsis_os2.o
    0x08006558   0x08006558   0x00000040   Code   RO         5896    i.osKernelStart     cmsis_os2.o
    0x08006598   0x08006598   0x0000007c   Code   RO         5899    i.osMessageQueueGet  cmsis_os2.o
    0x08006614   0x08006614   0x00000074   Code   RO         5904    i.osMessageQueueNew  cmsis_os2.o
    0x08006688   0x08006688   0x00000080   Code   RO         5905    i.osMessageQueuePut  cmsis_os2.o
    0x08006708   0x08006708   0x0000006c   Code   RO         5907    i.osMutexAcquire    cmsis_os2.o
    0x08006774   0x08006774   0x00000080   Code   RO         5910    i.osMutexNew        cmsis_os2.o
    0x080067f4   0x080067f4   0x0000005c   Code   RO         5911    i.osMutexRelease    cmsis_os2.o
    0x08006850   0x08006850   0x000000a4   Code   RO         5930    i.osThreadNew       cmsis_os2.o
    0x080068f4   0x080068f4   0x00000038   Code   RO         5933    i.osThreadSuspend   cmsis_os2.o
    0x0800692c   0x0800692c   0x0000005c   Code   RO         5375    i.prvAddCurrentTaskToDelayedList  tasks.o
    0x08006988   0x08006988   0x000000d0   Code   RO         5376    i.prvAddNewTaskToReadyList  tasks.o
    0x08006a58   0x08006a58   0x00000058   Code   RO         5725    i.prvCheckForValidListAndQueue  timers.o
    0x08006ab0   0x08006ab0   0x00000026   Code   RO         4978    i.prvCopyDataFromQueue  queue.o
    0x08006ad6   0x08006ad6   0x0000006c   Code   RO         4979    i.prvCopyDataToQueue  queue.o
    0x08006b42   0x08006b42   0x00000034   Code   RO         5377    i.prvDeleteTCB      tasks.o
    0x08006b76   0x08006b76   0x00000002   PAD
    0x08006b78   0x08006b78   0x0000004c   Code   RO         6300    i.prvHeapInit       heap_4.o
    0x08006bc4   0x08006bc4   0x00000060   Code   RO         5378    i.prvIdleTask       tasks.o
    0x08006c24   0x08006c24   0x00000016   Code   RO         4980    i.prvInitialiseMutex  queue.o
    0x08006c3a   0x08006c3a   0x00000002   PAD
    0x08006c3c   0x08006c3c   0x00000022   Code   RO         4981    i.prvInitialiseNewQueue  queue.o
    0x08006c5e   0x08006c5e   0x0000009c   Code   RO         5379    i.prvInitialiseNewTask  tasks.o
    0x08006cfa   0x08006cfa   0x00000002   PAD
    0x08006cfc   0x08006cfc   0x0000004c   Code   RO         6301    i.prvInsertBlockIntoFreeList  heap_4.o
    0x08006d48   0x08006d48   0x00000038   Code   RO         5727    i.prvInsertTimerInActiveList  timers.o
    0x08006d80   0x08006d80   0x0000001c   Code   RO         4982    i.prvIsQueueEmpty   queue.o
    0x08006d9c   0x08006d9c   0x000000cc   Code   RO         5728    i.prvProcessReceivedCommands  timers.o
    0x08006e68   0x08006e68   0x000000b4   Code   RO         5729    i.prvProcessTimerOrBlockTask  timers.o
    0x08006f1c   0x08006f1c   0x00000020   Code   RO         5381    i.prvResetNextTaskUnblockTime  tasks.o
    0x08006f3c   0x08006f3c   0x00000028   Code   RO         5730    i.prvSampleTimeNow  timers.o
    0x08006f64   0x08006f64   0x0000006c   Code   RO         5731    i.prvSwitchTimerLists  timers.o
    0x08006fd0   0x08006fd0   0x00000028   Code   RO         6351    i.prvTaskExitError  port.o
    0x08006ff8   0x08006ff8   0x00000024   Code   RO         5732    i.prvTimerTask      timers.o
    0x0800701c   0x0800701c   0x0000006a   Code   RO         4983    i.prvUnlockQueue    queue.o
    0x08007086   0x08007086   0x00000002   PAD
    0x08007088   0x08007088   0x000000d8   Code   RO         6302    i.pvPortMalloc      heap_4.o
    0x08007160   0x08007160   0x00000018   Code   RO         5384    i.pvTaskIncrementMutexHeldCount  tasks.o
    0x08007178   0x08007178   0x00000024   Code   RO         6352    i.pxPortInitialiseStack  port.o
    0x0800719c   0x0800719c   0x00000032   Code   RO          521    i.sgp30_checksum    sgp30.o
    0x080071ce   0x080071ce   0x00000002   PAD
    0x080071d0   0x080071d0   0x0000001c   Code   RO          522    i.sgp30_delay_us    sgp30.o
    0x080071ec   0x080071ec   0x0000003a   Code   RO          524    i.sgp30_iic_read    sgp30.o
    0x08007226   0x08007226   0x00000032   Code   RO          525    i.sgp30_iic_write   sgp30.o
    0x08007258   0x08007258   0x00000098   Code   RO          526    i.sgp30_init        sgp30.o
    0x080072f0   0x080072f0   0x00000076   Code   RO          527    i.sgp30_read        sgp30.o
    0x08007366   0x08007366   0x00000014   Code   RO          528    i.sgp30_soft_reset  sgp30.o
    0x0800737a   0x0800737a   0x00000002   PAD
    0x0800737c   0x0800737c   0x0000004c   Code   RO          822    i.tw_cl             freertos.o
    0x080073c8   0x080073c8   0x0000005c   Code   RO          823    i.tw_cl2            freertos.o
    0x08007424   0x08007424   0x00000148   Code   RO          824    i.tw_kz             freertos.o
    0x0800756c   0x0800756c   0x00000026   Code   RO         4938    i.uxListRemove      list.o
    0x08007592   0x08007592   0x00000002   PAD
    0x08007594   0x08007594   0x00000014   Code   RO         5942    i.vApplicationGetIdleTaskMemory  cmsis_os2.o
    0x080075a8   0x080075a8   0x00000018   Code   RO         5943    i.vApplicationGetTimerTaskMemory  cmsis_os2.o
    0x080075c0   0x080075c0   0x00000016   Code   RO         4939    i.vListInitialise   list.o
    0x080075d6   0x080075d6   0x00000006   Code   RO         4940    i.vListInitialiseItem  list.o
    0x080075dc   0x080075dc   0x00000030   Code   RO         4941    i.vListInsert       list.o
    0x0800760c   0x0800760c   0x00000018   Code   RO         4942    i.vListInsertEnd    list.o
    0x08007624   0x08007624   0x00000040   Code   RO         6354    i.vPortEnterCritical  port.o
    0x08007664   0x08007664   0x00000028   Code   RO         6355    i.vPortExitCritical  port.o
    0x0800768c   0x0800768c   0x0000005c   Code   RO         6303    i.vPortFree         heap_4.o
    0x080076e8   0x080076e8   0x00000024   Code   RO         6356    i.vPortSetupTimerInterrupt  port.o
    0x0800770c   0x0800770c   0x00000054   Code   RO         6357    i.vPortValidateInterruptPriority  port.o
    0x08007760   0x08007760   0x00000028   Code   RO         4989    i.vQueueAddToRegistry  queue.o
    0x08007788   0x08007788   0x00000044   Code   RO         4993    i.vQueueWaitForMessageRestricted  queue.o
    0x080077cc   0x080077cc   0x0000004c   Code   RO         5393    i.vTaskDelay        tasks.o
    0x08007818   0x08007818   0x00000010   Code   RO         5398    i.vTaskInternalSetTimeOutState  tasks.o
    0x08007828   0x08007828   0x0000000c   Code   RO         5399    i.vTaskMissedYield  tasks.o
    0x08007834   0x08007834   0x00000030   Code   RO         5401    i.vTaskPlaceOnEventList  tasks.o
    0x08007864   0x08007864   0x00000038   Code   RO         5402    i.vTaskPlaceOnEventListRestricted  tasks.o
    0x0800789c   0x0800789c   0x00000090   Code   RO         5404    i.vTaskPriorityDisinheritAfterTimeout  tasks.o
    0x0800792c   0x0800792c   0x00000088   Code   RO         5410    i.vTaskStartScheduler  tasks.o
    0x080079b4   0x080079b4   0x0000009c   Code   RO         5411    i.vTaskSuspend      tasks.o
    0x08007a50   0x08007a50   0x00000010   Code   RO         5412    i.vTaskSuspendAll   tasks.o
    0x08007a60   0x08007a60   0x00000064   Code   RO         5413    i.vTaskSwitchContext  tasks.o
    0x08007ac4   0x08007ac4   0x00000140   Code   RO          825    i.wifi_cl           freertos.o
    0x08007c04   0x08007c04   0x000000a8   Code   RO         6358    i.xPortStartScheduler  port.o
    0x08007cac   0x08007cac   0x00000016   Code   RO         4996    i.xQueueCreateMutex  queue.o
    0x08007cc2   0x08007cc2   0x0000001a   Code   RO         4997    i.xQueueCreateMutexStatic  queue.o
    0x08007cdc   0x08007cdc   0x00000048   Code   RO         4998    i.xQueueGenericCreate  queue.o
    0x08007d24   0x08007d24   0x00000066   Code   RO         4999    i.xQueueGenericCreateStatic  queue.o
    0x08007d8a   0x08007d8a   0x00000002   PAD
    0x08007d8c   0x08007d8c   0x00000088   Code   RO         5000    i.xQueueGenericReset  queue.o
    0x08007e14   0x08007e14   0x00000160   Code   RO         5001    i.xQueueGenericSend  queue.o
    0x08007f74   0x08007f74   0x000000bc   Code   RO         5002    i.xQueueGenericSendFromISR  queue.o
    0x08008030   0x08008030   0x0000003e   Code   RO         5006    i.xQueueGiveMutexRecursive  queue.o
    0x0800806e   0x0800806e   0x00000002   PAD
    0x08008070   0x08008070   0x00000138   Code   RO         5011    i.xQueueReceive     queue.o
    0x080081a8   0x080081a8   0x0000009a   Code   RO         5012    i.xQueueReceiveFromISR  queue.o
    0x08008242   0x08008242   0x00000002   PAD
    0x08008244   0x08008244   0x00000178   Code   RO         5013    i.xQueueSemaphoreTake  queue.o
    0x080083bc   0x080083bc   0x00000040   Code   RO         5014    i.xQueueTakeMutexRecursive  queue.o
    0x080083fc   0x080083fc   0x00000074   Code   RO         5414    i.xTaskCheckForTimeOut  tasks.o
    0x08008470   0x08008470   0x0000005a   Code   RO         5415    i.xTaskCreate       tasks.o
    0x080084ca   0x080084ca   0x00000056   Code   RO         5416    i.xTaskCreateStatic  tasks.o
    0x08008520   0x08008520   0x0000000c   Code   RO         5419    i.xTaskGetCurrentTaskHandle  tasks.o
    0x0800852c   0x0800852c   0x0000001c   Code   RO         5420    i.xTaskGetSchedulerState  tasks.o
    0x08008548   0x08008548   0x0000000c   Code   RO         5421    i.xTaskGetTickCount  tasks.o
    0x08008554   0x08008554   0x000000c8   Code   RO         5423    i.xTaskIncrementTick  tasks.o
    0x0800861c   0x0800861c   0x00000080   Code   RO         5426    i.xTaskPriorityDisinherit  tasks.o
    0x0800869c   0x0800869c   0x00000078   Code   RO         5427    i.xTaskPriorityInherit  tasks.o
    0x08008714   0x08008714   0x00000070   Code   RO         5428    i.xTaskRemoveFromEventList  tasks.o
    0x08008784   0x08008784   0x000000c4   Code   RO         5429    i.xTaskResumeAll    tasks.o
    0x08008848   0x08008848   0x00000060   Code   RO         5739    i.xTimerCreateTimerTask  timers.o
    0x080088a8   0x080088a8   0x00000068   Code   RO         5740    i.xTimerGenericCommand  timers.o
    0x08008910   0x08008910   0x00000040   Code   RO          369    i.xsp_fs            tjc_usart_hmi.o
    0x08008950   0x08008950   0x00000018   Code   RO          826    i.zd_pos            freertos.o
    0x08008968   0x08008968   0x000003fc   Code   RO          827    i.zw_zt_cl          freertos.o
    0x08008d64   0x08008d64   0x0000002c   Code   RO         6691    locale$$code        c_w.l(lc_numeric_c.o)
    0x08008d90   0x08008d90   0x0000002c   Code   RO         6713    locale$$code        c_w.l(lc_ctype_c.o)
    0x08008dbc   0x08008dbc   0x00000062   Code   RO         6481    x$fpl$d2f           fz_ws.l(d2f.o)
    0x08008e1e   0x08008e1e   0x00000002   PAD
    0x08008e20   0x08008e20   0x00000150   Code   RO         6483    x$fpl$dadd          fz_ws.l(daddsub_clz.o)
    0x08008f70   0x08008f70   0x00000026   Code   RO         6489    x$fpl$dfltu         fz_ws.l(dflt_clz.o)
    0x08008f96   0x08008f96   0x0000009c   Code   RO         6603    x$fpl$dnaninf       fz_ws.l(dnaninf.o)
    0x08009032   0x08009032   0x0000000c   Code   RO         6605    x$fpl$dretinf       fz_ws.l(dretinf.o)
    0x0800903e   0x0800903e   0x00000002   PAD
    0x08009040   0x08009040   0x000001d4   Code   RO         6485    x$fpl$dsub          fz_ws.l(daddsub_clz.o)
    0x08009214   0x08009214   0x00000056   Code   RO         6495    x$fpl$f2d           fz_ws.l(f2d.o)
    0x0800926a   0x0800926a   0x00000002   PAD
    0x0800926c   0x0800926c   0x000000c4   Code   RO         6497    x$fpl$fadd          fz_ws.l(faddsub_clz.o)
    0x08009330   0x08009330   0x0000000c   Code   RO         6607    x$fpl$fcheck1       fz_ws.l(fcheck1.o)
    0x0800933c   0x0800933c   0x00000018   Code   RO         6609    x$fpl$fcmpinf       fz_ws.l(fcmpi.o)
    0x08009354   0x08009354   0x00000184   Code   RO         6504    x$fpl$fdiv          fz_ws.l(fdiv.o)
    0x080094d8   0x080094d8   0x00000036   Code   RO         6507    x$fpl$ffix          fz_ws.l(ffix.o)
    0x0800950e   0x0800950e   0x00000002   PAD
    0x08009510   0x08009510   0x0000003e   Code   RO         6511    x$fpl$ffixu         fz_ws.l(ffixu.o)
    0x0800954e   0x0800954e   0x00000002   PAD
    0x08009550   0x08009550   0x00000030   Code   RO         6516    x$fpl$fflt          fz_ws.l(fflt_clz.o)
    0x08009580   0x08009580   0x00000026   Code   RO         6515    x$fpl$ffltu         fz_ws.l(fflt_clz.o)
    0x080095a6   0x080095a6   0x00000002   PAD
    0x080095a8   0x080095a8   0x00000068   Code   RO         6521    x$fpl$fleqf         fz_ws.l(fleqf.o)
    0x08009610   0x08009610   0x00000102   Code   RO         6523    x$fpl$fmul          fz_ws.l(fmul.o)
    0x08009712   0x08009712   0x0000008c   Code   RO         6611    x$fpl$fnaninf       fz_ws.l(fnaninf.o)
    0x0800979e   0x0800979e   0x0000000a   Code   RO         6613    x$fpl$fretinf       fz_ws.l(fretinf.o)
    0x080097a8   0x080097a8   0x00000062   Code   RO         6525    x$fpl$frleqf        fz_ws.l(frleqf.o)
    0x0800980a   0x0800980a   0x00000014   Code   RO         6498    x$fpl$frsb          fz_ws.l(faddsub_clz.o)
    0x0800981e   0x0800981e   0x00000002   PAD
    0x08009820   0x08009820   0x000000ea   Code   RO         6499    x$fpl$fsub          fz_ws.l(faddsub_clz.o)
    0x0800990a   0x0800990a   0x00000004   Code   RO         6615    x$fpl$printf1       fz_ws.l(printf1.o)
    0x0800990e   0x0800990e   0x00000004   Code   RO         6617    x$fpl$printf2       fz_ws.l(printf2.o)
    0x08009912   0x08009912   0x00000064   Code   RO         6652    x$fpl$retnan        fz_ws.l(retnan.o)
    0x08009976   0x08009976   0x0000004c   Code   RO         6527    x$fpl$scalbnf       fz_ws.l(scalbnf.o)
    0x080099c2   0x080099c2   0x00000030   Code   RO         6703    x$fpl$trapveneer    fz_ws.l(trapv.o)
    0x080099f2   0x080099f2   0x00000000   Code   RO         6623    x$fpl$usenofp       fz_ws.l(usenofp.o)
    0x080099f2   0x080099f2   0x00000228   Data   RO          256    .constdata          oledfont.o
    0x08009c1a   0x08009c1a   0x000005e0   Data   RO          257    .constdata          oledfont.o
    0x0800a1fa   0x0800a1fa   0x00000002   PAD
    0x0800a1fc   0x0800a1fc   0x0000028c   Data   RO          829    .constdata          freertos.o
    0x0800a488   0x0800a488   0x00000012   Data   RO         1938    .constdata          stm32f1xx_hal_rcc.o
    0x0800a49a   0x0800a49a   0x00000012   Data   RO         2030    .constdata          stm32f1xx_hal_rcc_ex.o
    0x0800a4ac   0x0800a4ac   0x00000010   Data   RO         4774    .constdata          system_stm32f1xx.o
    0x0800a4bc   0x0800a4bc   0x00000008   Data   RO         4775    .constdata          system_stm32f1xx.o
    0x0800a4c4   0x0800a4c4   0x00000011   Data   RO         6460    .constdata          c_w.l(__printf_flags_ss_wp.o)
    0x0800a4d5   0x0800a4d5   0x00000003   PAD
    0x0800a4d8   0x0800a4d8   0x00000008   Data   RO         6547    .constdata          c_w.l(_printf_wctomb.o)
    0x0800a4e0   0x0800a4e0   0x00000028   Data   RO         6576    .constdata          c_w.l(_printf_hex_int_ll_ptr.o)
    0x0800a508   0x0800a508   0x00000026   Data   RO         6644    .constdata          c_w.l(_printf_fp_hex.o)
    0x0800a52e   0x0800a52e   0x00000002   PAD
    0x0800a530   0x0800a530   0x00000094   Data   RO         6666    .constdata          c_w.l(bigflt0.o)
    0x0800a5c4   0x0800a5c4   0x0000032a   Data   RO          279    .conststring        wifi.o
    0x0800a8ee   0x0800a8ee   0x00000002   PAD
    0x0800a8f0   0x0800a8f0   0x000000e3   Data   RO          830    .conststring        freertos.o
    0x0800a9d3   0x0800a9d3   0x00000001   PAD
    0x0800a9d4   0x0800a9d4   0x00000020   Data   RO         6839    Region$$Table       anon$$obj.o
    0x0800a9f4   0x0800a9f4   0x0000001c   Data   RO         6690    locale$$data        c_w.l(lc_numeric_c.o)
    0x0800aa10   0x0800aa10   0x00000110   Data   RO         6712    locale$$data        c_w.l(lc_ctype_c.o)


    Execution Region RW_IRAM1 (Exec base: 0x20000000, Load base: 0x0800ab20, Size: 0x0000bed0, Max: 0x00010000, ABSOLUTE, COMPRESSED[0x00000044])

    Exec Addr    Load Addr    Size         Type   Attr      Idx    E Section Name        Object

    0x20000000   COMPRESSED   0x00000017   Data   RW           33    .data               oled.o
    0x20000017   COMPRESSED   0x00000001   PAD
    0x20000018   COMPRESSED   0x00000010   Data   RW          481    .data               adc_2.o
    0x20000028   COMPRESSED   0x00000008   Data   RW          620    .data               jdq.o
    0x20000030   COMPRESSED   0x000000f8   Data   RW          835    .data               freertos.o
    0x20000128   COMPRESSED   0x0000000c   Data   RW         1775    .data               stm32f1xx_hal.o
    0x20000134   COMPRESSED   0x00000004   Data   RW         4776    .data               system_stm32f1xx.o
    0x20000138   COMPRESSED   0x0000003c   Data   RW         5432    .data               tasks.o
    0x20000174   COMPRESSED   0x00000014   Data   RW         5748    .data               timers.o
    0x20000188   COMPRESSED   0x00000004   Data   RW         5945    .data               cmsis_os2.o
    0x2000018c   COMPRESSED   0x00000018   Data   RW         6308    .data               heap_4.o
    0x200001a4   COMPRESSED   0x0000000c   Data   RW         6359    .data               port.o
    0x200001b0        -       0x00000200   Zero   RW          278    .bss                wifi.o
    0x200003b0        -       0x00000020   Zero   RW          370    .bss                tjc_usart_hmi.o
    0x200003d0        -       0x00000028   Zero   RW          480    .bss                adc_2.o
    0x200003f8        -       0x0000047c   Zero   RW          828    .bss                freertos.o
    0x20000874        -       0x00000074   Zero   RW          996    .bss                adc.o
    0x200008e8        -       0x000000a8   Zero   RW         1063    .bss                i2c.o
    0x20000990        -       0x00000014   Zero   RW         1110    .bss                rtc.o
    0x200009a4        -       0x00000090   Zero   RW         1155    .bss                tim.o
    0x20000a34        -       0x00000120   Zero   RW         1215    .bss                usart.o
    0x20000b54        -       0x00000048   Zero   RW         1402    .bss                stm32f1xx_hal_timebase_tim.o
    0x20000b9c        -       0x00000040   Zero   RW         5015    .bss                queue.o
    0x20000bdc        -       0x000004c4   Zero   RW         5431    .bss                tasks.o
    0x200010a0        -       0x00000118   Zero   RW         5747    .bss                timers.o
    0x200011b8        -       0x000006b8   Zero   RW         5944    .bss                cmsis_os2.o
    0x20001870        -       0x0000a000   Zero   RW         6307    .bss                heap_4.o
    0x2000b870        -       0x00000060   Zero   RW         6708    .bss                c_w.l(libspace.o)
    0x2000b8d0        -       0x00000200   Zero   RW            2    HEAP                startup_stm32f103xe.o
    0x2000bad0        -       0x00000400   Zero   RW            1    STACK               startup_stm32f103xe.o


==============================================================================

Image component sizes


      Code (inc. data)   RO Data    RW Data    ZI Data      Debug   Object Name

       244         30          0          0        116       1699   adc.o
       168         26          0         16         40       1529   adc_2.o
      1132         70          0          4       1720      24291   cmsis_os2.o
       404         22          0          0          0       4419   dht11.o
        44          4          0          0          0        722   dma.o
         0          0          0          0          0      20108   event_groups.o
      4230        394        879        248       1148      23194   freertos.o
       220         18          0          0          0        983   gpio.o
       460         24          0         24      40960       4575   heap_4.o
       280         46          0          0        168       2194   i2c.o
       252         12          0          8          0       1929   jdq.o
       100          0          0          0          0       1886   kal_lb.o
       138          0          0          0          0       3302   list.o
       228          6          0          0          0       2860   main.o
       770         20          0         23          0     533547   oled.o
         0          0       2056          0          0        610   oledfont.o
       662         70          0         12          0      10605   port.o
      2310         24          0          0         64      24363   queue.o
       184         22          0          0         20       1551   rtc.o
      1068         50          0          0          0       8969   sgp30.o
        64         26        304          0       1536        792   startup_stm32f103xe.o
       100         18          0         12          0       5730   stm32f1xx_hal.o
      1138         60          0          0          0       8378   stm32f1xx_hal_adc.o
       216          6          0          0          0       1398   stm32f1xx_hal_adc_ex.o
       158         14          0          0          0      28106   stm32f1xx_hal_cortex.o
      1236         52          0          0          0       4998   stm32f1xx_hal_dma.o
       524         42          0          0          0       3463   stm32f1xx_hal_gpio.o
      1414         32          0          0          0       9223   stm32f1xx_hal_i2c.o
        72         10          0          0          0        834   stm32f1xx_hal_msp.o
        12          4          0          0          0        495   stm32f1xx_hal_pwr.o
      1316        100         18          0          0       6057   stm32f1xx_hal_rcc.o
       420         30         18          0          0       2465   stm32f1xx_hal_rcc_ex.o
       910         12          0          0          0       9152   stm32f1xx_hal_rtc.o
        66          0          0          0          0       2037   stm32f1xx_hal_rtc_ex.o
      1168         62          0          0          0      10746   stm32f1xx_hal_tim.o
       128         20          0          0          0       2337   stm32f1xx_hal_tim_ex.o
       152         20          0          0         72       1427   stm32f1xx_hal_timebase_tim.o
      1602         10          0          0          0      10873   stm32f1xx_hal_uart.o
       108         48          0          0          0       5824   stm32f1xx_it.o
         0          0          0          0          0       8900   stream_buffer.o
         2          0         24          4          0       1067   system_stm32f1xx.o
      2520        212          0         60       1220      26636   tasks.o
       336         26          0          0        144       2774   tim.o
       912         82          0         20        280      25747   timers.o
        64         18          0          0         32       1162   tjc_usart_hmi.o
       680         70          0          0        288       3687   usart.o
       404        188        810          0        512      12086   wifi.o

    ----------------------------------------------------------------------
     28678       2000       4146        432      48320     869730   Object Totals
         0          0         32          0          0          0   (incl. Generated)
        62          0          5          1          0          0   (incl. Padding)

    ----------------------------------------------------------------------

      Code (inc. data)   RO Data    RW Data    ZI Data      Debug   Library Member Name

        56          6          0          0          0         88   __2snprintf.o
        58          0          0          0          0          0   __dczerorl.o
         8          0          0          0          0         68   __main.o
       392          4         17          0          0         92   __printf_flags_ss_wp.o
        14          0          0          0          0         68   __printf_wp.o
         0          0          0          0          0          0   __rtentry.o
        12          0          0          0          0          0   __rtentry2.o
         6          0          0          0          0          0   __rtentry4.o
        52          8          0          0          0          0   __scatter.o
        28          0          0          0          0          0   __scatter_zi.o
         6          0          0          0          0          0   _printf_a.o
         6          0          0          0          0          0   _printf_c.o
        44          0          0          0          0        108   _printf_char.o
        48          6          0          0          0         96   _printf_char_common.o
        40          0          0          0          0         68   _printf_charcount.o
         6          0          0          0          0          0   _printf_d.o
       120         16          0          0          0         92   _printf_dec.o
         6          0          0          0          0          0   _printf_e.o
         6          0          0          0          0          0   _printf_f.o
      1054          0          0          0          0        216   _printf_fp_dec.o
       764          8         38          0          0        100   _printf_fp_hex.o
       128         16          0          0          0         84   _printf_fp_infnan.o
         6          0          0          0          0          0   _printf_g.o
       148          4         40          0          0        160   _printf_hex_int_ll_ptr.o
         6          0          0          0          0          0   _printf_i.o
       178          0          0          0          0         88   _printf_intcommon.o
        10          0          0          0          0          0   _printf_l.o
         6          0          0          0          0          0   _printf_lc.o
        10          0          0          0          0          0   _printf_ll.o
         6          0          0          0          0          0   _printf_lld.o
         6          0          0          0          0          0   _printf_lli.o
         6          0          0          0          0          0   _printf_llo.o
         6          0          0          0          0          0   _printf_llu.o
         6          0          0          0          0          0   _printf_llx.o
       124         16          0          0          0         92   _printf_longlong_dec.o
         6          0          0          0          0          0   _printf_ls.o
         6          0          0          0          0          0   _printf_n.o
         6          0          0          0          0          0   _printf_o.o
       112         10          0          0          0        124   _printf_oct_int_ll.o
         6          0          0          0          0          0   _printf_p.o
        78          0          0          0          0        108   _printf_pad.o
         0          0          0          0          0          0   _printf_percent.o
         4          0          0          0          0          0   _printf_percent_end.o
         6          0          0          0          0          0   _printf_s.o
        82          0          0          0          0         80   _printf_str.o
        36          0          0          0          0         84   _printf_truncate.o
         6          0          0          0          0          0   _printf_u.o
        44          0          0          0          0        108   _printf_wchar.o
       188          6          8          0          0         92   _printf_wctomb.o
         6          0          0          0          0          0   _printf_x.o
        16          0          0          0          0         68   _snputc.o
        10          0          0          0          0         68   _sputc.o
        64          0          0          0          0         92   _wcrtomb.o
        16          0          0          0          0         68   aeabi_memset.o
       228          4        148          0          0         96   bigflt0.o
      1936        128          0          0          0        672   btod.o
        18          0          0          0          0         80   exit.o
         6          0          0          0          0        152   heapauxi.o
         0          0          0          0          0          0   indicate_semi.o
        44         10        272          0          0         76   lc_ctype_c.o
        44         10         28          0          0         76   lc_numeric_c.o
         2          0          0          0          0          0   libinit.o
        30          0          0          0          0          0   libinit2.o
         2          0          0          0          0          0   libshutdown.o
         2          0          0          0          0          0   libshutdown2.o
         8          4          0          0         96         68   libspace.o
       138          0          0          0          0         80   lludiv10.o
        16          4          0          0          0         76   rt_ctype_table.o
         8          4          0          0          0         68   rt_locale_intlibspace.o
        68          0          0          0          0         68   rt_memclr.o
        78          0          0          0          0         80   rt_memclr_w.o
       138          0          0          0          0         68   rt_memcpy_v6.o
       100          0          0          0          0         80   rt_memcpy_w.o
         2          0          0          0          0          0   rtexit.o
        10          0          0          0          0          0   rtexit2.o
       128          0          0          0          0         68   strcmpv7m.o
        36          0          0          0          0         80   strstr.o
        12          4          0          0          0         68   sys_exit.o
        74          0          0          0          0         80   sys_stackheap_outer.o
         2          0          0          0          0         68   use_no_semi.o
        52          4          0          0          0         80   vsnprintf.o
        98          4          0          0          0         92   d2f.o
       804         16          0          0          0        272   daddsub_clz.o
        38          0          0          0          0         68   dflt_clz.o
       156          4          0          0          0         92   dnaninf.o
        12          0          0          0          0         68   dretinf.o
        86          4          0          0          0         84   f2d.o
       450          8          0          0          0        236   faddsub_clz.o
        12          4          0          0          0         68   fcheck1.o
        24          0          0          0          0         68   fcmpi.o
       388         76          0          0          0         96   fdiv.o
        54          4          0          0          0         84   ffix.o
        62          4          0          0          0         84   ffixu.o
        86          0          0          0          0        136   fflt_clz.o
       104          4          0          0          0         84   fleqf.o
       258          4          0          0          0         84   fmul.o
       140          4          0          0          0         84   fnaninf.o
        10          0          0          0          0         68   fretinf.o
        98          0          0          0          0         68   frleqf.o
         4          0          0          0          0         68   printf1.o
         4          0          0          0          0         68   printf2.o
       100          0          0          0          0         68   retnan.o
        76          0          0          0          0         68   scalbnf.o
        48          0          0          0          0         68   trapv.o
         0          0          0          0          0          0   usenofp.o
        40          0          0          0          0         68   fpclassify.o

    ----------------------------------------------------------------------
     10428        408        556          0         96       6740   Library Totals
        30          0          5          0          0          0   (incl. Padding)

    ----------------------------------------------------------------------

      Code (inc. data)   RO Data    RW Data    ZI Data      Debug   Library Name

      7246        272        551          0         96       4496   c_w.l
      3112        136          0          0          0       2176   fz_ws.l
        40          0          0          0          0         68   m_ws.l

    ----------------------------------------------------------------------
     10428        408        556          0         96       6740   Library Totals

    ----------------------------------------------------------------------

==============================================================================


      Code (inc. data)   RO Data    RW Data    ZI Data      Debug   

     39106       2408       4702        432      48416     858006   Grand Totals
     39106       2408       4702         68      48416     858006   ELF Image Totals (compressed)
     39106       2408       4702         68          0          0   ROM Totals

==============================================================================

    Total RO  Size (Code + RO Data)                43808 (  42.78kB)
    Total RW  Size (RW Data + ZI Data)             48848 (  47.70kB)
    Total ROM Size (Code + RO Data + RW Data)      43876 (  42.85kB)

==============================================================================

