Component: ARM Compiler 5.06 update 5 (build 528) Tool: armlink [4d35e2]

==============================================================================

Section Cross References

    startup_stm32f103xe.o(STACK) refers (Special) to heapauxi.o(.text) for __use_two_region_memory
    startup_stm32f103xe.o(HEAP) refers (Special) to heapauxi.o(.text) for __use_two_region_memory
    startup_stm32f103xe.o(RESET) refers (Special) to heapauxi.o(.text) for __use_two_region_memory
    startup_stm32f103xe.o(RESET) refers to startup_stm32f103xe.o(STACK) for __initial_sp
    startup_stm32f103xe.o(RESET) refers to startup_stm32f103xe.o(.text) for Reset_Handler
    startup_stm32f103xe.o(RESET) refers to stm32f1xx_it.o(i.NMI_Handler) for NMI_Handler
    startup_stm32f103xe.o(RESET) refers to stm32f1xx_it.o(i.HardFault_Handler) for HardFault_Handler
    startup_stm32f103xe.o(RESET) refers to stm32f1xx_it.o(i.MemManage_Handler) for MemManage_Handler
    startup_stm32f103xe.o(RESET) refers to stm32f1xx_it.o(i.BusFault_Handler) for BusFault_Handler
    startup_stm32f103xe.o(RESET) refers to stm32f1xx_it.o(i.UsageFault_Handler) for UsageFault_Handler
    startup_stm32f103xe.o(RESET) refers to stm32f1xx_it.o(i.SVC_Handler) for SVC_Handler
    startup_stm32f103xe.o(RESET) refers to stm32f1xx_it.o(i.DebugMon_Handler) for DebugMon_Handler
    startup_stm32f103xe.o(RESET) refers to stm32f1xx_it.o(i.PendSV_Handler) for PendSV_Handler
    startup_stm32f103xe.o(RESET) refers to stm32f1xx_it.o(i.SysTick_Handler) for SysTick_Handler
    startup_stm32f103xe.o(RESET) refers to stm32f1xx_it.o(i.RTC_IRQHandler) for RTC_IRQHandler
    startup_stm32f103xe.o(RESET) refers to stm32f1xx_it.o(i.DMA1_Channel1_IRQHandler) for DMA1_Channel1_IRQHandler
    startup_stm32f103xe.o(RESET) refers to stm32f1xx_it.o(i.TIM3_IRQHandler) for TIM3_IRQHandler
    startup_stm32f103xe.o(RESET) refers to stm32f1xx_it.o(i.USART1_IRQHandler) for USART1_IRQHandler
    startup_stm32f103xe.o(RESET) refers to stm32f1xx_it.o(i.USART2_IRQHandler) for USART2_IRQHandler
    startup_stm32f103xe.o(RESET) refers to stm32f1xx_it.o(i.USART3_IRQHandler) for USART3_IRQHandler
    startup_stm32f103xe.o(.text) refers (Special) to heapauxi.o(.text) for __use_two_region_memory
    startup_stm32f103xe.o(.text) refers to system_stm32f1xx.o(i.SystemInit) for SystemInit
    startup_stm32f103xe.o(.text) refers to __main.o(!!!main) for __main
    startup_stm32f103xe.o(.text) refers to startup_stm32f103xe.o(HEAP) for Heap_Mem
    startup_stm32f103xe.o(.text) refers to startup_stm32f103xe.o(STACK) for Stack_Mem
    oled.o(i.OLED_Clear) refers to oled.o(i.OLED_WR_CMD) for OLED_WR_CMD
    oled.o(i.OLED_Clear) refers to oled.o(i.OLED_WR_DATA) for OLED_WR_DATA
    oled.o(i.OLED_DisplayMode) refers to oled.o(i.OLED_WR_CMD) for OLED_WR_CMD
    oled.o(i.OLED_Display_Off) refers to oled.o(i.OLED_WR_CMD) for OLED_WR_CMD
    oled.o(i.OLED_Display_On) refers to oled.o(i.OLED_WR_CMD) for OLED_WR_CMD
    oled.o(i.OLED_DrawBMP) refers to oled.o(i.OLED_Set_Pos) for OLED_Set_Pos
    oled.o(i.OLED_DrawBMP) refers to oled.o(i.OLED_WR_DATA) for OLED_WR_DATA
    oled.o(i.OLED_HorizontalShift) refers to oled.o(i.OLED_WR_CMD) for OLED_WR_CMD
    oled.o(i.OLED_Init) refers to stm32f1xx_hal.o(i.HAL_Delay) for HAL_Delay
    oled.o(i.OLED_Init) refers to oled.o(i.OLED_WR_CMD) for OLED_WR_CMD
    oled.o(i.OLED_Init) refers to oled.o(.data) for .data
    oled.o(i.OLED_IntensityControl) refers to oled.o(i.OLED_WR_CMD) for OLED_WR_CMD
    oled.o(i.OLED_On) refers to oled.o(i.OLED_WR_CMD) for OLED_WR_CMD
    oled.o(i.OLED_On) refers to oled.o(i.OLED_WR_DATA) for OLED_WR_DATA
    oled.o(i.OLED_Set_Pos) refers to oled.o(i.OLED_WR_CMD) for OLED_WR_CMD
    oled.o(i.OLED_ShowCHinese) refers to oled.o(i.OLED_Set_Pos) for OLED_Set_Pos
    oled.o(i.OLED_ShowCHinese) refers to oled.o(i.OLED_WR_DATA) for OLED_WR_DATA
    oled.o(i.OLED_ShowCHinese) refers to oledfont.o(.constdata) for Hzk
    oled.o(i.OLED_ShowChar) refers to oled.o(i.OLED_Set_Pos) for OLED_Set_Pos
    oled.o(i.OLED_ShowChar) refers to oled.o(i.OLED_WR_DATA) for OLED_WR_DATA
    oled.o(i.OLED_ShowChar) refers to oledfont.o(.constdata) for F6x8
    oled.o(i.OLED_ShowChar) refers to oledfont.o(.constdata) for F8X16
    oled.o(i.OLED_ShowNum) refers to oled.o(i.oled_pow) for oled_pow
    oled.o(i.OLED_ShowNum) refers to oled.o(i.OLED_ShowChar) for OLED_ShowChar
    oled.o(i.OLED_ShowString) refers to oled.o(i.OLED_ShowChar) for OLED_ShowChar
    oled.o(i.OLED_Showdecimal) refers to ffix.o(x$fpl$ffix) for __aeabi_f2iz
    oled.o(i.OLED_Showdecimal) refers to oled.o(i.oled_pow) for oled_pow
    oled.o(i.OLED_Showdecimal) refers to oled.o(i.OLED_ShowChar) for OLED_ShowChar
    oled.o(i.OLED_Showdecimal) refers to fflt_clz.o(x$fpl$ffltu) for __aeabi_ui2f
    oled.o(i.OLED_Showdecimal) refers to fflt_clz.o(x$fpl$fflt) for __aeabi_i2f
    oled.o(i.OLED_Showdecimal) refers to faddsub_clz.o(x$fpl$frsb) for __aeabi_frsub
[...]
    FLASH_IRQHandler                         0x08000293   Thumb Code     0  startup_stm32f103xe.o(.text)
    FSMC_IRQHandler                          0x08000293   Thumb Code     0  startup_stm32f103xe.o(.text)
    I2C1_ER_IRQHandler                       0x08000293   Thumb Code     0  startup_stm32f103xe.o(.text)
    I2C1_EV_IRQHandler                       0x08000293   Thumb Code     0  startup_stm32f103xe.o(.text)
    I2C2_ER_IRQHandler                       0x08000293   Thumb Code     0  startup_stm32f103xe.o(.text)
    I2C2_EV_IRQHandler                       0x08000293   Thumb Code     0  startup_stm32f103xe.o(.text)
    PVD_IRQHandler                           0x08000293   Thumb Code     0  startup_stm32f103xe.o(.text)
    RCC_IRQHandler                           0x08000293   Thumb Code     0  startup_stm32f103xe.o(.text)
    RTC_Alarm_IRQHandler                     0x08000293   Thumb Code     0  startup_stm32f103xe.o(.text)
    SDIO_IRQHandler                          0x08000293   Thumb Code     0  startup_stm32f103xe.o(.text)
    SPI1_IRQHandler                          0x08000293   Thumb Code     0  startup_stm32f103xe.o(.text)
    SPI2_IRQHandler                          0x08000293   Thumb Code     0  startup_stm32f103xe.o(.text)
    SPI3_IRQHandler                          0x08000293   Thumb Code     0  startup_stm32f103xe.o(.text)
    TAMPER_IRQHandler                        0x08000293   Thumb Code     0  startup_stm32f103xe.o(.text)
    TIM1_BRK_IRQHandler                      0x08000293   Thumb Code     0  startup_stm32f103xe.o(.text)
    TIM1_CC_IRQHandler                       0x08000293   Thumb Code     0  startup_stm32f103xe.o(.text)
    TIM1_TRG_COM_IRQHandler                  0x08000293   Thumb Code     0  startup_stm32f103xe.o(.text)
    TIM1_UP_IRQHandler                       0x08000293   Thumb Code     0  startup_stm32f103xe.o(.text)
    TIM2_IRQHandler                          0x08000293   Thumb Code     0  startup_stm32f103xe.o(.text)
    TIM4_IRQHandler                          0x08000293   Thumb Code     0  startup_stm32f103xe.o(.text)
    TIM5_IRQHandler                          0x08000293   Thumb Code     0  startup_stm32f103xe.o(.text)
    TIM6_IRQHandler                          0x08000293   Thumb Code     0  startup_stm32f103xe.o(.text)
    TIM7_IRQHandler                          0x08000293   Thumb Code     0  startup_stm32f103xe.o(.text)
    TIM8_BRK_IRQHandler                      0x08000293   Thumb Code     0  startup_stm32f103xe.o(.text)
    TIM8_CC_IRQHandler                       0x08000293   Thumb Code     0  startup_stm32f103xe.o(.text)
    TIM8_TRG_COM_IRQHandler                  0x08000293   Thumb Code     0  startup_stm32f103xe.o(.text)
    TIM8_UP_IRQHandler                       0x08000293   Thumb Code     0  startup_stm32f103xe.o(.text)
    UART4_IRQHandler                         0x08000293   Thumb Code     0  startup_stm32f103xe.o(.text)
    UART5_IRQHandler                         0x08000293   Thumb Code     0  startup_stm32f103xe.o(.text)
    USBWakeUp_IRQHandler                     0x08000293   Thumb Code     0  startup_stm32f103xe.o(.text)
    USB_HP_CAN1_TX_IRQHandler                0x08000293   Thumb Code     0  startup_stm32f103xe.o(.text)
    USB_LP_CAN1_RX0_IRQHandler               0x08000293   Thumb Code     0  startup_stm32f103xe.o(.text)
    WWDG_IRQHandler                          0x08000293   Thumb Code     0  startup_stm32f103xe.o(.text)
    __user_initial_stackheap                 0x08000295   Thumb Code     0  startup_stm32f103xe.o(.text)
    vsnprintf                                0x080002b9   Thumb Code    48  vsnprintf.o(.text)
    __2snprintf                              0x080002ed   Thumb Code    50  __2snprintf.o(.text)
    _printf_str                              0x08000325   Thumb Code    82  _printf_str.o(.text)
    _printf_int_dec                          0x08000379   Thumb Code   104  _printf_dec.o(.text)
    __printf                                 0x080003f1   Thumb Code   388  __printf_flags_ss_wp.o(.text)
    strstr                                   0x08000579   Thumb Code    36  strstr.o(.text)
    strlen                                   0x0800059d   Thumb Code    62  strlen.o(.text)
    __aeabi_memclr4                          0x080005db   Thumb Code     0  rt_memclr_w.o(.text)
    __aeabi_memclr8                          0x080005db   Thumb Code     0  rt_memclr_w.o(.text)
    __rt_memclr_w                            0x080005db   Thumb Code    78  rt_memclr_w.o(.text)
    _memset_w                                0x080005df   Thumb Code     0  rt_memclr_w.o(.text)
    __use_two_region_memory                  0x08000629   Thumb Code     2  heapauxi.o(.text)
    __rt_heap_escrow$2region                 0x0800062b   Thumb Code     2  heapauxi.o(.text)
    __rt_heap_expand$2region                 0x0800062d   Thumb Code     2  heapauxi.o(.text)
    _printf_pre_padding                      0x0800062f   Thumb Code    44  _printf_pad.o(.text)
    _printf_post_padding                     0x0800065b   Thumb Code    34  _printf_pad.o(.text)
    _printf_truncate_signed                  0x0800067d   Thumb Code    18  _printf_truncate.o(.text)
    _printf_truncate_unsigned                0x0800068f   Thumb Code    18  _printf_truncate.o(.text)
    _printf_int_common                       0x080006a1   Thumb Code   178  _printf_intcommon.o(.text)
    _printf_charcount                        0x08000753   Thumb Code    40  _printf_charcount.o(.text)
    _printf_char_common                      0x08000787   Thumb Code    32  _printf_char_common.o(.text)
    _sputc                                   0x080007ad   Thumb Code    10  _sputc.o(.text)
    _snputc                                  0x080007b7   Thumb Code    16  _snputc.o(.text)
    _printf_cs_common                        0x080007c7   Thumb Code    20  _printf_char.o(.text)
    _printf_char                             0x080007db   Thumb Code    16  _printf_char.o(.text)
    _printf_string                           0x080007eb   Thumb Code     8  _printf_char.o(.text)
    _printf_wctomb                           0x080007f5   Thumb Code   182  _printf_wctomb.o(.text)
    _printf_longlong_dec                     0x080008b1   Thumb Code   108  _printf_longlong_dec.o(.text)
    _printf_longlong_oct                     0x0800092d   Thumb Code    66  _printf_oct_int_ll.o(.text)
    _printf_int_oct                          0x0800096f   Thumb Code    24  _printf_oct_int_ll.o(.text)
    _printf_ll_oct                           0x08000987   Thumb Code    12  _printf_oct_int_ll.o(.text)
    _printf_longlong_hex                     0x0800099d   Thumb Code    86  _printf_hex_int_ll_ptr.o(.text)
    _printf_int_hex                          0x080009f3   Thumb Code    28  _printf_hex_int_ll_ptr.o(.text)
    _printf_ll_hex                           0x08000a0f   Thumb Code    12  _printf_hex_int_ll_ptr.o(.text)
    _printf_hex_ptr                          0x08000a1b   Thumb Code    18  _printf_hex_int_ll_ptr.o(.text)
    _ll_udiv10                               0x08000a31   Thumb Code   138  lludiv10.o(.text)
    __lib_sel_fp_printf                      0x08000abb   Thumb Code     2  _printf_fp_dec.o(.text)
    _printf_fp_dec_real                      0x08000c6d   Thumb Code   620  _printf_fp_dec.o(.text)
    _printf_fp_hex_real                      0x08000ed9   Thumb Code   756  _printf_fp_hex.o(.text)
    _printf_lcs_common                       0x080011d5   Thumb Code    20  _printf_wchar.o(.text)
    _printf_wchar                            0x080011e9   Thumb Code    16  _printf_wchar.o(.text)
    _printf_wstring                          0x080011f9   Thumb Code     8  _printf_wchar.o(.text)
    _wcrtomb                                 0x08001201   Thumb Code    64  _wcrtomb.o(.text)
    __user_setup_stackheap                   0x08001241   Thumb Code    74  sys_stackheap_outer.o(.text)
    __rt_ctype_table                         0x0800128d   Thumb Code    16  rt_ctype_table.o(.text)
    __rt_locale                              0x0800129d   Thumb Code     8  rt_locale_intlibspace.o(.text)
    _printf_fp_infnan                        0x080012a5   Thumb Code   112  _printf_fp_infnan.o(.text)
    _btod_etento                             0x08001325   Thumb Code   224  bigflt0.o(.text)
    exit                                     0x08001409   Thumb Code    18  exit.o(.text)
    __user_libspace                          0x0800141d   Thumb Code     8  libspace.o(.text)
    __user_perproc_libspace                  0x0800141d   Thumb Code     0  libspace.o(.text)
    __user_perthread_libspace                0x0800141d   Thumb Code     0  libspace.o(.text)
    strcmp                                   0x08001425   Thumb Code   128  strcmpv7m.o(.text)
    _sys_exit                                0x080014a5   Thumb Code     8  sys_exit.o(.text)
    __I$use$semihosting                      0x080014b1   Thumb Code     0  use_no_semi.o(.text)
    __use_no_semihosting_swi                 0x080014b1   Thumb Code     2  use_no_semi.o(.text)
    __semihosting_library_function           0x080014b3   Thumb Code     0  indicate_semi.o(.text)
    _btod_d2e                                0x080014b3   Thumb Code    62  btod.o(CL$$btod_d2e)
    _d2e_denorm_low                          0x080014f1   Thumb Code    70  btod.o(CL$$btod_d2e_denorm_low)
    _d2e_norm_op1                            0x08001537   Thumb Code    96  btod.o(CL$$btod_d2e_norm_op1)
    __btod_div_common                        0x08001597   Thumb Code   696  btod.o(CL$$btod_div_common)
    _e2e                                     0x080018cf   Thumb Code   220  btod.o(CL$$btod_e2e)
    _btod_ediv                               0x080019ab   Thumb Code    42  btod.o(CL$$btod_ediv)
    _btod_emul                               0x080019d5   Thumb Code    42  btod.o(CL$$btod_emul)
    __btod_mult_common                       0x080019ff   Thumb Code   580  btod.o(CL$$btod_mult_common)
    ADC_ConversionStop_Disable               0x08001c45   Thumb Code    86  stm32f1xx_hal_adc.o(i.ADC_ConversionStop_Disable)
    ADC_DMAConvCplt                          0x08001c9b   Thumb Code    78  stm32f1xx_hal_adc.o(i.ADC_DMAConvCplt)
    ADC_DMAError                             0x08001ce9   Thumb Code    26  stm32f1xx_hal_adc.o(i.ADC_DMAError)
    ADC_DMAHalfConvCplt                      0x08001d03   Thumb Code    10  stm32f1xx_hal_adc.o(i.ADC_DMAHalfConvCplt)
    ADC_Enable                               0x08001d0d   Thumb Code   114  stm32f1xx_hal_adc.o(i.ADC_Enable)
    ADC_dispose                              0x08001d89   Thumb Code   142  adc_2.o(i.ADC_dispose)
    BusFault_Handler                         0x08001e31   Thumb Code     2  stm32f1xx_it.o(i.BusFault_Handler)
    DHT11_Check                              0x08001e35   Thumb Code    84  dht11.o(i.DHT11_Check)
    DHT11_IO_IN                              0x08001e8d   Thumb Code    20  dht11.o(i.DHT11_IO_IN)
    DHT11_IO_OUT                             0x08001ea5   Thumb Code    24  dht11.o(i.DHT11_IO_OUT)
    DHT11_Init                               0x08001ec1   Thumb Code    14  dht11.o(i.DHT11_Init)
    DHT11_Read_Bit                           0x08001ed1   Thumb Code    82  dht11.o(i.DHT11_Read_Bit)
    DHT11_Read_Byte                          0x08001f29   Thumb Code    26  dht11.o(i.DHT11_Read_Byte)
    DHT11_Read_Data                          0x08001f43   Thumb Code    88  dht11.o(i.DHT11_Read_Data)
    DHT11_Rst                                0x08001f9d   Thumb Code    44  dht11.o(i.DHT11_Rst)
    DMA1_Channel1_IRQHandler                 0x08001fcd   Thumb Code     6  stm32f1xx_it.o(i.DMA1_Channel1_IRQHandler)
    DebugMon_Handler                         0x08002003   Thumb Code     2  stm32f1xx_it.o(i.DebugMon_Handler)
    ESP8266_Init                             0x08002005   Thumb Code    98  wifi.o(i.ESP8266_Init)
    ESP8266_fs_Data                          0x080020dd   Thumb Code    56  wifi.o(i.ESP8266_fs_Data)
    ESP8266_fs_Data2                         0x08002119   Thumb Code    12  wifi.o(i.ESP8266_fs_Data2)
    Error_Handler                            0x08002129   Thumb Code     4  main.o(i.Error_Handler)
    HAL_ADCEx_Calibration_Start              0x0800212d   Thumb Code   210  stm32f1xx_hal_adc_ex.o(i.HAL_ADCEx_Calibration_Start)
    HAL_ADC_ConfigChannel                    0x08002205   Thumb Code   240  stm32f1xx_hal_adc.o(i.HAL_ADC_ConfigChannel)
    HAL_ADC_ConvCpltCallback                 0x08002301   Thumb Code     2  stm32f1xx_hal_adc.o(i.HAL_ADC_ConvCpltCallback)
    HAL_ADC_ConvHalfCpltCallback             0x08002303   Thumb Code     2  stm32f1xx_hal_adc.o(i.HAL_ADC_ConvHalfCpltCallback)
    HAL_ADC_ErrorCallback                    0x08002305   Thumb Code     2  stm32f1xx_hal_adc.o(i.HAL_ADC_ErrorCallback)
    HAL_ADC_Init                             0x08002309   Thumb Code   272  stm32f1xx_hal_adc.o(i.HAL_ADC_Init)
    HAL_ADC_MspInit                          0x08002429   Thumb Code   122  adc.o(i.HAL_ADC_MspInit)
    HAL_ADC_Start_DMA                        0x080024b9   Thumb Code   246  stm32f1xx_hal_adc.o(i.HAL_ADC_Start_DMA)
    HAL_DMA_Abort                            0x080025c5   Thumb Code    70  stm32f1xx_hal_dma.o(i.HAL_DMA_Abort)
    HAL_DMA_Abort_IT                         0x0800260d   Thumb Code   296  stm32f1xx_hal_dma.o(i.HAL_DMA_Abort_IT)
    HAL_DMA_IRQHandler                       0x0800273d   Thumb Code   552  stm32f1xx_hal_dma.o(i.HAL_DMA_IRQHandler)
    HAL_DMA_Init                             0x08002985   Thumb Code   112  stm32f1xx_hal_dma.o(i.HAL_DMA_Init)
    HAL_DMA_Start_IT                         0x08002a01   Thumb Code   112  stm32f1xx_hal_dma.o(i.HAL_DMA_Start_IT)
    HAL_Delay                                0x08002a71   Thumb Code    32  stm32f1xx_hal.o(i.HAL_Delay)
    HAL_GPIO_Init                            0x08002a95   Thumb Code   462  stm32f1xx_hal_gpio.o(i.HAL_GPIO_Init)
    HAL_GPIO_ReadPin                         0x08002c8d   Thumb Code    10  stm32f1xx_hal_gpio.o(i.HAL_GPIO_ReadPin)
    HAL_GPIO_WritePin                        0x08002c97   Thumb Code    10  stm32f1xx_hal_gpio.o(i.HAL_GPIO_WritePin)
    HAL_GetTick                              0x08002ca1   Thumb Code     6  stm32f1xx_hal.o(i.HAL_GetTick)
    HAL_I2C_Init                             0x08002cad   Thumb Code   376  stm32f1xx_hal_i2c.o(i.HAL_I2C_Init)
    HAL_I2C_Mem_Write                        0x08002e35   Thumb Code   294  stm32f1xx_hal_i2c.o(i.HAL_I2C_Mem_Write)
    HAL_I2C_MspInit                          0x08002f65   Thumb Code   134  i2c.o(i.HAL_I2C_MspInit)
    HAL_IncTick                              0x08002ffd   Thumb Code    12  stm32f1xx_hal.o(i.HAL_IncTick)
    HAL_Init                                 0x0800300d   Thumb Code    32  stm32f1xx_hal.o(i.HAL_Init)
    HAL_InitTick                             0x08003031   Thumb Code    54  stm32f1xx_hal.o(i.HAL_InitTick)
    HAL_MspInit                              0x08003071   Thumb Code    52  stm32f1xx_hal_msp.o(i.HAL_MspInit)
    HAL_NVIC_EnableIRQ                       0x080030ad   Thumb Code    26  stm32f1xx_hal_cortex.o(i.HAL_NVIC_EnableIRQ)
    HAL_NVIC_SetPriority                     0x080030c9   Thumb Code    60  stm32f1xx_hal_cortex.o(i.HAL_NVIC_SetPriority)
    HAL_NVIC_SetPriorityGrouping             0x08003109   Thumb Code    26  stm32f1xx_hal_cortex.o(i.HAL_NVIC_SetPriorityGrouping)
    HAL_NVIC_SystemReset                     0x0800312d   Thumb Code    26  stm32f1xx_hal_cortex.o(i.HAL_NVIC_SystemReset)
    HAL_PWR_EnableBkUpAccess                 0x08003151   Thumb Code     8  stm32f1xx_hal_pwr.o(i.HAL_PWR_EnableBkUpAccess)
    HAL_RCCEx_GetPeriphCLKFreq               0x0800315d   Thumb Code   166  stm32f1xx_hal_rcc_ex.o(i.HAL_RCCEx_GetPeriphCLKFreq)
    HAL_RCCEx_PeriphCLKConfig                0x08003215   Thumb Code   224  stm32f1xx_hal_rcc_ex.o(i.HAL_RCCEx_PeriphCLKConfig)
    HAL_RCC_ClockConfig                      0x08003301   Thumb Code   280  stm32f1xx_hal_rcc.o(i.HAL_RCC_ClockConfig)
    HAL_RCC_GetHCLKFreq                      0x0800342d   Thumb Code     6  stm32f1xx_hal_rcc.o(i.HAL_RCC_GetHCLKFreq)
    HAL_RCC_GetPCLK1Freq                     0x08003439   Thumb Code    20  stm32f1xx_hal_rcc.o(i.HAL_RCC_GetPCLK1Freq)
    HAL_RCC_GetPCLK2Freq                     0x08003459   Thumb Code    20  stm32f1xx_hal_rcc.o(i.HAL_RCC_GetPCLK2Freq)
    HAL_RCC_GetSysClockFreq                  0x08003479   Thumb Code    58  stm32f1xx_hal_rcc.o(i.HAL_RCC_GetSysClockFreq)
    HAL_RCC_OscConfig                        0x080034c5   Thumb Code   778  stm32f1xx_hal_rcc.o(i.HAL_RCC_OscConfig)
    HAL_RTCEx_RTCEventCallback               0x080037e5   Thumb Code     2  stm32f1xx_hal_rtc_ex.o(i.HAL_RTCEx_RTCEventCallback)
    HAL_RTCEx_RTCEventErrorCallback          0x080037e7   Thumb Code     2  stm32f1xx_hal_rtc_ex.o(i.HAL_RTCEx_RTCEventErrorCallback)
    HAL_RTCEx_RTCIRQHandler                  0x080037e9   Thumb Code    62  stm32f1xx_hal_rtc_ex.o(i.HAL_RTCEx_RTCIRQHandler)
    HAL_RTC_Init                             0x08003829   Thumb Code   144  stm32f1xx_hal_rtc.o(i.HAL_RTC_Init)
    HAL_RTC_MspInit                          0x080038bd   Thumb Code    60  rtc.o(i.HAL_RTC_MspInit)
    HAL_RTC_SetDate                          0x08003905   Thumb Code   192  stm32f1xx_hal_rtc.o(i.HAL_RTC_SetDate)
    HAL_RTC_SetTime                          0x080039c9   Thumb Code   168  stm32f1xx_hal_rtc.o(i.HAL_RTC_SetTime)
    HAL_RTC_WaitForSynchro                   0x08003a75   Thumb Code    58  stm32f1xx_hal_rtc.o(i.HAL_RTC_WaitForSynchro)
    HAL_SYSTICK_Config                       0x08003aaf   Thumb Code    40  stm32f1xx_hal_cortex.o(i.HAL_SYSTICK_Config)
    HAL_TIMEx_BreakCallback                  0x08003ad7   Thumb Code     2  stm32f1xx_hal_tim_ex.o(i.HAL_TIMEx_BreakCallback)
    HAL_TIMEx_CommutCallback                 0x08003ad9   Thumb Code     2  stm32f1xx_hal_tim_ex.o(i.HAL_TIMEx_CommutCallback)
    HAL_TIMEx_MasterConfigSynchronization    0x08003add   Thumb Code   104  stm32f1xx_hal_tim_ex.o(i.HAL_TIMEx_MasterConfigSynchronization)
    HAL_TIM_Base_Init                        0x08003b59   Thumb Code    90  stm32f1xx_hal_tim.o(i.HAL_TIM_Base_Init)
    HAL_TIM_Base_MspInit                     0x08003bb5   Thumb Code    72  tim.o(i.HAL_TIM_Base_MspInit)
    HAL_TIM_Base_Start                       0x08003c05   Thumb Code    78  stm32f1xx_hal_tim.o(i.HAL_TIM_Base_Start)
    HAL_TIM_Base_Start_IT                    0x08003c69   Thumb Code    88  stm32f1xx_hal_tim.o(i.HAL_TIM_Base_Start_IT)
    HAL_TIM_Base_Stop                        0x08003cd5   Thumb Code    38  stm32f1xx_hal_tim.o(i.HAL_TIM_Base_Stop)
    HAL_TIM_ConfigClockSource                0x08003cfb   Thumb Code   220  stm32f1xx_hal_tim.o(i.HAL_TIM_ConfigClockSource)
    HAL_TIM_IC_CaptureCallback               0x08003dd7   Thumb Code     2  stm32f1xx_hal_tim.o(i.HAL_TIM_IC_CaptureCallback)
    HAL_TIM_IRQHandler                       0x08003dd9   Thumb Code   304  stm32f1xx_hal_tim.o(i.HAL_TIM_IRQHandler)
    HAL_TIM_OC_DelayElapsedCallback          0x08003f09   Thumb Code     2  stm32f1xx_hal_tim.o(i.HAL_TIM_OC_DelayElapsedCallback)
    HAL_TIM_PWM_PulseFinishedCallback        0x08003f0b   Thumb Code     2  stm32f1xx_hal_tim.o(i.HAL_TIM_PWM_PulseFinishedCallback)
    HAL_TIM_PeriodElapsedCallback            0x08003f0d   Thumb Code    40  main.o(i.HAL_TIM_PeriodElapsedCallback)
    HAL_TIM_TriggerCallback                  0x08003f3d   Thumb Code     2  stm32f1xx_hal_tim.o(i.HAL_TIM_TriggerCallback)
    HAL_UARTEx_RxEventCallback               0x08003f3f   Thumb Code     2  stm32f1xx_hal_uart.o(i.HAL_UARTEx_RxEventCallback)
    HAL_UART_ErrorCallback                   0x08003f41   Thumb Code     2  stm32f1xx_hal_uart.o(i.HAL_UART_ErrorCallback)
    HAL_UART_IRQHandler                      0x08003f45   Thumb Code   616  stm32f1xx_hal_uart.o(i.HAL_UART_IRQHandler)
    HAL_UART_Init                            0x080041b1   Thumb Code   100  stm32f1xx_hal_uart.o(i.HAL_UART_Init)
    HAL_UART_MspInit                         0x08004215   Thumb Code   318  usart.o(i.HAL_UART_MspInit)
    HAL_UART_Receive_IT                      0x08004371   Thumb Code    28  stm32f1xx_hal_uart.o(i.HAL_UART_Receive_IT)
    HAL_UART_RxCpltCallback                  0x0800438d   Thumb Code    52  main.o(i.HAL_UART_RxCpltCallback)
    HAL_UART_Transmit_IT                     0x080043d9   Thumb Code    50  stm32f1xx_hal_uart.o(i.HAL_UART_Transmit_IT)
    HAL_UART_Transmit_IT_printf              0x0800440d   Thumb Code    38  wifi.o(i.HAL_UART_Transmit_IT_printf)
    HAL_UART_TxCpltCallback                  0x0800443d   Thumb Code     2  main.o(i.HAL_UART_TxCpltCallback)
    HardFault_Handler                        0x0800443f   Thumb Code     2  stm32f1xx_it.o(i.HardFault_Handler)
    Kal_Init                                 0x08004925   Thumb Code   184  main.o(i.Kal_Init)
    Kal_pos                                  0x08004a05   Thumb Code   220  main.o(i.Kal_pos)
    KalmanFilter_Init                        0x08004afd   Thumb Code    14  kal_lb.o(i.KalmanFilter_Init)
    KalmanFilter_Update                      0x08004b0b   Thumb Code    86  kal_lb.o(i.KalmanFilter_Update)
    MX_ADC1_Init                             0x08004b61   Thumb Code    94  adc.o(i.MX_ADC1_Init)
    MX_DMA_Init                              0x08004bc9   Thumb Code    40  dma.o(i.MX_DMA_Init)
    MX_GPIO_Init                             0x08004bf5   Thumb Code   202  gpio.o(i.MX_GPIO_Init)
    MX_I2C1_Init                             0x08004cd1   Thumb Code    50  i2c.o(i.MX_I2C1_Init)
    MX_I2C2_Init                             0x08004d11   Thumb Code    50  i2c.o(i.MX_I2C2_Init)
    MX_RTC_Init                              0x08004d51   Thumb Code   102  rtc.o(i.MX_RTC_Init)
    MX_TIM2_Init                             0x08004dc1   Thumb Code    96  tim.o(i.MX_TIM2_Init)
    MX_TIM3_Init                             0x08004e25   Thumb Code    98  tim.o(i.MX_TIM3_Init)
    MX_USART1_UART_Init                      0x08004e91   Thumb Code    48  usart.o(i.MX_USART1_UART_Init)
    MX_USART2_UART_Init                      0x08004ec9   Thumb Code    48  usart.o(i.MX_USART2_UART_Init)
    MX_USART3_UART_Init                      0x08004f01   Thumb Code    48  usart.o(i.MX_USART3_UART_Init)
    MemManage_Handler                        0x08004f39   Thumb Code     2  stm32f1xx_it.o(i.MemManage_Handler)
    NMI_Handler                              0x08004f3b   Thumb Code     2  stm32f1xx_it.o(i.NMI_Handler)
    OLED_Clear                               0x08004f3d   Thumb Code    52  oled.o(i.OLED_Clear)
    OLED_Init                                0x08004f71   Thumb Code    28  oled.o(i.OLED_Init)
    OLED_Set_Pos                             0x08004f91   Thumb Code    34  oled.o(i.OLED_Set_Pos)
    OLED_ShowChar                            0x08004fb5   Thumb Code   148  oled.o(i.OLED_ShowChar)
    OLED_ShowNum                             0x08005051   Thumb Code   116  oled.o(i.OLED_ShowNum)
    OLED_Showdecimal                         0x080050c5   Thumb Code   292  oled.o(i.OLED_Showdecimal)
    OLED_UI                                  0x080051e9   Thumb Code   192  main.o(i.OLED_UI)
    OLED_WR_CMD                              0x080052ad   Thumb Code    32  oled.o(i.OLED_WR_CMD)
    OLED_WR_DATA                             0x080052d1   Thumb Code    32  oled.o(i.OLED_WR_DATA)
    PendSV_Handler                           0x080052f5   Thumb Code     2  stm32f1xx_it.o(i.PendSV_Handler)
    RTC_IRQHandler                           0x08005375   Thumb Code     6  stm32f1xx_it.o(i.RTC_IRQHandler)
    SVC_Handler                              0x08005495   Thumb Code     2  stm32f1xx_it.o(i.SVC_Handler)
    SysTick_Handler                          0x08005497   Thumb Code     4  stm32f1xx_it.o(i.SysTick_Handler)
    SystemClock_Config                       0x0800549b   Thumb Code   134  main.o(i.SystemClock_Config)
    SystemInit                               0x08005521   Thumb Code     2  system_stm32f1xx.o(i.SystemInit)
    TIM3_IRQHandler                          0x08005525   Thumb Code     6  stm32f1xx_it.o(i.TIM3_IRQHandler)
    TIM_Base_SetConfig                       0x08005531   Thumb Code   134  stm32f1xx_hal_tim.o(i.TIM_Base_SetConfig)
    TIM_ETR_SetConfig                        0x080055cd   Thumb Code    20  stm32f1xx_hal_tim.o(i.TIM_ETR_SetConfig)
    UART_Start_Receive_IT                    0x08005811   Thumb Code    54  stm32f1xx_hal_uart.o(i.UART_Start_Receive_IT)
    USART1_IRQHandler                        0x08005849   Thumb Code     6  stm32f1xx_it.o(i.USART1_IRQHandler)
    USART2_IRQHandler                        0x08005855   Thumb Code     6  stm32f1xx_it.o(i.USART2_IRQHandler)
    USART3_IRQHandler                        0x08005861   Thumb Code     6  stm32f1xx_it.o(i.USART3_IRQHandler)
    UsageFault_Handler                       0x0800586d   Thumb Code     2  stm32f1xx_it.o(i.UsageFault_Handler)
    __ARM_fpclassify                         0x0800586f   Thumb Code    40  fpclassify.o(i.__ARM_fpclassify)
    _is_digit                                0x080058b7   Thumb Code    14  __printf_wp.o(i._is_digit)
    cgq_sz                                   0x080058c5   Thumb Code    36  main.o(i.cgq_sz)
    check_and_reboot                         0x080058ed   Thumb Code    70  main.o(i.check_and_reboot)
    ck_fs                                    0x0800593d   Thumb Code   178  main.o(i.ck_fs)
    delay_us                                 0x08005a05   Thumb Code    44  tim.o(i.delay_us)
    extract_switch_value                     0x08005a35   Thumb Code    56  main.o(i.extract_switch_value)
    gy_pos                                   0x08005a75   Thumb Code    18  main.o(i.gy_pos)
    jdq_pos                                  0x08005a8d   Thumb Code    56  jdq.o(i.jdq_pos)
    jdq_pos_wifi                             0x08005ac9   Thumb Code   206  jdq.o(i.jdq_pos_wifi)
    main                                     0x08005bb9   Thumb Code   188  main.o(i.main)
    oled_pow                                 0x08005c95   Thumb Code    16  oled.o(i.oled_pow)
    sgp30_init                               0x08005d61   Thumb Code   142  sgp30.o(i.sgp30_init)
    sgp30_read                               0x08005df9   Thumb Code   118  sgp30.o(i.sgp30_read)
    sgp30_soft_reset                         0x08005e6f   Thumb Code    20  sgp30.o(i.sgp30_soft_reset)
    tw_cl                                    0x08005e85   Thumb Code    46  main.o(i.tw_cl)
    tw_cl2                                   0x08005eb9   Thumb Code    74  main.o(i.tw_cl2)
    tw_kz                                    0x08005f19   Thumb Code   186  main.o(i.tw_kz)
    wifi_cl                                  0x08005fd9   Thumb Code    92  main.o(i.wifi_cl)
    xsp_fs                                   0x0800606d   Thumb Code    46  tjc_usart_hmi.o(i.xsp_fs)
    zd_pos                                   0x080060ad   Thumb Code    18  main.o(i.zd_pos)
    zw_zt_cl                                 0x080060c5   Thumb Code   884  main.o(i.zw_zt_cl)
    _get_lc_numeric                          0x08006471   Thumb Code    44  lc_numeric_c.o(locale$$code)
    _get_lc_ctype                            0x0800649d   Thumb Code    44  lc_ctype_c.o(locale$$code)
    __aeabi_d2f                              0x080064c9   Thumb Code     0  d2f.o(x$fpl$d2f)
    _d2f                                     0x080064c9   Thumb Code    98  d2f.o(x$fpl$d2f)
    __aeabi_dadd                             0x0800652d   Thumb Code     0  daddsub_clz.o(x$fpl$dadd)
    _dadd                                    0x0800652d   Thumb Code   332  daddsub_clz.o(x$fpl$dadd)
    __aeabi_ui2d                             0x0800667d   Thumb Code     0  dflt_clz.o(x$fpl$dfltu)
    _dfltu                                   0x0800667d   Thumb Code    38  dflt_clz.o(x$fpl$dfltu)
    __fpl_dnaninf                            0x080066a3   Thumb Code   156  dnaninf.o(x$fpl$dnaninf)
    __fpl_dretinf                            0x0800673f   Thumb Code    12  dretinf.o(x$fpl$dretinf)
    __aeabi_dsub                             0x0800674d   Thumb Code     0  daddsub_clz.o(x$fpl$dsub)
    _dsub                                    0x0800674d   Thumb Code   464  daddsub_clz.o(x$fpl$dsub)
    __aeabi_f2d                              0x08006921   Thumb Code     0  f2d.o(x$fpl$f2d)
    _f2d                                     0x08006921   Thumb Code    86  f2d.o(x$fpl$f2d)
    __aeabi_fadd                             0x08006979   Thumb Code     0  faddsub_clz.o(x$fpl$fadd)
    _fadd                                    0x08006979   Thumb Code   196  faddsub_clz.o(x$fpl$fadd)
    __fpl_fcheck_NaN1                        0x08006a3d   Thumb Code     6  fcheck1.o(x$fpl$fcheck1)
    __fpl_fcmp_Inf                           0x08006a49   Thumb Code    24  fcmpi.o(x$fpl$fcmpinf)
    __aeabi_fdiv                             0x08006a61   Thumb Code     0  fdiv.o(x$fpl$fdiv)
    _fdiv                                    0x08006a61   Thumb Code   384  fdiv.o(x$fpl$fdiv)
    __aeabi_f2iz                             0x08006be5   Thumb Code     0  ffix.o(x$fpl$ffix)
    _ffix                                    0x08006be5   Thumb Code    54  ffix.o(x$fpl$ffix)
    __aeabi_f2uiz                            0x08006c1d   Thumb Code     0  ffixu.o(x$fpl$ffixu)
    _ffixu                                   0x08006c1d   Thumb Code    62  ffixu.o(x$fpl$ffixu)
    __aeabi_i2f                              0x08006c5d   Thumb Code     0  fflt_clz.o(x$fpl$fflt)
    _fflt                                    0x08006c5d   Thumb Code    48  fflt_clz.o(x$fpl$fflt)
    __aeabi_ui2f                             0x08006c8d   Thumb Code     0  fflt_clz.o(x$fpl$ffltu)
    _ffltu                                   0x08006c8d   Thumb Code    38  fflt_clz.o(x$fpl$ffltu)
    __aeabi_cfcmple                          0x08006cb5   Thumb Code     0  fleqf.o(x$fpl$fleqf)
    _fcmple                                  0x08006cb5   Thumb Code   104  fleqf.o(x$fpl$fleqf)
    __fpl_fcmple_InfNaN                      0x08006d07   Thumb Code     0  fleqf.o(x$fpl$fleqf)
    __aeabi_fmul                             0x08006d1d   Thumb Code     0  fmul.o(x$fpl$fmul)
    _fmul                                    0x08006d1d   Thumb Code   258  fmul.o(x$fpl$fmul)
    __fpl_fnaninf                            0x08006e1f   Thumb Code   140  fnaninf.o(x$fpl$fnaninf)
    __fpl_fretinf                            0x08006eab   Thumb Code    10  fretinf.o(x$fpl$fretinf)
    __aeabi_cfrcmple                         0x08006eb5   Thumb Code     0  frleqf.o(x$fpl$frleqf)
    _frcmple                                 0x08006eb5   Thumb Code    98  frleqf.o(x$fpl$frleqf)
    __aeabi_frsub                            0x08006f17   Thumb Code     0  faddsub_clz.o(x$fpl$frsb)
    _frsb                                    0x08006f17   Thumb Code    20  faddsub_clz.o(x$fpl$frsb)
    __aeabi_fsub                             0x08006f2d   Thumb Code     0  faddsub_clz.o(x$fpl$fsub)
    _fsub                                    0x08006f2d   Thumb Code   234  faddsub_clz.o(x$fpl$fsub)
    _printf_fp_dec                           0x08007017   Thumb Code     4  printf1.o(x$fpl$printf1)
    _printf_fp_hex                           0x0800701b   Thumb Code     4  printf2.o(x$fpl$printf2)
    __fpl_return_NaN                         0x0800701f   Thumb Code   100  retnan.o(x$fpl$retnan)
    __ARM_scalbnf                            0x08007083   Thumb Code    76  scalbnf.o(x$fpl$scalbnf)
    __fpl_cmpreturn                          0x080070cf   Thumb Code    48  trapv.o(x$fpl$trapveneer)
    F6x8                                     0x080070fe   Data         552  oledfont.o(.constdata)
    __I$use$fp                               0x080070fe   Number         0  usenofp.o(x$fpl$usenofp)
    F8X16                                    0x08007326   Data        1504  oledfont.o(.constdata)
    AHBPrescTable                            0x0800792a   Data          16  system_stm32f1xx.o(.constdata)
    APBPrescTable                            0x0800793a   Data           8  system_stm32f1xx.o(.constdata)
    Region$$Table$$Base                      0x08007d9c   Number         0  anon$$obj.o(Region$$Table)
    Region$$Table$$Limit                     0x08007dbc   Number         0  anon$$obj.o(Region$$Table)
    __ctype                                  0x08007de5   Data           0  lc_ctype_c.o(locale$$data)
    CMD_Data                                 0x20000000   Data          23  oled.o(.data)
    adcValue                                 0x2000001a   Data           4  adc_2.o(.data)
    gq                                       0x20000020   Data           4  adc_2.o(.data)
    tr_sd                                    0x20000024   Data           4  adc_2.o(.data)
    sb_num                                   0x20000030   Data           1  main.o(.data)
    bg_num                                   0x20000031   Data           1  main.o(.data)
    fs_num                                   0x20000032   Data           1  main.o(.data)
    sb_num_yy                                0x20000033   Data           1  main.o(.data)
    bg_num_yy                                0x20000034   Data           1  main.o(.data)
    fs_num_yy                                0x20000035   Data           1  main.o(.data)
    sb_num_yy2                               0x20000036   Data           1  main.o(.data)
    bg_num_yy2                               0x20000037   Data           1  main.o(.data)
    fs_num_yy2                               0x20000038   Data           1  main.o(.data)
    yy_num2                                  0x20000039   Data           1  main.o(.data)
    dsj_tim3                                 0x2000003a   Data           1  main.o(.data)
    dsq_fs                                   0x2000003b   Data           1  main.o(.data)
    zt_fs                                    0x2000003c   Data           1  main.o(.data)
    zt_fs2                                   0x2000003d   Data           1  main.o(.data)
    tw_bz                                    0x2000003e   Data           1  main.o(.data)
    CO2_NO                                   0x2000003f   Data           1  main.o(.data)
    yy_num                                   0x20000040   Data           1  main.o(.data)
    TVOC                                     0x20000044   Data           2  main.o(.data)
    CO2                                      0x20000046   Data           2  main.o(.data)
    wd                                       0x20000048   Data           2  main.o(.data)
    sd                                       0x2000004a   Data           2  main.o(.data)
    CO2_2                                    0x2000004c   Data           2  main.o(.data)
    tw_num                                   0x20000064   Data           4  main.o(.data)
    wd_2                                     0x20000068   Data           4  main.o(.data)
    sd_2                                     0x2000006c   Data           4  main.o(.data)
    tr_sd_2                                  0x20000070   Data           4  main.o(.data)
    gq_2                                     0x20000074   Data           4  main.o(.data)
    time                                     0x20000078   Data           8  main.o(.data)
    uwTickFreq                               0x200000b0   Data           1  stm32f1xx_hal.o(.data)
    uwTickPrio                               0x200000b4   Data           4  stm32f1xx_hal.o(.data)
    uwTick                                   0x200000b8   Data           4  stm32f1xx_hal.o(.data)
    SystemCoreClock                          0x200000bc   Data           4  system_stm32f1xx.o(.data)
    dynamic_buffer                           0x200002c0   Data          32  tjc_usart_hmi.o(.bss)
    My_adcData                               0x200002e0   Data          40  adc_2.o(.bss)
    wifi_string                              0x2000038c   Data         256  main.o(.bss)
    tw_fs                                    0x2000048c   Data          10  main.o(.bss)
    wd_kal                                   0x20000498   Data          20  main.o(.bss)
    sd_kal                                   0x200004ac   Data          20  main.o(.bss)
    tr_sd_kal                                0x200004c0   Data          20  main.o(.bss)
    CO2_kal                                  0x200004d4   Data          20  main.o(.bss)
    gq_kal                                   0x200004e8   Data          20  main.o(.bss)
    hadc1                                    0x200004fc   Data          48  adc.o(.bss)
    hdma_adc1                                0x2000052c   Data          68  adc.o(.bss)
    hi2c1                                    0x20000570   Data          84  i2c.o(.bss)
    hi2c2                                    0x200005c4   Data          84  i2c.o(.bss)
    hrtc                                     0x20000618   Data          20  rtc.o(.bss)
    htim2                                    0x2000062c   Data          72  tim.o(.bss)
    htim3                                    0x20000674   Data          72  tim.o(.bss)
    huart1                                   0x200006bc   Data          72  usart.o(.bss)
    huart2                                   0x20000704   Data          72  usart.o(.bss)
    huart3                                   0x2000074c   Data          72  usart.o(.bss)
    __libspace_start                         0x20000794   Data          96  libspace.o(.bss)
    __temporary_stack_top$libspace           0x200007f4   Data           0  libspace.o(.bss)



==============================================================================

Memory Map of the image

  Image Entry point : 0x08000131

  Load Region LR_IROM1 (Base: 0x08000000, Size: 0x00007fa8, Max: 0x00080000, ABSOLUTE)

    Execution Region ER_IROM1 (Exec base: 0x08000000, Load base: 0x08000000, Size: 0x00007ee8, Max: 0x00080000, ABSOLUTE)

    Exec Addr    Load Addr    Size         Type   Attr      Idx    E Section Name        Object

    0x08000000   0x08000000   0x00000130   Data   RO            3    RESET               startup_stm32f103xe.o
    0x08000130   0x08000130   0x00000008   Code   RO         4704  * !!!main             c_w.l(__main.o)
    0x08000138   0x08000138   0x00000034   Code   RO         5062    !!!scatter          c_w.l(__scatter.o)
    0x0800016c   0x0800016c   0x0000001a   Code   RO         5064    !!handler_copy      c_w.l(__scatter_copy.o)
    0x08000186   0x08000186   0x00000002   PAD
    0x08000188   0x08000188   0x0000001c   Code   RO         5066    !!handler_zi        c_w.l(__scatter_zi.o)
    0x080001a4   0x080001a4   0x00000000   Code   RO         4695    .ARM.Collect$$_printf_percent$$00000000  c_w.l(_printf_percent.o)
    0x080001a4   0x080001a4   0x00000006   Code   RO         4804    .ARM.Collect$$_printf_percent$$00000001  c_w.l(_printf_n.o)
    0x080001aa   0x080001aa   0x00000006   Code   RO         4806    .ARM.Collect$$_printf_percent$$00000002  c_w.l(_printf_p.o)
    0x080001b0   0x080001b0   0x00000006   Code   RO         4810    .ARM.Collect$$_printf_percent$$00000003  c_w.l(_printf_f.o)
    0x080001b6   0x080001b6   0x00000006   Code   RO         4811    .ARM.Collect$$_printf_percent$$00000004  c_w.l(_printf_e.o)
    0x080001bc   0x080001bc   0x00000006   Code   RO         4812    .ARM.Collect$$_printf_percent$$00000005  c_w.l(_printf_g.o)
    0x080001c2   0x080001c2   0x00000006   Code   RO         4813    .ARM.Collect$$_printf_percent$$00000006  c_w.l(_printf_a.o)
    0x080001c8   0x080001c8   0x0000000a   Code   RO         4818    .ARM.Collect$$_printf_percent$$00000007  c_w.l(_printf_ll.o)
    0x080001d2   0x080001d2   0x00000006   Code   RO         4808    .ARM.Collect$$_printf_percent$$00000008  c_w.l(_printf_i.o)
    0x080001d8   0x080001d8   0x00000006   Code   RO         4694    .ARM.Collect$$_printf_percent$$00000009  c_w.l(_printf_d.o)
    0x080001de   0x080001de   0x00000006   Code   RO         4809    .ARM.Collect$$_printf_percent$$0000000A  c_w.l(_printf_u.o)
    0x080001e4   0x080001e4   0x00000006   Code   RO         4807    .ARM.Collect$$_printf_percent$$0000000B  c_w.l(_printf_o.o)
    0x080001ea   0x080001ea   0x00000006   Code   RO         4805    .ARM.Collect$$_printf_percent$$0000000C  c_w.l(_printf_x.o)
    0x080001f0   0x080001f0   0x00000006   Code   RO         4815    .ARM.Collect$$_printf_percent$$0000000D  c_w.l(_printf_lli.o)
    0x080001f6   0x080001f6   0x00000006   Code   RO         4816    .ARM.Collect$$_printf_percent$$0000000E  c_w.l(_printf_lld.o)
    0x080001fc   0x080001fc   0x00000006   Code   RO         4817    .ARM.Collect$$_printf_percent$$0000000F  c_w.l(_printf_llu.o)
    0x08000202   0x08000202   0x00000006   Code   RO         4822    .ARM.Collect$$_printf_percent$$00000010  c_w.l(_printf_llo.o)
    0x08000208   0x08000208   0x00000006   Code   RO         4823    .ARM.Collect$$_printf_percent$$00000011  c_w.l(_printf_llx.o)
    0x0800020e   0x0800020e   0x0000000a   Code   RO         4819    .ARM.Collect$$_printf_percent$$00000012  c_w.l(_printf_l.o)
    0x08000218   0x08000218   0x00000006   Code   RO         4803    .ARM.Collect$$_printf_percent$$00000013  c_w.l(_printf_c.o)
    0x0800021e   0x0800021e   0x00000006   Code   RO         4693    .ARM.Collect$$_printf_percent$$00000014  c_w.l(_printf_s.o)
    0x08000224   0x08000224   0x00000006   Code   RO         4820    .ARM.Collect$$_printf_percent$$00000015  c_w.l(_printf_lc.o)
    0x0800022a   0x0800022a   0x00000006   Code   RO         4821    .ARM.Collect$$_printf_percent$$00000016  c_w.l(_printf_ls.o)
    0x08000230   0x08000230   0x00000004   Code   RO         4814    .ARM.Collect$$_printf_percent$$00000017  c_w.l(_printf_percent_end.o)
    0x08000234   0x08000234   0x00000002   Code   RO         4921    .ARM.Collect$$libinit$$00000000  c_w.l(libinit.o)
    0x08000236   0x08000236   0x00000000   Code   RO         4939    .ARM.Collect$$libinit$$00000002  c_w.l(libinit2.o)
    0x08000236   0x08000236   0x00000000   Code   RO         4941    .ARM.Collect$$libinit$$00000004  c_w.l(libinit2.o)
    0x08000236   0x08000236   0x00000000   Code   RO         4944    .ARM.Collect$$libinit$$0000000A  c_w.l(libinit2.o)
    0x08000236   0x08000236   0x00000000   Code   RO         4946    .ARM.Collect$$libinit$$0000000C  c_w.l(libinit2.o)
    0x08000236   0x08000236   0x00000000   Code   RO         4948    .ARM.Collect$$libinit$$0000000E  c_w.l(libinit2.o)
    0x08000236   0x08000236   0x00000006   Code   RO         4949    .ARM.Collect$$libinit$$0000000F  c_w.l(libinit2.o)
    0x0800023c   0x0800023c   0x00000000   Code   RO         4951    .ARM.Collect$$libinit$$00000011  c_w.l(libinit2.o)
    0x0800023c   0x0800023c   0x0000000c   Code   RO         4952    .ARM.Collect$$libinit$$00000012  c_w.l(libinit2.o)
    0x08000248   0x08000248   0x00000000   Code   RO         4953    .ARM.Collect$$libinit$$00000013  c_w.l(libinit2.o)
    0x08000248   0x08000248   0x00000000   Code   RO         4955    .ARM.Collect$$libinit$$00000015  c_w.l(libinit2.o)
    0x08000248   0x08000248   0x0000000a   Code   RO         4956    .ARM.Collect$$libinit$$00000016  c_w.l(libinit2.o)
    0x08000252   0x08000252   0x00000000   Code   RO         4957    .ARM.Collect$$libinit$$00000017  c_w.l(libinit2.o)
    0x08000252   0x08000252   0x00000000   Code   RO         4959    .ARM.Collect$$libinit$$00000019  c_w.l(libinit2.o)
    0x08000252   0x08000252   0x00000000   Code   RO         4961    .ARM.Collect$$libinit$$0000001B  c_w.l(libinit2.o)
    0x08000252   0x08000252   0x00000000   Code   RO         4963    .ARM.Collect$$libinit$$0000001D  c_w.l(libinit2.o)
    0x08000252   0x08000252   0x00000000   Code   RO         4965    .ARM.Collect$$libinit$$0000001F  c_w.l(libinit2.o)
    0x08000252   0x08000252   0x00000000   Code   RO         4967    .ARM.Collect$$libinit$$00000021  c_w.l(libinit2.o)
    0x08000252   0x08000252   0x00000000   Code   RO         4969    .ARM.Collect$$libinit$$00000023  c_w.l(libinit2.o)
    0x08000252   0x08000252   0x00000000   Code   RO         4971    .ARM.Collect$$libinit$$00000025  c_w.l(libinit2.o)
    0x08000252   0x08000252   0x00000000   Code   RO         4975    .ARM.Collect$$libinit$$0000002C  c_w.l(libinit2.o)
    0x08000252   0x08000252   0x00000000   Code   RO         4977    .ARM.Collect$$libinit$$0000002E  c_w.l(libinit2.o)
    0x08000252   0x08000252   0x00000000   Code   RO         4979    .ARM.Collect$$libinit$$00000030  c_w.l(libinit2.o)
    0x08000252   0x08000252   0x00000000   Code   RO         4981    .ARM.Collect$$libinit$$00000032  c_w.l(libinit2.o)
    0x08000252   0x08000252   0x00000002   Code   RO         4982    .ARM.Collect$$libinit$$00000033  c_w.l(libinit2.o)
    0x08000254   0x08000254   0x00000002   Code   RO         5002    .ARM.Collect$$libshutdown$$00000000  c_w.l(libshutdown.o)
    0x08000256   0x08000256   0x00000000   Code   RO         5015    .ARM.Collect$$libshutdown$$00000002  c_w.l(libshutdown2.o)
    0x08000256   0x08000256   0x00000000   Code   RO         5017    .ARM.Collect$$libshutdown$$00000004  c_w.l(libshutdown2.o)
    0x08000256   0x08000256   0x00000000   Code   RO         5020    .ARM.Collect$$libshutdown$$00000007  c_w.l(libshutdown2.o)
    0x08000256   0x08000256   0x00000000   Code   RO         5023    .ARM.Collect$$libshutdown$$0000000A  c_w.l(libshutdown2.o)
    0x08000256   0x08000256   0x00000000   Code   RO         5025    .ARM.Collect$$libshutdown$$0000000C  c_w.l(libshutdown2.o)
    0x08000256   0x08000256   0x00000000   Code   RO         5028    .ARM.Collect$$libshutdown$$0000000F  c_w.l(libshutdown2.o)
    0x08000256   0x08000256   0x00000002   Code   RO         5029    .ARM.Collect$$libshutdown$$00000010  c_w.l(libshutdown2.o)
    0x08000258   0x08000258   0x00000000   Code   RO         4754    .ARM.Collect$$rtentry$$00000000  c_w.l(__rtentry.o)
    0x08000258   0x08000258   0x00000000   Code   RO         4846    .ARM.Collect$$rtentry$$00000002  c_w.l(__rtentry2.o)
    0x08000258   0x08000258   0x00000006   Code   RO         4858    .ARM.Collect$$rtentry$$00000004  c_w.l(__rtentry4.o)
    0x0800025e   0x0800025e   0x00000000   Code   RO         4848    .ARM.Collect$$rtentry$$00000009  c_w.l(__rtentry2.o)
    0x0800025e   0x0800025e   0x00000004   Code   RO         4849    .ARM.Collect$$rtentry$$0000000A  c_w.l(__rtentry2.o)
    0x08000262   0x08000262   0x00000000   Code   RO         4851    .ARM.Collect$$rtentry$$0000000C  c_w.l(__rtentry2.o)
    0x08000262   0x08000262   0x00000008   Code   RO         4852    .ARM.Collect$$rtentry$$0000000D  c_w.l(__rtentry2.o)
    0x0800026a   0x0800026a   0x00000002   Code   RO         4931    .ARM.Collect$$rtexit$$00000000  c_w.l(rtexit.o)
    0x0800026c   0x0800026c   0x00000000   Code   RO         4984    .ARM.Collect$$rtexit$$00000002  c_w.l(rtexit2.o)
    0x0800026c   0x0800026c   0x00000004   Code   RO         4985    .ARM.Collect$$rtexit$$00000003  c_w.l(rtexit2.o)
    0x08000270   0x08000270   0x00000006   Code   RO         4986    .ARM.Collect$$rtexit$$00000004  c_w.l(rtexit2.o)
    0x08000276   0x08000276   0x00000002   PAD
    0x08000278   0x08000278   0x00000040   Code   RO            4    .text               startup_stm32f103xe.o
    0x080002b8   0x080002b8   0x00000034   Code   RO         4661    .text               c_w.l(vsnprintf.o)
    0x080002ec   0x080002ec   0x00000038   Code   RO         4663    .text               c_w.l(__2snprintf.o)
    0x08000324   0x08000324   0x00000052   Code   RO         4669    .text               c_w.l(_printf_str.o)
    0x08000376   0x08000376   0x00000002   PAD
    0x08000378   0x08000378   0x00000078   Code   RO         4671    .text               c_w.l(_printf_dec.o)
    0x080003f0   0x080003f0   0x00000188   Code   RO         4690    .text               c_w.l(__printf_flags_ss_wp.o)
    0x08000578   0x08000578   0x00000024   Code   RO         4696    .text               c_w.l(strstr.o)
    0x0800059c   0x0800059c   0x0000003e   Code   RO         4698    .text               c_w.l(strlen.o)
    0x080005da   0x080005da   0x0000004e   Code   RO         4700    .text               c_w.l(rt_memclr_w.o)
    0x08000628   0x08000628   0x00000006   Code   RO         4702    .text               c_w.l(heapauxi.o)
    0x0800062e   0x0800062e   0x0000004e   Code   RO         4755    .text               c_w.l(_printf_pad.o)
    0x0800067c   0x0800067c   0x00000024   Code   RO         4757    .text               c_w.l(_printf_truncate.o)
    0x080006a0   0x080006a0   0x000000b2   Code   RO         4759    .text               c_w.l(_printf_intcommon.o)
    0x08000752   0x08000752   0x00000028   Code   RO         4761    .text               c_w.l(_printf_charcount.o)
    0x0800077a   0x0800077a   0x00000002   PAD
    0x0800077c   0x0800077c   0x00000030   Code   RO         4763    .text               c_w.l(_printf_char_common.o)
    0x080007ac   0x080007ac   0x0000000a   Code   RO         4765    .text               c_w.l(_sputc.o)
    0x080007b6   0x080007b6   0x00000010   Code   RO         4767    .text               c_w.l(_snputc.o)
    0x080007c6   0x080007c6   0x0000002c   Code   RO         4769    .text               c_w.l(_printf_char.o)
    0x080007f2   0x080007f2   0x00000002   PAD
    0x080007f4   0x080007f4   0x000000bc   Code   RO         4771    .text               c_w.l(_printf_wctomb.o)
    0x080008b0   0x080008b0   0x0000007c   Code   RO         4774    .text               c_w.l(_printf_longlong_dec.o)
    0x0800092c   0x0800092c   0x00000070   Code   RO         4780    .text               c_w.l(_printf_oct_int_ll.o)
    0x0800099c   0x0800099c   0x00000094   Code   RO         4800    .text               c_w.l(_printf_hex_int_ll_ptr.o)
    0x08000a30   0x08000a30   0x0000008a   Code   RO         4860    .text               c_w.l(lludiv10.o)
    0x08000aba   0x08000aba   0x0000041e   Code   RO         4862    .text               c_w.l(_printf_fp_dec.o)
    0x08000ed8   0x08000ed8   0x000002fc   Code   RO         4864    .text               c_w.l(_printf_fp_hex.o)
    0x080011d4   0x080011d4   0x0000002c   Code   RO         4869    .text               c_w.l(_printf_wchar.o)
    0x08001200   0x08001200   0x00000040   Code   RO         4871    .text               c_w.l(_wcrtomb.o)
    0x08001240   0x08001240   0x0000004a   Code   RO         4875    .text               c_w.l(sys_stackheap_outer.o)
    0x0800128a   0x0800128a   0x00000002   PAD
    0x0800128c   0x0800128c   0x00000010   Code   RO         4877    .text               c_w.l(rt_ctype_table.o)
    0x0800129c   0x0800129c   0x00000008   Code   RO         4882    .text               c_w.l(rt_locale_intlibspace.o)
    0x080012a4   0x080012a4   0x00000080   Code   RO         4884    .text               c_w.l(_printf_fp_infnan.o)
    0x08001324   0x08001324   0x000000e4   Code   RO         4886    .text               c_w.l(bigflt0.o)
    0x08001408   0x08001408   0x00000012   Code   RO         4914    .text               c_w.l(exit.o)
    0x0800141a   0x0800141a   0x00000002   PAD
    0x0800141c   0x0800141c   0x00000008   Code   RO         4928    .text               c_w.l(libspace.o)
    0x08001424   0x08001424   0x00000080   Code   RO         4936    .text               c_w.l(strcmpv7m.o)
    0x080014a4   0x080014a4   0x0000000c   Code   RO         4994    .text               c_w.l(sys_exit.o)
    0x080014b0   0x080014b0   0x00000002   Code   RO         5005    .text               c_w.l(use_no_semi.o)
    0x080014b2   0x080014b2   0x00000000   Code   RO         5007    .text               c_w.l(indicate_semi.o)
    0x080014b2   0x080014b2   0x0000003e   Code   RO         4889    CL$$btod_d2e        c_w.l(btod.o)
    0x080014f0   0x080014f0   0x00000046   Code   RO         4891    CL$$btod_d2e_denorm_low  c_w.l(btod.o)
    0x08001536   0x08001536   0x00000060   Code   RO         4890    CL$$btod_d2e_norm_op1  c_w.l(btod.o)
    0x08001596   0x08001596   0x00000338   Code   RO         4899    CL$$btod_div_common  c_w.l(btod.o)
    0x080018ce   0x080018ce   0x000000dc   Code   RO         4896    CL$$btod_e2e        c_w.l(btod.o)
    0x080019aa   0x080019aa   0x0000002a   Code   RO         4893    CL$$btod_ediv       c_w.l(btod.o)
    0x080019d4   0x080019d4   0x0000002a   Code   RO         4892    CL$$btod_emul       c_w.l(btod.o)
    0x080019fe   0x080019fe   0x00000244   Code   RO         4898    CL$$btod_mult_common  c_w.l(btod.o)
    0x08001c42   0x08001c42   0x00000002   PAD
    0x08001c44   0x08001c44   0x00000056   Code   RO         1324    i.ADC_ConversionStop_Disable  stm32f1xx_hal_adc.o
    0x08001c9a   0x08001c9a   0x0000004e   Code   RO         1325    i.ADC_DMAConvCplt   stm32f1xx_hal_adc.o
    0x08001ce8   0x08001ce8   0x0000001a   Code   RO         1326    i.ADC_DMAError      stm32f1xx_hal_adc.o
    0x08001d02   0x08001d02   0x0000000a   Code   RO         1327    i.ADC_DMAHalfConvCplt  stm32f1xx_hal_adc.o
    0x08001d0c   0x08001d0c   0x0000007c   Code   RO         1328    i.ADC_Enable        stm32f1xx_hal_adc.o
    0x08001d88   0x08001d88   0x000000a8   Code   RO          450    i.ADC_dispose       adc_2.o
    0x08001e30   0x08001e30   0x00000002   Code   RO         1152    i.BusFault_Handler  stm32f1xx_it.o
    0x08001e32   0x08001e32   0x00000002   PAD
    0x08001e34   0x08001e34   0x00000058   Code   RO          380    i.DHT11_Check       dht11.o
    0x08001e8c   0x08001e8c   0x00000018   Code   RO          381    i.DHT11_IO_IN       dht11.o
    0x08001ea4   0x08001ea4   0x0000001c   Code   RO          382    i.DHT11_IO_OUT      dht11.o
    0x08001ec0   0x08001ec0   0x0000000e   Code   RO          383    i.DHT11_Init        dht11.o
    0x08001ece   0x08001ece   0x00000002   PAD
    0x08001ed0   0x08001ed0   0x00000058   Code   RO          384    i.DHT11_Read_Bit    dht11.o
    0x08001f28   0x08001f28   0x0000001a   Code   RO          385    i.DHT11_Read_Byte   dht11.o
    0x08001f42   0x08001f42   0x00000058   Code   RO          386    i.DHT11_Read_Data   dht11.o
    0x08001f9a   0x08001f9a   0x00000002   PAD
    0x08001f9c   0x08001f9c   0x00000030   Code   RO          387    i.DHT11_Rst         dht11.o
    0x08001fcc   0x08001fcc   0x0000000c   Code   RO         1153    i.DMA1_Channel1_IRQHandler  stm32f1xx_it.o
    0x08001fd8   0x08001fd8   0x0000002a   Code   RO         1980    i.DMA_SetConfig     stm32f1xx_hal_dma.o
    0x08002002   0x08002002   0x00000002   Code   RO         1154    i.DebugMon_Handler  stm32f1xx_it.o
    0x08002004   0x08002004   0x000000d8   Code   RO          274    i.ESP8266_Init      wifi.o
    0x080020dc   0x080020dc   0x0000003c   Code   RO          275    i.ESP8266_fs_Data   wifi.o
    0x08002118   0x08002118   0x00000010   Code   RO          276    i.ESP8266_fs_Data2  wifi.o
    0x08002128   0x08002128   0x00000004   Code   RO          673    i.Error_Handler     main.o
    0x0800212c   0x0800212c   0x000000d8   Code   RO         1504    i.HAL_ADCEx_Calibration_Start  stm32f1xx_hal_adc_ex.o
    0x08002204   0x08002204   0x000000fc   Code   RO         1330    i.HAL_ADC_ConfigChannel  stm32f1xx_hal_adc.o
    0x08002300   0x08002300   0x00000002   Code   RO         1331    i.HAL_ADC_ConvCpltCallback  stm32f1xx_hal_adc.o
    0x08002302   0x08002302   0x00000002   Code   RO         1332    i.HAL_ADC_ConvHalfCpltCallback  stm32f1xx_hal_adc.o
    0x08002304   0x08002304   0x00000002   Code   RO         1334    i.HAL_ADC_ErrorCallback  stm32f1xx_hal_adc.o
    0x08002306   0x08002306   0x00000002   PAD
    0x08002308   0x08002308   0x00000120   Code   RO         1339    i.HAL_ADC_Init      stm32f1xx_hal_adc.o
    0x08002428   0x08002428   0x00000090   Code   RO          883    i.HAL_ADC_MspInit   adc.o
    0x080024b8   0x080024b8   0x0000010c   Code   RO         1346    i.HAL_ADC_Start_DMA  stm32f1xx_hal_adc.o
    0x080025c4   0x080025c4   0x00000046   Code   RO         1981    i.HAL_DMA_Abort     stm32f1xx_hal_dma.o
    0x0800260a   0x0800260a   0x00000002   PAD
    0x0800260c   0x0800260c   0x00000130   Code   RO         1982    i.HAL_DMA_Abort_IT  stm32f1xx_hal_dma.o
    0x0800273c   0x0800273c   0x00000248   Code   RO         1986    i.HAL_DMA_IRQHandler  stm32f1xx_hal_dma.o
    0x08002984   0x08002984   0x0000007c   Code   RO         1987    i.HAL_DMA_Init      stm32f1xx_hal_dma.o
    0x08002a00   0x08002a00   0x00000070   Code   RO         1991    i.HAL_DMA_Start_IT  stm32f1xx_hal_dma.o
    0x08002a70   0x08002a70   0x00000024   Code   RO         1607    i.HAL_Delay         stm32f1xx_hal.o
    0x08002a94   0x08002a94   0x000001f8   Code   RO         1917    i.HAL_GPIO_Init     stm32f1xx_hal_gpio.o
    0x08002c8c   0x08002c8c   0x0000000a   Code   RO         1919    i.HAL_GPIO_ReadPin  stm32f1xx_hal_gpio.o
    0x08002c96   0x08002c96   0x0000000a   Code   RO         1921    i.HAL_GPIO_WritePin  stm32f1xx_hal_gpio.o
    0x08002ca0   0x08002ca0   0x0000000c   Code   RO         1611    i.HAL_GetTick       stm32f1xx_hal.o
    0x08002cac   0x08002cac   0x00000188   Code   RO         2588    i.HAL_I2C_Init      stm32f1xx_hal_i2c.o
    0x08002e34   0x08002e34   0x00000130   Code   RO         2609    i.HAL_I2C_Mem_Write  stm32f1xx_hal_i2c.o
    0x08002f64   0x08002f64   0x00000098   Code   RO          949    i.HAL_I2C_MspInit   i2c.o
    0x08002ffc   0x08002ffc   0x00000010   Code   RO         1617    i.HAL_IncTick       stm32f1xx_hal.o
    0x0800300c   0x0800300c   0x00000024   Code   RO         1618    i.HAL_Init          stm32f1xx_hal.o
    0x08003030   0x08003030   0x00000040   Code   RO         1619    i.HAL_InitTick      stm32f1xx_hal.o
    0x08003070   0x08003070   0x0000003c   Code   RO         1264    i.HAL_MspInit       stm32f1xx_hal_msp.o
    0x080030ac   0x080030ac   0x0000001a   Code   RO         2077    i.HAL_NVIC_EnableIRQ  stm32f1xx_hal_cortex.o
    0x080030c6   0x080030c6   0x00000002   PAD
    0x080030c8   0x080030c8   0x00000040   Code   RO         2083    i.HAL_NVIC_SetPriority  stm32f1xx_hal_cortex.o
    0x08003108   0x08003108   0x00000024   Code   RO         2084    i.HAL_NVIC_SetPriorityGrouping  stm32f1xx_hal_cortex.o
    0x0800312c   0x0800312c   0x00000024   Code   RO         2085    i.HAL_NVIC_SystemReset  stm32f1xx_hal_cortex.o
    0x08003150   0x08003150   0x0000000c   Code   RO         2199    i.HAL_PWR_EnableBkUpAccess  stm32f1xx_hal_pwr.o
    0x0800315c   0x0800315c   0x000000b8   Code   RO         1878    i.HAL_RCCEx_GetPeriphCLKFreq  stm32f1xx_hal_rcc_ex.o
    0x08003214   0x08003214   0x000000ec   Code   RO         1879    i.HAL_RCCEx_PeriphCLKConfig  stm32f1xx_hal_rcc_ex.o
    0x08003300   0x08003300   0x0000012c   Code   RO         1775    i.HAL_RCC_ClockConfig  stm32f1xx_hal_rcc.o
    0x0800342c   0x0800342c   0x0000000c   Code   RO         1780    i.HAL_RCC_GetHCLKFreq  stm32f1xx_hal_rcc.o
    0x08003438   0x08003438   0x00000020   Code   RO         1782    i.HAL_RCC_GetPCLK1Freq  stm32f1xx_hal_rcc.o
    0x08003458   0x08003458   0x00000020   Code   RO         1783    i.HAL_RCC_GetPCLK2Freq  stm32f1xx_hal_rcc.o
    0x08003478   0x08003478   0x0000004c   Code   RO         1784    i.HAL_RCC_GetSysClockFreq  stm32f1xx_hal_rcc.o
    0x080034c4   0x080034c4   0x00000320   Code   RO         1787    i.HAL_RCC_OscConfig  stm32f1xx_hal_rcc.o
    0x080037e4   0x080037e4   0x00000002   Code   RO         3189    i.HAL_RTCEx_RTCEventCallback  stm32f1xx_hal_rtc_ex.o
    0x080037e6   0x080037e6   0x00000002   Code   RO         3190    i.HAL_RTCEx_RTCEventErrorCallback  stm32f1xx_hal_rtc_ex.o
    0x080037e8   0x080037e8   0x0000003e   Code   RO         3191    i.HAL_RTCEx_RTCIRQHandler  stm32f1xx_hal_rtc_ex.o
    0x08003826   0x08003826   0x00000002   PAD
    0x08003828   0x08003828   0x00000094   Code   RO         3022    i.HAL_RTC_Init      stm32f1xx_hal_rtc.o
    0x080038bc   0x080038bc   0x00000048   Code   RO          997    i.HAL_RTC_MspInit   rtc.o
    0x08003904   0x08003904   0x000000c4   Code   RO         3028    i.HAL_RTC_SetDate   stm32f1xx_hal_rtc.o
    0x080039c8   0x080039c8   0x000000ac   Code   RO         3029    i.HAL_RTC_SetTime   stm32f1xx_hal_rtc.o
    0x08003a74   0x08003a74   0x0000003a   Code   RO         3030    i.HAL_RTC_WaitForSynchro  stm32f1xx_hal_rtc.o
    0x08003aae   0x08003aae   0x00000028   Code   RO         2088    i.HAL_SYSTICK_Config  stm32f1xx_hal_cortex.o
    0x08003ad6   0x08003ad6   0x00000002   Code   RO         3992    i.HAL_TIMEx_BreakCallback  stm32f1xx_hal_tim_ex.o
    0x08003ad8   0x08003ad8   0x00000002   Code   RO         3993    i.HAL_TIMEx_CommutCallback  stm32f1xx_hal_tim_ex.o
    0x08003ada   0x08003ada   0x00000002   PAD
    0x08003adc   0x08003adc   0x0000007c   Code   RO         4011    i.HAL_TIMEx_MasterConfigSynchronization  stm32f1xx_hal_tim_ex.o
    0x08003b58   0x08003b58   0x0000005a   Code   RO         3288    i.HAL_TIM_Base_Init  stm32f1xx_hal_tim.o
    0x08003bb2   0x08003bb2   0x00000002   PAD
    0x08003bb4   0x08003bb4   0x00000050   Code   RO         1040    i.HAL_TIM_Base_MspInit  tim.o
    0x08003c04   0x08003c04   0x00000064   Code   RO         3291    i.HAL_TIM_Base_Start  stm32f1xx_hal_tim.o
    0x08003c68   0x08003c68   0x0000006c   Code   RO         3293    i.HAL_TIM_Base_Start_IT  stm32f1xx_hal_tim.o
    0x08003cd4   0x08003cd4   0x00000026   Code   RO         3294    i.HAL_TIM_Base_Stop  stm32f1xx_hal_tim.o
    0x08003cfa   0x08003cfa   0x000000dc   Code   RO         3297    i.HAL_TIM_ConfigClockSource  stm32f1xx_hal_tim.o
    0x08003dd6   0x08003dd6   0x00000002   Code   RO         3322    i.HAL_TIM_IC_CaptureCallback  stm32f1xx_hal_tim.o
    0x08003dd8   0x08003dd8   0x00000130   Code   RO         3336    i.HAL_TIM_IRQHandler  stm32f1xx_hal_tim.o
    0x08003f08   0x08003f08   0x00000002   Code   RO         3339    i.HAL_TIM_OC_DelayElapsedCallback  stm32f1xx_hal_tim.o
    0x08003f0a   0x08003f0a   0x00000002   Code   RO         3366    i.HAL_TIM_PWM_PulseFinishedCallback  stm32f1xx_hal_tim.o
    0x08003f0c   0x08003f0c   0x00000030   Code   RO          674    i.HAL_TIM_PeriodElapsedCallback  main.o
    0x08003f3c   0x08003f3c   0x00000002   Code   RO         3379    i.HAL_TIM_TriggerCallback  stm32f1xx_hal_tim.o
    0x08003f3e   0x08003f3e   0x00000002   Code   RO         4271    i.HAL_UARTEx_RxEventCallback  stm32f1xx_hal_uart.o
    0x08003f40   0x08003f40   0x00000002   Code   RO         4285    i.HAL_UART_ErrorCallback  stm32f1xx_hal_uart.o
    0x08003f42   0x08003f42   0x00000002   PAD
    0x08003f44   0x08003f44   0x0000026c   Code   RO         4288    i.HAL_UART_IRQHandler  stm32f1xx_hal_uart.o
    0x080041b0   0x080041b0   0x00000064   Code   RO         4289    i.HAL_UART_Init     stm32f1xx_hal_uart.o
    0x08004214   0x08004214   0x0000015c   Code   RO         1099    i.HAL_UART_MspInit  usart.o
    0x08004370   0x08004370   0x0000001c   Code   RO         4294    i.HAL_UART_Receive_IT  stm32f1xx_hal_uart.o
    0x0800438c   0x0800438c   0x0000004c   Code   RO          675    i.HAL_UART_RxCpltCallback  main.o
    0x080043d8   0x080043d8   0x00000032   Code   RO         4299    i.HAL_UART_Transmit_IT  stm32f1xx_hal_uart.o
    0x0800440a   0x0800440a   0x00000002   PAD
    0x0800440c   0x0800440c   0x00000030   Code   RO          277    i.HAL_UART_Transmit_IT_printf  wifi.o
    0x0800443c   0x0800443c   0x00000002   Code   RO          676    i.HAL_UART_TxCpltCallback  main.o
    0x0800443e   0x0800443e   0x00000002   Code   RO         1155    i.HardFault_Handler  stm32f1xx_it.o
    0x08004440   0x08004440   0x0000002e   Code   RO         2631    i.I2C_IsAcknowledgeFailed  stm32f1xx_hal_i2c.o
    0x0800446e   0x0800446e   0x00000002   PAD
    0x08004470   0x08004470   0x000000a8   Code   RO         2642    i.I2C_RequestMemoryWrite  stm32f1xx_hal_i2c.o
    0x08004518   0x08004518   0x00000056   Code   RO         2646    i.I2C_WaitOnBTFFlagUntilTimeout  stm32f1xx_hal_i2c.o
    0x0800456e   0x0800456e   0x00000002   PAD
    0x08004570   0x08004570   0x00000090   Code   RO         2647    i.I2C_WaitOnFlagUntilTimeout  stm32f1xx_hal_i2c.o
    0x08004600   0x08004600   0x000000bc   Code   RO         2648    i.I2C_WaitOnMasterAddressFlagUntilTimeout  stm32f1xx_hal_i2c.o
    0x080046bc   0x080046bc   0x00000056   Code   RO         2650    i.I2C_WaitOnTXEFlagUntilTimeout  stm32f1xx_hal_i2c.o
    0x08004712   0x08004712   0x00000002   PAD
    0x08004714   0x08004714   0x000000ac   Code   RO          485    i.IIC_Read_Byte     sgp30.o
    0x080047c0   0x080047c0   0x0000006c   Code   RO          486    i.IIC_Send_Byte     sgp30.o
    0x0800482c   0x0800482c   0x00000048   Code   RO          487    i.IIC_Start         sgp30.o
    0x08004874   0x08004874   0x0000004c   Code   RO          488    i.IIC_Stop          sgp30.o
    0x080048c0   0x080048c0   0x00000064   Code   RO          489    i.IIC_Wait_Ack      sgp30.o
    0x08004924   0x08004924   0x000000e0   Code   RO          677    i.Kal_Init          main.o
    0x08004a04   0x08004a04   0x000000f8   Code   RO          678    i.Kal_pos           main.o
    0x08004afc   0x08004afc   0x0000000e   Code   RO          637    i.KalmanFilter_Init  kal_lb.o
    0x08004b0a   0x08004b0a   0x00000056   Code   RO          638    i.KalmanFilter_Update  kal_lb.o
    0x08004b60   0x08004b60   0x00000068   Code   RO          884    i.MX_ADC1_Init      adc.o
    0x08004bc8   0x08004bc8   0x0000002c   Code   RO          924    i.MX_DMA_Init       dma.o
    0x08004bf4   0x08004bf4   0x000000dc   Code   RO          858    i.MX_GPIO_Init      gpio.o
    0x08004cd0   0x08004cd0   0x00000040   Code   RO          950    i.MX_I2C1_Init      i2c.o
    0x08004d10   0x08004d10   0x00000040   Code   RO          951    i.MX_I2C2_Init      i2c.o
    0x08004d50   0x08004d50   0x00000070   Code   RO          998    i.MX_RTC_Init       rtc.o
    0x08004dc0   0x08004dc0   0x00000064   Code   RO         1041    i.MX_TIM2_Init      tim.o
    0x08004e24   0x08004e24   0x0000006c   Code   RO         1042    i.MX_TIM3_Init      tim.o
    0x08004e90   0x08004e90   0x00000038   Code   RO         1100    i.MX_USART1_UART_Init  usart.o
    0x08004ec8   0x08004ec8   0x00000038   Code   RO         1101    i.MX_USART2_UART_Init  usart.o
    0x08004f00   0x08004f00   0x00000038   Code   RO         1102    i.MX_USART3_UART_Init  usart.o
    0x08004f38   0x08004f38   0x00000002   Code   RO         1156    i.MemManage_Handler  stm32f1xx_it.o
    0x08004f3a   0x08004f3a   0x00000002   Code   RO         1157    i.NMI_Handler       stm32f1xx_it.o
    0x08004f3c   0x08004f3c   0x00000034   Code   RO           13    i.OLED_Clear        oled.o
    0x08004f70   0x08004f70   0x00000020   Code   RO           19    i.OLED_Init         oled.o
    0x08004f90   0x08004f90   0x00000022   Code   RO           22    i.OLED_Set_Pos      oled.o
    0x08004fb2   0x08004fb2   0x00000002   PAD
    0x08004fb4   0x08004fb4   0x0000009c   Code   RO           24    i.OLED_ShowChar     oled.o
    0x08005050   0x08005050   0x00000074   Code   RO           25    i.OLED_ShowNum      oled.o
    0x080050c4   0x080050c4   0x00000124   Code   RO           27    i.OLED_Showdecimal  oled.o
    0x080051e8   0x080051e8   0x000000c4   Code   RO          679    i.OLED_UI           main.o
    0x080052ac   0x080052ac   0x00000024   Code   RO           30    i.OLED_WR_CMD       oled.o
    0x080052d0   0x080052d0   0x00000024   Code   RO           31    i.OLED_WR_DATA      oled.o
    0x080052f4   0x080052f4   0x00000002   Code   RO         1158    i.PendSV_Handler    stm32f1xx_it.o
    0x080052f6   0x080052f6   0x00000012   Code   RO         3031    i.RTC_Bcd2ToByte    stm32f1xx_hal_rtc.o
    0x08005308   0x08005308   0x00000034   Code   RO         3034    i.RTC_EnterInitMode  stm32f1xx_hal_rtc.o
    0x0800533c   0x0800533c   0x00000036   Code   RO         3035    i.RTC_ExitInitMode  stm32f1xx_hal_rtc.o
    0x08005372   0x08005372   0x00000002   PAD
    0x08005374   0x08005374   0x0000000c   Code   RO         1159    i.RTC_IRQHandler    stm32f1xx_it.o
    0x08005380   0x08005380   0x0000000e   Code   RO         3036    i.RTC_ReadAlarmCounter  stm32f1xx_hal_rtc.o
    0x0800538e   0x0800538e   0x00000020   Code   RO         3037    i.RTC_ReadTimeCounter  stm32f1xx_hal_rtc.o
    0x080053ae   0x080053ae   0x00000056   Code   RO         3038    i.RTC_WeekDayNum    stm32f1xx_hal_rtc.o
    0x08005404   0x08005404   0x00000028   Code   RO         3039    i.RTC_WriteAlarmCounter  stm32f1xx_hal_rtc.o
    0x0800542c   0x0800542c   0x00000028   Code   RO         3040    i.RTC_WriteTimeCounter  stm32f1xx_hal_rtc.o
    0x08005454   0x08005454   0x00000020   Code   RO          490    i.SDA_SET_IN        sgp30.o
    0x08005474   0x08005474   0x00000020   Code   RO          491    i.SDA_SET_OUT       sgp30.o
    0x08005494   0x08005494   0x00000002   Code   RO         1160    i.SVC_Handler       stm32f1xx_it.o
    0x08005496   0x08005496   0x00000004   Code   RO         1161    i.SysTick_Handler   stm32f1xx_it.o
    0x0800549a   0x0800549a   0x00000086   Code   RO          680    i.SystemClock_Config  main.o
    0x08005520   0x08005520   0x00000002   Code   RO         4623    i.SystemInit        system_stm32f1xx.o
    0x08005522   0x08005522   0x00000002   PAD
    0x08005524   0x08005524   0x0000000c   Code   RO         1162    i.TIM3_IRQHandler   stm32f1xx_it.o
    0x08005530   0x08005530   0x0000009c   Code   RO         3381    i.TIM_Base_SetConfig  stm32f1xx_hal_tim.o
    0x080055cc   0x080055cc   0x00000014   Code   RO         3392    i.TIM_ETR_SetConfig  stm32f1xx_hal_tim.o
    0x080055e0   0x080055e0   0x00000010   Code   RO         3393    i.TIM_ITRx_SetConfig  stm32f1xx_hal_tim.o
    0x080055f0   0x080055f0   0x00000022   Code   RO         3399    i.TIM_TI1_ConfigInputStage  stm32f1xx_hal_tim.o
    0x08005612   0x08005612   0x00000024   Code   RO         3401    i.TIM_TI2_ConfigInputStage  stm32f1xx_hal_tim.o
    0x08005636   0x08005636   0x00000010   Code   RO         4302    i.UART_DMAAbortOnError  stm32f1xx_hal_uart.o
    0x08005646   0x08005646   0x0000004e   Code   RO         4312    i.UART_EndRxTransfer  stm32f1xx_hal_uart.o
    0x08005694   0x08005694   0x000000c2   Code   RO         4314    i.UART_Receive_IT   stm32f1xx_hal_uart.o
    0x08005756   0x08005756   0x00000002   PAD
    0x08005758   0x08005758   0x000000b8   Code   RO         4315    i.UART_SetConfig    stm32f1xx_hal_uart.o
    0x08005810   0x08005810   0x00000036   Code   RO         4317    i.UART_Start_Receive_IT  stm32f1xx_hal_uart.o
    0x08005846   0x08005846   0x00000002   PAD
    0x08005848   0x08005848   0x0000000c   Code   RO         1163    i.USART1_IRQHandler  stm32f1xx_it.o
    0x08005854   0x08005854   0x0000000c   Code   RO         1164    i.USART2_IRQHandler  stm32f1xx_it.o
    0x08005860   0x08005860   0x0000000c   Code   RO         1165    i.USART3_IRQHandler  stm32f1xx_it.o
    0x0800586c   0x0800586c   0x00000002   Code   RO         1166    i.UsageFault_Handler  stm32f1xx_it.o
    0x0800586e   0x0800586e   0x00000028   Code   RO         4926    i.__ARM_fpclassify  m_ws.l(fpclassify.o)
    0x08005896   0x08005896   0x00000020   Code   RO         2090    i.__NVIC_SetPriority  stm32f1xx_hal_cortex.o
    0x080058b6   0x080058b6   0x0000000e   Code   RO         4683    i._is_digit         c_w.l(__printf_wp.o)
    0x080058c4   0x080058c4   0x00000028   Code   RO          681    i.cgq_sz            main.o
    0x080058ec   0x080058ec   0x00000050   Code   RO          682    i.check_and_reboot  main.o
    0x0800593c   0x0800593c   0x000000c8   Code   RO          683    i.ck_fs             main.o
    0x08005a04   0x08005a04   0x00000030   Code   RO         1043    i.delay_us          tim.o
    0x08005a34   0x08005a34   0x00000040   Code   RO          684    i.extract_switch_value  main.o
    0x08005a74   0x08005a74   0x00000018   Code   RO          685    i.gy_pos            main.o
    0x08005a8c   0x08005a8c   0x0000003c   Code   RO          589    i.jdq_pos           jdq.o
    0x08005ac8   0x08005ac8   0x000000f0   Code   RO          590    i.jdq_pos_wifi      jdq.o
    0x08005bb8   0x08005bb8   0x000000dc   Code   RO          686    i.main              main.o
    0x08005c94   0x08005c94   0x00000010   Code   RO           32    i.oled_pow          oled.o
    0x08005ca4   0x08005ca4   0x00000032   Code   RO          492    i.sgp30_checksum    sgp30.o
    0x08005cd6   0x08005cd6   0x00000002   PAD
    0x08005cd8   0x08005cd8   0x0000001c   Code   RO          493    i.sgp30_delay_us    sgp30.o
    0x08005cf4   0x08005cf4   0x0000003a   Code   RO          495    i.sgp30_iic_read    sgp30.o
    0x08005d2e   0x08005d2e   0x00000032   Code   RO          496    i.sgp30_iic_write   sgp30.o
    0x08005d60   0x08005d60   0x00000098   Code   RO          497    i.sgp30_init        sgp30.o
    0x08005df8   0x08005df8   0x00000076   Code   RO          498    i.sgp30_read        sgp30.o
    0x08005e6e   0x08005e6e   0x00000014   Code   RO          499    i.sgp30_soft_reset  sgp30.o
    0x08005e82   0x08005e82   0x00000002   PAD
    0x08005e84   0x08005e84   0x00000034   Code   RO          687    i.tw_cl             main.o
    0x08005eb8   0x08005eb8   0x00000060   Code   RO          688    i.tw_cl2            main.o
    0x08005f18   0x08005f18   0x000000c0   Code   RO          689    i.tw_kz             main.o
    0x08005fd8   0x08005fd8   0x00000094   Code   RO          690    i.wifi_cl           main.o
    0x0800606c   0x0800606c   0x00000040   Code   RO          340    i.xsp_fs            tjc_usart_hmi.o
    0x080060ac   0x080060ac   0x00000018   Code   RO          691    i.zd_pos            main.o
    0x080060c4   0x080060c4   0x000003ac   Code   RO          692    i.zw_zt_cl          main.o
    0x08006470   0x08006470   0x0000002c   Code   RO         4912    locale$$code        c_w.l(lc_numeric_c.o)
    0x0800649c   0x0800649c   0x0000002c   Code   RO         4934    locale$$code        c_w.l(lc_ctype_c.o)
    0x080064c8   0x080064c8   0x00000062   Code   RO         4706    x$fpl$d2f           fz_ws.l(d2f.o)
    0x0800652a   0x0800652a   0x00000002   PAD
    0x0800652c   0x0800652c   0x00000150   Code   RO         4708    x$fpl$dadd          fz_ws.l(daddsub_clz.o)
    0x0800667c   0x0800667c   0x00000026   Code   RO         4714    x$fpl$dfltu         fz_ws.l(dflt_clz.o)
    0x080066a2   0x080066a2   0x0000009c   Code   RO         4824    x$fpl$dnaninf       fz_ws.l(dnaninf.o)
    0x0800673e   0x0800673e   0x0000000c   Code   RO         4826    x$fpl$dretinf       fz_ws.l(dretinf.o)
    0x0800674a   0x0800674a   0x00000002   PAD
    0x0800674c   0x0800674c   0x000001d4   Code   RO         4710    x$fpl$dsub          fz_ws.l(daddsub_clz.o)
    0x08006920   0x08006920   0x00000056   Code   RO         4720    x$fpl$f2d           fz_ws.l(f2d.o)
    0x08006976   0x08006976   0x00000002   PAD
    0x08006978   0x08006978   0x000000c4   Code   RO         4722    x$fpl$fadd          fz_ws.l(faddsub_clz.o)
    0x08006a3c   0x08006a3c   0x0000000c   Code   RO         4828    x$fpl$fcheck1       fz_ws.l(fcheck1.o)
    0x08006a48   0x08006a48   0x00000018   Code   RO         4830    x$fpl$fcmpinf       fz_ws.l(fcmpi.o)
    0x08006a60   0x08006a60   0x00000184   Code   RO         4729    x$fpl$fdiv          fz_ws.l(fdiv.o)
    0x08006be4   0x08006be4   0x00000036   Code   RO         4732    x$fpl$ffix          fz_ws.l(ffix.o)
    0x08006c1a   0x08006c1a   0x00000002   PAD
    0x08006c1c   0x08006c1c   0x0000003e   Code   RO         4736    x$fpl$ffixu         fz_ws.l(ffixu.o)
    0x08006c5a   0x08006c5a   0x00000002   PAD
    0x08006c5c   0x08006c5c   0x00000030   Code   RO         4741    x$fpl$fflt          fz_ws.l(fflt_clz.o)
    0x08006c8c   0x08006c8c   0x00000026   Code   RO         4740    x$fpl$ffltu         fz_ws.l(fflt_clz.o)
    0x08006cb2   0x08006cb2   0x00000002   PAD
    0x08006cb4   0x08006cb4   0x00000068   Code   RO         4746    x$fpl$fleqf         fz_ws.l(fleqf.o)
    0x08006d1c   0x08006d1c   0x00000102   Code   RO         4748    x$fpl$fmul          fz_ws.l(fmul.o)
    0x08006e1e   0x08006e1e   0x0000008c   Code   RO         4832    x$fpl$fnaninf       fz_ws.l(fnaninf.o)
    0x08006eaa   0x08006eaa   0x0000000a   Code   RO         4834    x$fpl$fretinf       fz_ws.l(fretinf.o)
    0x08006eb4   0x08006eb4   0x00000062   Code   RO         4750    x$fpl$frleqf        fz_ws.l(frleqf.o)
    0x08006f16   0x08006f16   0x00000014   Code   RO         4723    x$fpl$frsb          fz_ws.l(faddsub_clz.o)
    0x08006f2a   0x08006f2a   0x00000002   PAD
    0x08006f2c   0x08006f2c   0x000000ea   Code   RO         4724    x$fpl$fsub          fz_ws.l(faddsub_clz.o)
    0x08007016   0x08007016   0x00000004   Code   RO         4836    x$fpl$printf1       fz_ws.l(printf1.o)
    0x0800701a   0x0800701a   0x00000004   Code   RO         4838    x$fpl$printf2       fz_ws.l(printf2.o)
    0x0800701e   0x0800701e   0x00000064   Code   RO         4873    x$fpl$retnan        fz_ws.l(retnan.o)
    0x08007082   0x08007082   0x0000004c   Code   RO         4752    x$fpl$scalbnf       fz_ws.l(scalbnf.o)
    0x080070ce   0x080070ce   0x00000030   Code   RO         4924    x$fpl$trapveneer    fz_ws.l(trapv.o)
    0x080070fe   0x080070fe   0x00000000   Code   RO         4844    x$fpl$usenofp       fz_ws.l(usenofp.o)
    0x080070fe   0x080070fe   0x00000228   Data   RO          256    .constdata          oledfont.o
    0x08007326   0x08007326   0x000005e0   Data   RO          257    .constdata          oledfont.o
    0x08007906   0x08007906   0x00000012   Data   RO         1788    .constdata          stm32f1xx_hal_rcc.o
    0x08007918   0x08007918   0x00000012   Data   RO         1880    .constdata          stm32f1xx_hal_rcc_ex.o
    0x0800792a   0x0800792a   0x00000010   Data   RO         4624    .constdata          system_stm32f1xx.o
    0x0800793a   0x0800793a   0x00000008   Data   RO         4625    .constdata          system_stm32f1xx.o
    0x08007942   0x08007942   0x00000011   Data   RO         4691    .constdata          c_w.l(__printf_flags_ss_wp.o)
    0x08007953   0x08007953   0x00000001   PAD
    0x08007954   0x08007954   0x00000008   Data   RO         4772    .constdata          c_w.l(_printf_wctomb.o)
    0x0800795c   0x0800795c   0x00000028   Data   RO         4801    .constdata          c_w.l(_printf_hex_int_ll_ptr.o)
    0x08007984   0x08007984   0x00000026   Data   RO         4865    .constdata          c_w.l(_printf_fp_hex.o)
    0x080079aa   0x080079aa   0x00000002   PAD
    0x080079ac   0x080079ac   0x00000094   Data   RO         4887    .constdata          c_w.l(bigflt0.o)
    0x08007a40   0x08007a40   0x0000035a   Data   RO          279    .conststring        wifi.o
    0x08007d9a   0x08007d9a   0x00000002   PAD
    0x08007d9c   0x08007d9c   0x00000020   Data   RO         5060    Region$$Table       anon$$obj.o
    0x08007dbc   0x08007dbc   0x0000001c   Data   RO         4911    locale$$data        c_w.l(lc_numeric_c.o)
    0x08007dd8   0x08007dd8   0x00000110   Data   RO         4933    locale$$data        c_w.l(lc_ctype_c.o)


    Execution Region RW_IRAM1 (Exec base: 0x20000000, Load base: 0x08007ee8, Size: 0x00000df8, Max: 0x00010000, ABSOLUTE)

    Exec Addr    Load Addr    Size         Type   Attr      Idx    E Section Name        Object

    0x20000000   0x08007ee8   0x00000017   Data   RW           33    .data               oled.o
    0x20000017   0x08007eff   0x00000001   PAD
    0x20000018   0x08007f00   0x00000010   Data   RW          452    .data               adc_2.o
    0x20000028   0x08007f10   0x00000004   Data   RW          591    .data               jdq.o
    0x2000002c   0x08007f14   0x00000004   PAD
    0x20000030   0x08007f18   0x00000080   Data   RW          695    .data               main.o
    0x200000b0   0x08007f98   0x0000000c   Data   RW         1625    .data               stm32f1xx_hal.o
    0x200000bc   0x08007fa4   0x00000004   Data   RW         4626    .data               system_stm32f1xx.o
    0x200000c0        -       0x00000200   Zero   RW          278    .bss                wifi.o
    0x200002c0        -       0x00000020   Zero   RW          341    .bss                tjc_usart_hmi.o
    0x200002e0        -       0x00000028   Zero   RW          451    .bss                adc_2.o
    0x20000308        -       0x000001f4   Zero   RW          693    .bss                main.o
    0x200004fc        -       0x00000074   Zero   RW          885    .bss                adc.o
    0x20000570        -       0x000000a8   Zero   RW          952    .bss                i2c.o
    0x20000618        -       0x00000014   Zero   RW          999    .bss                rtc.o
    0x2000062c        -       0x00000090   Zero   RW         1044    .bss                tim.o
    0x200006bc        -       0x000000d8   Zero   RW         1103    .bss                usart.o
    0x20000794        -       0x00000060   Zero   RW         4929    .bss                c_w.l(libspace.o)
    0x200007f4   0x08007fa8   0x00000004   PAD
    0x200007f8        -       0x00000200   Zero   RW            2    HEAP                startup_stm32f103xe.o
    0x200009f8        -       0x00000400   Zero   RW            1    STACK               startup_stm32f103xe.o


==============================================================================

Image component sizes


      Code (inc. data)   RO Data    RW Data    ZI Data      Debug   Object Name

       248         32          0          0        116       1771   adc.o
       168         26          0         16         40       1605   adc_2.o
       404         22          0          0          0       4579   dht11.o
        44          4          0          0          0        758   dma.o
       220         18          0          0          0       1023   gpio.o
       280         46          0          0        168       2278   i2c.o
       300         38          0          4          0       1433   jdq.o
       100          0          0          0          0       1958   kal_lb.o
      3012        352          0        128        500      14769   main.o
       770         20          0         23          0     533479   oled.o
         0          0       2056          0          0        650   oledfont.o
       184         22          0          0         20       1623   rtc.o
      1068         50          0          0          0       9233   sgp30.o
        64         26        304          0       1536        804   startup_stm32f103xe.o
       164         28          0         12          0       6517   stm32f1xx_hal.o
      1138         60          0          0          0       8594   stm32f1xx_hal_adc.o
       216          6          0          0          0       1438   stm32f1xx_hal_adc_ex.o
       234         24          0          0          0      29538   stm32f1xx_hal_cortex.o
      1236         52          0          0          0       5126   stm32f1xx_hal_dma.o
       524         42          0          0          0       3535   stm32f1xx_hal_gpio.o
      1414         32          0          0          0       9399   stm32f1xx_hal_i2c.o
        60          8          0          0          0        878   stm32f1xx_hal_msp.o
        12          4          0          0          0        515   stm32f1xx_hal_pwr.o
      1252         90         18          0          0       5564   stm32f1xx_hal_rcc.o
       420         30         18          0          0       2521   stm32f1xx_hal_rcc_ex.o
       910         12          0          0          0       9396   stm32f1xx_hal_rtc.o
        66          0          0          0          0       2105   stm32f1xx_hal_rtc_ex.o
      1130         64          0          0          0      11126   stm32f1xx_hal_tim.o
       128         20          0          0          0       2405   stm32f1xx_hal_tim_ex.o
      1328         10          0          0          0       9085   stm32f1xx_hal_uart.o
        92         36          0          0          0       6496   stm32f1xx_it.o
         2          0         24          4          0       1119   system_stm32f1xx.o
       336         26          0          0        144       2882   tim.o
        64         18          0          0         32       1214   tjc_usart_hmi.o
       516         54          0          0        216       3120   usart.o
       340        136        858          0        512       3994   wifi.o

    ----------------------------------------------------------------------
     18486       1408       3312        192       3284     702530   Object Totals
         0          0         32          0          0          0   (incl. Generated)
        42          0          2          5          0          0   (incl. Padding)

    ----------------------------------------------------------------------

      Code (inc. data)   RO Data    RW Data    ZI Data      Debug   Library Member Name

        56          6          0          0          0         88   __2snprintf.o
         8          0          0          0          0         68   __main.o
       392          4         17          0          0         92   __printf_flags_ss_wp.o
        14          0          0          0          0         68   __printf_wp.o
         0          0          0          0          0          0   __rtentry.o
        12          0          0          0          0          0   __rtentry2.o
         6          0          0          0          0          0   __rtentry4.o
        52          8          0          0          0          0   __scatter.o
        26          0          0          0          0          0   __scatter_copy.o
        28          0          0          0          0          0   __scatter_zi.o
         6          0          0          0          0          0   _printf_a.o
         6          0          0          0          0          0   _printf_c.o
        44          0          0          0          0        108   _printf_char.o
        48          6          0          0          0         96   _printf_char_common.o
        40          0          0          0          0         68   _printf_charcount.o
         6          0          0          0          0          0   _printf_d.o
       120         16          0          0          0         92   _printf_dec.o
         6          0          0          0          0          0   _printf_e.o
         6          0          0          0          0          0   _printf_f.o
      1054          0          0          0          0        216   _printf_fp_dec.o
       764          8         38          0          0        100   _printf_fp_hex.o
       128         16          0          0          0         84   _printf_fp_infnan.o
         6          0          0          0          0          0   _printf_g.o
       148          4         40          0          0        160   _printf_hex_int_ll_ptr.o
         6          0          0          0          0          0   _printf_i.o
       178          0          0          0          0         88   _printf_intcommon.o
        10          0          0          0          0          0   _printf_l.o
         6          0          0          0          0          0   _printf_lc.o
        10          0          0          0          0          0   _printf_ll.o
         6          0          0          0          0          0   _printf_lld.o
         6          0          0          0          0          0   _printf_lli.o
         6          0          0          0          0          0   _printf_llo.o
         6          0          0          0          0          0   _printf_llu.o
         6          0          0          0          0          0   _printf_llx.o
       124         16          0          0          0         92   _printf_longlong_dec.o
         6          0          0          0          0          0   _printf_ls.o
         6          0          0          0          0          0   _printf_n.o
         6          0          0          0          0          0   _printf_o.o
       112         10          0          0          0        124   _printf_oct_int_ll.o
         6          0          0          0          0          0   _printf_p.o
        78          0          0          0          0        108   _printf_pad.o
         0          0          0          0          0          0   _printf_percent.o
         4          0          0          0          0          0   _printf_percent_end.o
         6          0          0          0          0          0   _printf_s.o
        82          0          0          0          0         80   _printf_str.o
        36          0          0          0          0         84   _printf_truncate.o
         6          0          0          0          0          0   _printf_u.o
        44          0          0          0          0        108   _printf_wchar.o
       188          6          8          0          0         92   _printf_wctomb.o
         6          0          0          0          0          0   _printf_x.o
        16          0          0          0          0         68   _snputc.o
        10          0          0          0          0         68   _sputc.o
        64          0          0          0          0         92   _wcrtomb.o
       228          4        148          0          0         96   bigflt0.o
      1936        128          0          0          0        672   btod.o
        18          0          0          0          0         80   exit.o
         6          0          0          0          0        152   heapauxi.o
         0          0          0          0          0          0   indicate_semi.o
        44         10        272          0          0         76   lc_ctype_c.o
        44         10         28          0          0         76   lc_numeric_c.o
         2          0          0          0          0          0   libinit.o
        30          0          0          0          0          0   libinit2.o
         2          0          0          0          0          0   libshutdown.o
         2          0          0          0          0          0   libshutdown2.o
         8          4          0          0         96         68   libspace.o
       138          0          0          0          0         80   lludiv10.o
        16          4          0          0          0         76   rt_ctype_table.o
         8          4          0          0          0         68   rt_locale_intlibspace.o
        78          0          0          0          0         80   rt_memclr_w.o
         2          0          0          0          0          0   rtexit.o
        10          0          0          0          0          0   rtexit2.o
       128          0          0          0          0         68   strcmpv7m.o
        62          0          0          0          0         76   strlen.o
        36          0          0          0          0         80   strstr.o
        12          4          0          0          0         68   sys_exit.o
        74          0          0          0          0         80   sys_stackheap_outer.o
         2          0          0          0          0         68   use_no_semi.o
        52          4          0          0          0         80   vsnprintf.o
        98          4          0          0          0         92   d2f.o
       804         16          0          0          0        272   daddsub_clz.o
        38          0          0          0          0         68   dflt_clz.o
       156          4          0          0          0         92   dnaninf.o
        12          0          0          0          0         68   dretinf.o
        86          4          0          0          0         84   f2d.o
       450          8          0          0          0        236   faddsub_clz.o
        12          4          0          0          0         68   fcheck1.o
        24          0          0          0          0         68   fcmpi.o
       388         76          0          0          0         96   fdiv.o
        54          4          0          0          0         84   ffix.o
        62          4          0          0          0         84   ffixu.o
        86          0          0          0          0        136   fflt_clz.o
       104          4          0          0          0         84   fleqf.o
       258          4          0          0          0         84   fmul.o
       140          4          0          0          0         84   fnaninf.o
        10          0          0          0          0         68   fretinf.o
        98          0          0          0          0         68   frleqf.o
         4          0          0          0          0         68   printf1.o
         4          0          0          0          0         68   printf2.o
       100          0          0          0          0         68   retnan.o
        76          0          0          0          0         68   scalbnf.o
        48          0          0          0          0         68   trapv.o
         0          0          0          0          0          0   usenofp.o
        40          0          0          0          0         68   fpclassify.o

    ----------------------------------------------------------------------
     10136        408        554          0        100       6532   Library Totals
        30          0          3          0          4          0   (incl. Padding)

    ----------------------------------------------------------------------

      Code (inc. data)   RO Data    RW Data    ZI Data      Debug   Library Name

      6954        272        551          0         96       4288   c_w.l
      3112        136          0          0          0       2176   fz_ws.l
        40          0          0          0          0         68   m_ws.l

    ----------------------------------------------------------------------
     10136        408        554          0        100       6532   Library Totals

    ----------------------------------------------------------------------

==============================================================================


      Code (inc. data)   RO Data    RW Data    ZI Data      Debug   

     28622       1816       3866        192       3384     695798   Grand Totals
     28622       1816       3866        192       3384     695798   ELF Image Totals
     28622       1816       3866        192          0          0   ROM Totals

==============================================================================

    Total RO  Size (Code + RO Data)                32488 (  31.73kB)
    Total RW  Size (RW Data + ZI Data)              3576 (   3.49kB)
    Total ROM Size (Code + RO Data + RW Data)      32680 (  31.91kB)

==============================================================================

